Archive member included to satisfy reference by file (symbol)

../Middlewares/ST/STM32_InfraredPD_Library/Lib\InfraredPD_CM4F_wc32_ot_hard.a(infrared_pd.o)
                              ./MEMS/Target/infrared_pd_manager.o (InfraredPD_Initialize)
C:/ST/STM32CubeIDE_1.14.1/STM32CubeIDE/plugins/com.st.stm32cube.ide.mcu.externaltools.gnu-tools-for-stm32.11.3.rel1.win32_1.1.100.202309141235/tools/bin/../lib/gcc/arm-none-eabi/11.3.1/../../../../arm-none-eabi/lib/thumb/v7e-m+fp/hard\libc_nano.a(libc_a-exit.o)
                              C:/ST/STM32CubeIDE_1.14.1/STM32CubeIDE/plugins/com.st.stm32cube.ide.mcu.externaltools.gnu-tools-for-stm32.11.3.rel1.win32_1.1.100.202309141235/tools/bin/../lib/gcc/arm-none-eabi/11.3.1/../../../../arm-none-eabi/lib/thumb/v7e-m+fp/hard/crt0.o (exit)
C:/ST/STM32CubeIDE_1.14.1/STM32CubeIDE/plugins/com.st.stm32cube.ide.mcu.externaltools.gnu-tools-for-stm32.11.3.rel1.win32_1.1.100.202309141235/tools/bin/../lib/gcc/arm-none-eabi/11.3.1/../../../../arm-none-eabi/lib/thumb/v7e-m+fp/hard\libc_nano.a(libc_a-malloc.o)
                              ../Middlewares/ST/STM32_InfraredPD_Library/Lib\InfraredPD_CM4F_wc32_ot_hard.a(infrared_pd.o) (malloc)
C:/ST/STM32CubeIDE_1.14.1/STM32CubeIDE/plugins/com.st.stm32cube.ide.mcu.externaltools.gnu-tools-for-stm32.11.3.rel1.win32_1.1.100.202309141235/tools/bin/../lib/gcc/arm-none-eabi/11.3.1/../../../../arm-none-eabi/lib/thumb/v7e-m+fp/hard\libc_nano.a(libc_a-mallocr.o)
                              C:/ST/STM32CubeIDE_1.14.1/STM32CubeIDE/plugins/com.st.stm32cube.ide.mcu.externaltools.gnu-tools-for-stm32.11.3.rel1.win32_1.1.100.202309141235/tools/bin/../lib/gcc/arm-none-eabi/11.3.1/../../../../arm-none-eabi/lib/thumb/v7e-m+fp/hard\libc_nano.a(libc_a-malloc.o) (_malloc_r)
C:/ST/STM32CubeIDE_1.14.1/STM32CubeIDE/plugins/com.st.stm32cube.ide.mcu.externaltools.gnu-tools-for-stm32.11.3.rel1.win32_1.1.100.202309141235/tools/bin/../lib/gcc/arm-none-eabi/11.3.1/../../../../arm-none-eabi/lib/thumb/v7e-m+fp/hard\libc_nano.a(libc_a-mlock.o)
                              C:/ST/STM32CubeIDE_1.14.1/STM32CubeIDE/plugins/com.st.stm32cube.ide.mcu.externaltools.gnu-tools-for-stm32.11.3.rel1.win32_1.1.100.202309141235/tools/bin/../lib/gcc/arm-none-eabi/11.3.1/../../../../arm-none-eabi/lib/thumb/v7e-m+fp/hard\libc_nano.a(libc_a-mallocr.o) (__malloc_lock)
C:/ST/STM32CubeIDE_1.14.1/STM32CubeIDE/plugins/com.st.stm32cube.ide.mcu.externaltools.gnu-tools-for-stm32.11.3.rel1.win32_1.1.100.202309141235/tools/bin/../lib/gcc/arm-none-eabi/11.3.1/../../../../arm-none-eabi/lib/thumb/v7e-m+fp/hard\libc_nano.a(libc_a-findfp.o)
                              C:/ST/STM32CubeIDE_1.14.1/STM32CubeIDE/plugins/com.st.stm32cube.ide.mcu.externaltools.gnu-tools-for-stm32.11.3.rel1.win32_1.1.100.202309141235/tools/bin/../lib/gcc/arm-none-eabi/11.3.1/../../../../arm-none-eabi/lib/thumb/v7e-m+fp/hard\libc_nano.a(libc_a-exit.o) (__stdio_exit_handler)
C:/ST/STM32CubeIDE_1.14.1/STM32CubeIDE/plugins/com.st.stm32cube.ide.mcu.externaltools.gnu-tools-for-stm32.11.3.rel1.win32_1.1.100.202309141235/tools/bin/../lib/gcc/arm-none-eabi/11.3.1/../../../../arm-none-eabi/lib/thumb/v7e-m+fp/hard\libc_nano.a(libc_a-fwalk.o)
                              C:/ST/STM32CubeIDE_1.14.1/STM32CubeIDE/plugins/com.st.stm32cube.ide.mcu.externaltools.gnu-tools-for-stm32.11.3.rel1.win32_1.1.100.202309141235/tools/bin/../lib/gcc/arm-none-eabi/11.3.1/../../../../arm-none-eabi/lib/thumb/v7e-m+fp/hard\libc_nano.a(libc_a-findfp.o) (_fwalk_sglue)
C:/ST/STM32CubeIDE_1.14.1/STM32CubeIDE/plugins/com.st.stm32cube.ide.mcu.externaltools.gnu-tools-for-stm32.11.3.rel1.win32_1.1.100.202309141235/tools/bin/../lib/gcc/arm-none-eabi/11.3.1/../../../../arm-none-eabi/lib/thumb/v7e-m+fp/hard\libc_nano.a(libc_a-snprintf.o)
                              ./MEMS/Target/demo_serial.o (snprintf)
C:/ST/STM32CubeIDE_1.14.1/STM32CubeIDE/plugins/com.st.stm32cube.ide.mcu.externaltools.gnu-tools-for-stm32.11.3.rel1.win32_1.1.100.202309141235/tools/bin/../lib/gcc/arm-none-eabi/11.3.1/../../../../arm-none-eabi/lib/thumb/v7e-m+fp/hard\libc_nano.a(libc_a-stdio.o)
                              C:/ST/STM32CubeIDE_1.14.1/STM32CubeIDE/plugins/com.st.stm32cube.ide.mcu.externaltools.gnu-tools-for-stm32.11.3.rel1.win32_1.1.100.202309141235/tools/bin/../lib/gcc/arm-none-eabi/11.3.1/../../../../arm-none-eabi/lib/thumb/v7e-m+fp/hard\libc_nano.a(libc_a-findfp.o) (__sread)
C:/ST/STM32CubeIDE_1.14.1/STM32CubeIDE/plugins/com.st.stm32cube.ide.mcu.externaltools.gnu-tools-for-stm32.11.3.rel1.win32_1.1.100.202309141235/tools/bin/../lib/gcc/arm-none-eabi/11.3.1/../../../../arm-none-eabi/lib/thumb/v7e-m+fp/hard\libc_nano.a(libc_a-memset.o)
                              C:/ST/STM32CubeIDE_1.14.1/STM32CubeIDE/plugins/com.st.stm32cube.ide.mcu.externaltools.gnu-tools-for-stm32.11.3.rel1.win32_1.1.100.202309141235/tools/bin/../lib/gcc/arm-none-eabi/11.3.1/../../../../arm-none-eabi/lib/thumb/v7e-m+fp/hard/crt0.o (memset)
[...]
Memory Configuration

Name             Origin             Length             Attributes
RAM              0x0000000020000000 0x0000000000018000 xrw
FLASH            0x0000000008000000 0x0000000000080000 xr
*default*        0x0000000000000000 0xffffffffffffffff

Linker script and memory map

LOAD C:/ST/STM32CubeIDE_1.14.1/STM32CubeIDE/plugins/com.st.stm32cube.ide.mcu.externaltools.gnu-tools-for-stm32.11.3.rel1.win32_1.1.100.202309141235/tools/bin/../lib/gcc/arm-none-eabi/11.3.1/thumb/v7e-m+fp/hard/crti.o
LOAD C:/ST/STM32CubeIDE_1.14.1/STM32CubeIDE/plugins/com.st.stm32cube.ide.mcu.externaltools.gnu-tools-for-stm32.11.3.rel1.win32_1.1.100.202309141235/tools/bin/../lib/gcc/arm-none-eabi/11.3.1/thumb/v7e-m+fp/hard/crtbegin.o
LOAD C:/ST/STM32CubeIDE_1.14.1/STM32CubeIDE/plugins/com.st.stm32cube.ide.mcu.externaltools.gnu-tools-for-stm32.11.3.rel1.win32_1.1.100.202309141235/tools/bin/../lib/gcc/arm-none-eabi/11.3.1/../../../../arm-none-eabi/lib/thumb/v7e-m+fp/hard/crt0.o
LOAD ./Core/Src/main.o
LOAD ./Core/Src/stm32f4xx_hal_msp.o
LOAD ./Core/Src/stm32f4xx_it.o
LOAD ./Core/Src/stm32f4xx_nucleo_bus.o
LOAD ./Core/Src/syscalls.o
LOAD ./Core/Src/sysmem.o
LOAD ./Core/Src/system_stm32f4xx.o
LOAD ./Core/Startup/startup_stm32f401retx.o
LOAD ./Drivers/BSP/Components/sths34pf80/sths34pf80.o
LOAD ./Drivers/BSP/Components/sths34pf80/sths34pf80_reg.o
LOAD ./Drivers/BSP/STM32F4xx_Nucleo/stm32f4xx_nucleo.o
LOAD ./Drivers/STM32F4xx_HAL_Driver/Src/stm32f4xx_hal.o
LOAD ./Drivers/STM32F4xx_HAL_Driver/Src/stm32f4xx_hal_cortex.o
LOAD ./Drivers/STM32F4xx_HAL_Driver/Src/stm32f4xx_hal_crc.o
LOAD ./Drivers/STM32F4xx_HAL_Driver/Src/stm32f4xx_hal_dma.o
LOAD ./Drivers/STM32F4xx_HAL_Driver/Src/stm32f4xx_hal_dma_ex.o
LOAD ./Drivers/STM32F4xx_HAL_Driver/Src/stm32f4xx_hal_exti.o
LOAD ./Drivers/STM32F4xx_HAL_Driver/Src/stm32f4xx_hal_flash.o
LOAD ./Drivers/STM32F4xx_HAL_Driver/Src/stm32f4xx_hal_flash_ex.o
LOAD ./Drivers/STM32F4xx_HAL_Driver/Src/stm32f4xx_hal_flash_ramfunc.o
LOAD ./Drivers/STM32F4xx_HAL_Driver/Src/stm32f4xx_hal_gpio.o
LOAD ./Drivers/STM32F4xx_HAL_Driver/Src/stm32f4xx_hal_i2c.o
LOAD ./Drivers/STM32F4xx_HAL_Driver/Src/stm32f4xx_hal_i2c_ex.o
LOAD ./Drivers/STM32F4xx_HAL_Driver/Src/stm32f4xx_hal_pwr.o
LOAD ./Drivers/STM32F4xx_HAL_Driver/Src/stm32f4xx_hal_pwr_ex.o
LOAD ./Drivers/STM32F4xx_HAL_Driver/Src/stm32f4xx_hal_rcc.o
LOAD ./Drivers/STM32F4xx_HAL_Driver/Src/stm32f4xx_hal_rcc_ex.o
LOAD ./Drivers/STM32F4xx_HAL_Driver/Src/stm32f4xx_hal_rtc.o
LOAD ./Drivers/STM32F4xx_HAL_Driver/Src/stm32f4xx_hal_rtc_ex.o
LOAD ./Drivers/STM32F4xx_HAL_Driver/Src/stm32f4xx_hal_tim.o
LOAD ./Drivers/STM32F4xx_HAL_Driver/Src/stm32f4xx_hal_tim_ex.o
LOAD ./Drivers/STM32F4xx_HAL_Driver/Src/stm32f4xx_hal_uart.o
LOAD ./MEMS/App/app_mems.o
LOAD ./MEMS/Target/com.o
LOAD ./MEMS/Target/custom_env_sensors.o
LOAD ./MEMS/Target/custom_env_sensors_ex.o
LOAD ./MEMS/Target/custom_mems_control.o
LOAD ./MEMS/Target/custom_mems_control_ex.o
LOAD ./MEMS/Target/demo_serial.o
LOAD ./MEMS/Target/infrared_pd_manager.o
LOAD ./MEMS/Target/serial_protocol.o
LOAD ../Middlewares/ST/STM32_InfraredPD_Library/Lib\InfraredPD_CM4F_wc32_ot_hard.a
START GROUP
LOAD C:/ST/STM32CubeIDE_1.14.1/STM32CubeIDE/plugins/com.st.stm32cube.ide.mcu.externaltools.gnu-tools-for-stm32.11.3.rel1.win32_1.1.100.202309141235/tools/bin/../lib/gcc/arm-none-eabi/11.3.1/../../../../arm-none-eabi/lib/thumb/v7e-m+fp/hard\libc_nano.a
LOAD C:/ST/STM32CubeIDE_1.14.1/STM32CubeIDE/plugins/com.st.stm32cube.ide.mcu.externaltools.gnu-tools-for-stm32.11.3.rel1.win32_1.1.100.202309141235/tools/bin/../lib/gcc/arm-none-eabi/11.3.1/../../../../arm-none-eabi/lib/thumb/v7e-m+fp/hard\libm.a
END GROUP
START GROUP
LOAD C:/ST/STM32CubeIDE_1.14.1/STM32CubeIDE/plugins/com.st.stm32cube.ide.mcu.externaltools.gnu-tools-for-stm32.11.3.rel1.win32_1.1.100.202309141235/tools/bin/../lib/gcc/arm-none-eabi/11.3.1/thumb/v7e-m+fp/hard\libgcc.a
LOAD C:/ST/STM32CubeIDE_1.14.1/STM32CubeIDE/plugins/com.st.stm32cube.ide.mcu.externaltools.gnu-tools-for-stm32.11.3.rel1.win32_1.1.100.202309141235/tools/bin/../lib/gcc/arm-none-eabi/11.3.1/../../../../arm-none-eabi/lib/thumb/v7e-m+fp/hard\libc_nano.a
END GROUP
START GROUP
LOAD C:/ST/STM32CubeIDE_1.14.1/STM32CubeIDE/plugins/com.st.stm32cube.ide.mcu.externaltools.gnu-tools-for-stm32.11.3.rel1.win32_1.1.100.202309141235/tools/bin/../lib/gcc/arm-none-eabi/11.3.1/thumb/v7e-m+fp/hard\libgcc.a
LOAD C:/ST/STM32CubeIDE_1.14.1/STM32CubeIDE/plugins/com.st.stm32cube.ide.mcu.externaltools.gnu-tools-for-stm32.11.3.rel1.win32_1.1.100.202309141235/tools/bin/../lib/gcc/arm-none-eabi/11.3.1/../../../../arm-none-eabi/lib/thumb/v7e-m+fp/hard\libc_nano.a
LOAD C:/ST/STM32CubeIDE_1.14.1/STM32CubeIDE/plugins/com.st.stm32cube.ide.mcu.externaltools.gnu-tools-for-stm32.11.3.rel1.win32_1.1.100.202309141235/tools/bin/../lib/gcc/arm-none-eabi/11.3.1/../../../../arm-none-eabi/lib/thumb/v7e-m+fp/hard\libnosys.a
END GROUP
START GROUP
LOAD C:/ST/STM32CubeIDE_1.14.1/STM32CubeIDE/plugins/com.st.stm32cube.ide.mcu.externaltools.gnu-tools-for-stm32.11.3.rel1.win32_1.1.100.202309141235/tools/bin/../lib/gcc/arm-none-eabi/11.3.1/thumb/v7e-m+fp/hard\libgcc.a
LOAD C:/ST/STM32CubeIDE_1.14.1/STM32CubeIDE/plugins/com.st.stm32cube.ide.mcu.externaltools.gnu-tools-for-stm32.11.3.rel1.win32_1.1.100.202309141235/tools/bin/../lib/gcc/arm-none-eabi/11.3.1/../../../../arm-none-eabi/lib/thumb/v7e-m+fp/hard\libc_nano.a
LOAD C:/ST/STM32CubeIDE_1.14.1/STM32CubeIDE/plugins/com.st.stm32cube.ide.mcu.externaltools.gnu-tools-for-stm32.11.3.rel1.win32_1.1.100.202309141235/tools/bin/../lib/gcc/arm-none-eabi/11.3.1/../../../../arm-none-eabi/lib/thumb/v7e-m+fp/hard\libnosys.a
END GROUP
LOAD C:/ST/STM32CubeIDE_1.14.1/STM32CubeIDE/plugins/com.st.stm32cube.ide.mcu.externaltools.gnu-tools-for-stm32.11.3.rel1.win32_1.1.100.202309141235/tools/bin/../lib/gcc/arm-none-eabi/11.3.1/thumb/v7e-m+fp/hard/crtend.o
LOAD C:/ST/STM32CubeIDE_1.14.1/STM32CubeIDE/plugins/com.st.stm32cube.ide.mcu.externaltools.gnu-tools-for-stm32.11.3.rel1.win32_1.1.100.202309141235/tools/bin/../lib/gcc/arm-none-eabi/11.3.1/thumb/v7e-m+fp/hard/crtn.o
                0x0000000020018000                _estack = (ORIGIN (RAM) + LENGTH (RAM))
                0x0000000000000200                _Min_Heap_Size = 0x200
                0x0000000000000400                _Min_Stack_Size = 0x400

.isr_vector     0x0000000008000000      0x194
                0x0000000008000000                . = ALIGN (0x4)
 *(.isr_vector)
 .isr_vector    0x0000000008000000      0x194 ./Core/Startup/startup_stm32f401retx.o
                0x0000000008000000                g_pfnVectors
                0x0000000008000194                . = ALIGN (0x4)

.text           0x00000000080001a0     0xa180
                0x00000000080001a0                . = ALIGN (0x4)
 *(.text)
 .text          0x00000000080001a0       0x40 C:/ST/STM32CubeIDE_1.14.1/STM32CubeIDE/plugins/com.st.stm32cube.ide.mcu.externaltools.gnu-tools-for-stm32.11.3.rel1.win32_1.1.100.202309141235/tools/bin/../lib/gcc/arm-none-eabi/11.3.1/thumb/v7e-m+fp/hard/crtbegin.o
 .text          0x00000000080001e0       0xa0 C:/ST/STM32CubeIDE_1.14.1/STM32CubeIDE/plugins/com.st.stm32cube.ide.mcu.externaltools.gnu-tools-for-stm32.11.3.rel1.win32_1.1.100.202309141235/tools/bin/../lib/gcc/arm-none-eabi/11.3.1/../../../../arm-none-eabi/lib/thumb/v7e-m+fp/hard\libc_nano.a(libc_a-memchr.o)
                0x00000000080001e0                memchr
 .text          0x0000000008000280      0x254 C:/ST/STM32CubeIDE_1.14.1/STM32CubeIDE/plugins/com.st.stm32cube.ide.mcu.externaltools.gnu-tools-for-stm32.11.3.rel1.win32_1.1.100.202309141235/tools/bin/../lib/gcc/arm-none-eabi/11.3.1/thumb/v7e-m+fp/hard\libgcc.a(_arm_muldf3.o)
                0x0000000008000280                __muldf3
                0x0000000008000280                __aeabi_dmul
 .text          0x00000000080004d4      0x378 C:/ST/STM32CubeIDE_1.14.1/STM32CubeIDE/plugins/com.st.stm32cube.ide.mcu.externaltools.gnu-tools-for-stm32.11.3.rel1.win32_1.1.100.202309141235/tools/bin/../lib/gcc/arm-none-eabi/11.3.1/thumb/v7e-m+fp/hard\libgcc.a(_arm_addsubdf3.o)
                0x00000000080004d4                __aeabi_drsub
                0x00000000080004dc                __aeabi_dsub
                0x00000000080004dc                __subdf3
                0x00000000080004e0                __aeabi_dadd
                0x00000000080004e0                __adddf3
                0x0000000008000758                __floatunsidf
                0x0000000008000758                __aeabi_ui2d
                0x0000000008000778                __floatsidf
                0x0000000008000778                __aeabi_i2d
                0x000000000800079c                __aeabi_f2d
                0x000000000800079c                __extendsfdf2
                0x00000000080007e0                __floatundidf
                0x00000000080007e0                __aeabi_ul2d
                0x00000000080007f0                __floatdidf
                0x00000000080007f0                __aeabi_l2d
 .text          0x000000000800084c      0x110 C:/ST/STM32CubeIDE_1.14.1/STM32CubeIDE/plugins/com.st.stm32cube.ide.mcu.externaltools.gnu-tools-for-stm32.11.3.rel1.win32_1.1.100.202309141235/tools/bin/../lib/gcc/arm-none-eabi/11.3.1/thumb/v7e-m+fp/hard\libgcc.a(_arm_cmpdf2.o)
                0x000000000800084c                __gtdf2
                0x000000000800084c                __gedf2
                0x0000000008000854                __ltdf2
                0x0000000008000854                __ledf2
                0x000000000800085c                __nedf2
                0x000000000800085c                __eqdf2
                0x000000000800085c                __cmpdf2
                0x00000000080008d8                __aeabi_cdrcmple
                0x00000000080008e8                __aeabi_cdcmpeq
                0x00000000080008e8                __aeabi_cdcmple
                0x00000000080008f8                __aeabi_dcmpeq
                0x000000000800090c                __aeabi_dcmplt
                0x0000000008000920                __aeabi_dcmple
                0x0000000008000934                __aeabi_dcmpge
                0x0000000008000948                __aeabi_dcmpgt
 .text          0x000000000800095c       0x30 C:/ST/STM32CubeIDE_1.14.1/STM32CubeIDE/plugins/com.st.stm32cube.ide.mcu.externaltools.gnu-tools-for-stm32.11.3.rel1.win32_1.1.100.202309141235/tools/bin/../lib/gcc/arm-none-eabi/11.3.1/thumb/v7e-m+fp/hard\libgcc.a(_aeabi_uldivmod.o)
                0x000000000800095c                __aeabi_uldivmod
 .text          0x000000000800098c      0x2c8 C:/ST/STM32CubeIDE_1.14.1/STM32CubeIDE/plugins/com.st.stm32cube.ide.mcu.externaltools.gnu-tools-for-stm32.11.3.rel1.win32_1.1.100.202309141235/tools/bin/../lib/gcc/arm-none-eabi/11.3.1/thumb/v7e-m+fp/hard\libgcc.a(_udivmoddi4.o)
                0x000000000800098c                __udivmoddi4
 .text          0x0000000008000c54        0x4 C:/ST/STM32CubeIDE_1.14.1/STM32CubeIDE/plugins/com.st.stm32cube.ide.mcu.externaltools.gnu-tools-for-stm32.11.3.rel1.win32_1.1.100.202309141235/tools/bin/../lib/gcc/arm-none-eabi/11.3.1/thumb/v7e-m+fp/hard\libgcc.a(_dvmd_tls.o)
                0x0000000008000c54                __aeabi_idiv0
                0x0000000008000c54                __aeabi_ldiv0
 *(.text*)
 .text.main     0x0000000008000c58       0x30 ./Core/Src/main.o
                0x0000000008000c58                main
 .text.SystemClock_Config
                0x0000000008000c88       0xdc ./Core/Src/main.o
                0x0000000008000c88                SystemClock_Config
 .text.MX_CRC_Init
                0x0000000008000d64       0x28 ./Core/Src/main.o
 .text.MX_RTC_Init
                0x0000000008000d8c       0xb4 ./Core/Src/main.o
 .text.MX_TIM3_Init
                0x0000000008000e40       0x9c ./Core/Src/main.o
                0x0000000008000e40                MX_TIM3_Init
 .text.MX_DMA_Init
                0x0000000008000edc       0x40 ./Core/Src/main.o
 .text.MX_GPIO_Init
                0x0000000008000f1c       0xb4 ./Core/Src/main.o
 .text.Error_Handler
                0x0000000008000fd0        0xa ./Core/Src/main.o
                0x0000000008000fd0                Error_Handler
 *fill*         0x0000000008000fda        0x2 
 .text.HAL_MspInit
                0x0000000008000fdc       0x50 ./Core/Src/stm32f4xx_hal_msp.o
                0x0000000008000fdc                HAL_MspInit
 .text.HAL_CRC_MspInit
                0x000000000800102c       0x44 ./Core/Src/stm32f4xx_hal_msp.o
                0x000000000800102c                HAL_CRC_MspInit
 .text.HAL_RTC_MspInit
                0x0000000008001070       0x58 ./Core/Src/stm32f4xx_hal_msp.o
                0x0000000008001070                HAL_RTC_MspInit
 .text.HAL_TIM_Base_MspInit
                0x00000000080010c8       0x50 ./Core/Src/stm32f4xx_hal_msp.o
                0x00000000080010c8                HAL_TIM_Base_MspInit
 .text.NMI_Handler
                0x0000000008001118        0x6 ./Core/Src/stm32f4xx_it.o
                0x0000000008001118                NMI_Handler
 .text.HardFault_Handler
                0x000000000800111e        0x6 ./Core/Src/stm32f4xx_it.o
                0x000000000800111e                HardFault_Handler
 .text.MemManage_Handler
                0x0000000008001124        0x6 ./Core/Src/stm32f4xx_it.o
                0x0000000008001124                MemManage_Handler
 .text.BusFault_Handler
                0x000000000800112a        0x6 ./Core/Src/stm32f4xx_it.o
                0x000000000800112a                BusFault_Handler
 .text.UsageFault_Handler
                0x0000000008001130        0x6 ./Core/Src/stm32f4xx_it.o
                0x0000000008001130                UsageFault_Handler
 .text.SVC_Handler
                0x0000000008001136        0xe ./Core/Src/stm32f4xx_it.o
                0x0000000008001136                SVC_Handler
 .text.DebugMon_Handler
                0x0000000008001144        0xe ./Core/Src/stm32f4xx_it.o
                0x0000000008001144                DebugMon_Handler
 .text.PendSV_Handler
                0x0000000008001152        0xe ./Core/Src/stm32f4xx_it.o
                0x0000000008001152                PendSV_Handler
 .text.SysTick_Handler
                0x0000000008001160        0xc ./Core/Src/stm32f4xx_it.o
                0x0000000008001160                SysTick_Handler
 .text.DMA1_Stream5_IRQHandler
                0x000000000800116c       0x14 ./Core/Src/stm32f4xx_it.o
                0x000000000800116c                DMA1_Stream5_IRQHandler
 .text.TIM3_IRQHandler
                0x0000000008001180       0x14 ./Core/Src/stm32f4xx_it.o
                0x0000000008001180                TIM3_IRQHandler
 .text.BSP_I2C1_Init
                0x0000000008001194       0x64 ./Core/Src/stm32f4xx_nucleo_bus.o
                0x0000000008001194                BSP_I2C1_Init
 .text.BSP_I2C1_DeInit
                0x00000000080011f8       0x50 ./Core/Src/stm32f4xx_nucleo_bus.o
                0x00000000080011f8                BSP_I2C1_DeInit
 .text.BSP_I2C1_WriteReg
                0x0000000008001248       0x64 ./Core/Src/stm32f4xx_nucleo_bus.o
                0x0000000008001248                BSP_I2C1_WriteReg
 .text.BSP_I2C1_ReadReg
                0x00000000080012ac       0x64 ./Core/Src/stm32f4xx_nucleo_bus.o
                0x00000000080012ac                BSP_I2C1_ReadReg
 .text.BSP_GetTick
                0x0000000008001310        0xe ./Core/Src/stm32f4xx_nucleo_bus.o
                0x0000000008001310                BSP_GetTick
 *fill*         0x000000000800131e        0x2 
 .text.MX_I2C1_Init
                0x0000000008001320       0x68 ./Core/Src/stm32f4xx_nucleo_bus.o
                0x0000000008001320                MX_I2C1_Init
 .text.I2C1_MspInit
                0x0000000008001388       0x94 ./Core/Src/stm32f4xx_nucleo_bus.o
 .text.I2C1_MspDeInit
                0x000000000800141c       0x38 ./Core/Src/stm32f4xx_nucleo_bus.o
 .text._sbrk    0x0000000008001454       0x6c ./Core/Src/sysmem.o
                0x0000000008001454                _sbrk
 .text.SystemInit
                0x00000000080014c0       0x24 ./Core/Src/system_stm32f4xx.o
                0x00000000080014c0                SystemInit
 .text.Reset_Handler
                0x00000000080014e4       0x50 ./Core/Startup/startup_stm32f401retx.o
                0x00000000080014e4                Reset_Handler
 .text.Default_Handler
                0x0000000008001534        0x2 ./Core/Startup/startup_stm32f401retx.o
                0x0000000008001534                RTC_Alarm_IRQHandler
                0x0000000008001534                EXTI2_IRQHandler
                0x0000000008001534                SPI4_IRQHandler
                0x0000000008001534                TIM1_CC_IRQHandler
                0x0000000008001534                DMA2_Stream5_IRQHandler
                0x0000000008001534                PVD_IRQHandler
                0x0000000008001534                SDIO_IRQHandler
                0x0000000008001534                TAMP_STAMP_IRQHandler
                0x0000000008001534                EXTI3_IRQHandler
                0x0000000008001534                TIM1_UP_TIM10_IRQHandler
                0x0000000008001534                I2C3_ER_IRQHandler
                0x0000000008001534                EXTI0_IRQHandler
                0x0000000008001534                I2C2_EV_IRQHandler
                0x0000000008001534                DMA1_Stream2_IRQHandler
                0x0000000008001534                FPU_IRQHandler
                0x0000000008001534                DMA2_Stream2_IRQHandler
                0x0000000008001534                SPI1_IRQHandler
                0x0000000008001534                TIM1_BRK_TIM9_IRQHandler
                0x0000000008001534                DMA2_Stream3_IRQHandler
                0x0000000008001534                USART6_IRQHandler
                0x0000000008001534                DMA2_Stream0_IRQHandler
                0x0000000008001534                TIM4_IRQHandler
                0x0000000008001534                I2C1_EV_IRQHandler
                0x0000000008001534                DMA1_Stream6_IRQHandler
                0x0000000008001534                DMA1_Stream1_IRQHandler
                0x0000000008001534                RCC_IRQHandler
                0x0000000008001534                Default_Handler
                0x0000000008001534                EXTI15_10_IRQHandler
                0x0000000008001534                ADC_IRQHandler
                0x0000000008001534                DMA1_Stream7_IRQHandler
                0x0000000008001534                TIM5_IRQHandler
                0x0000000008001534                DMA2_Stream7_IRQHandler
                0x0000000008001534                I2C3_EV_IRQHandler
                0x0000000008001534                EXTI9_5_IRQHandler
                0x0000000008001534                RTC_WKUP_IRQHandler
                0x0000000008001534                SPI2_IRQHandler
                0x0000000008001534                DMA1_Stream0_IRQHandler
                0x0000000008001534                EXTI4_IRQHandler
                0x0000000008001534                WWDG_IRQHandler
                0x0000000008001534                TIM2_IRQHandler
                0x0000000008001534                OTG_FS_WKUP_IRQHandler
                0x0000000008001534                TIM1_TRG_COM_TIM11_IRQHandler
                0x0000000008001534                EXTI1_IRQHandler
                0x0000000008001534                USART2_IRQHandler
                0x0000000008001534                I2C2_ER_IRQHandler
                0x0000000008001534                DMA2_Stream1_IRQHandler
                0x0000000008001534                FLASH_IRQHandler
                0x0000000008001534                DMA2_Stream4_IRQHandler
                0x0000000008001534                USART1_IRQHandler
                0x0000000008001534                OTG_FS_IRQHandler
                0x0000000008001534                SPI3_IRQHandler
                0x0000000008001534                DMA1_Stream4_IRQHandler
                0x0000000008001534                I2C1_ER_IRQHandler
                0x0000000008001534                DMA2_Stream6_IRQHandler
                0x0000000008001534                DMA1_Stream3_IRQHandler
 *fill*         0x0000000008001536        0x2 
 .text.STHS34PF80_RegisterBusIO
                0x0000000008001538       0x94 ./Drivers/BSP/Components/sths34pf80/sths34pf80.o
                0x0000000008001538                STHS34PF80_RegisterBusIO
 .text.STHS34PF80_Init
                0x00000000080015cc       0x5c ./Drivers/BSP/Components/sths34pf80/sths34pf80.o
                0x00000000080015cc                STHS34PF80_Init
 .text.STHS34PF80_DeInit
                0x0000000008001628       0x36 ./Drivers/BSP/Components/sths34pf80/sths34pf80.o
                0x0000000008001628                STHS34PF80_DeInit
 .text.STHS34PF80_ReadID
                0x000000000800165e       0x36 ./Drivers/BSP/Components/sths34pf80/sths34pf80.o
                0x000000000800165e                STHS34PF80_ReadID
 .text.STHS34PF80_GetCapabilities
                0x0000000008001694       0x58 ./Drivers/BSP/Components/sths34pf80/sths34pf80.o
                0x0000000008001694                STHS34PF80_GetCapabilities
 .text.STHS34PF80_TEMP_Enable
                0x00000000080016ec       0x44 ./Drivers/BSP/Components/sths34pf80/sths34pf80.o
                0x00000000080016ec                STHS34PF80_TEMP_Enable
 .text.STHS34PF80_TEMP_Disable
                0x0000000008001730       0x58 ./Drivers/BSP/Components/sths34pf80/sths34pf80.o
                0x0000000008001730                STHS34PF80_TEMP_Disable
 .text.STHS34PF80_TEMP_GetOutputDataRate
                0x0000000008001788       0xcc ./Drivers/BSP/Components/sths34pf80/sths34pf80.o
                0x0000000008001788                STHS34PF80_TEMP_GetOutputDataRate
 .text.STHS34PF80_TEMP_SetOutputDataRate
                0x0000000008001854       0xce ./Drivers/BSP/Components/sths34pf80/sths34pf80.o
                0x0000000008001854                STHS34PF80_TEMP_SetOutputDataRate
 .text.STHS34PF80_TEMP_GetTemperature
                0x0000000008001922       0x28 ./Drivers/BSP/Components/sths34pf80/sths34pf80.o
                0x0000000008001922                STHS34PF80_TEMP_GetTemperature
 .text.STHS34PF80_GetObjectTemperatureRaw
                0x000000000800194a       0x2c ./Drivers/BSP/Components/sths34pf80/sths34pf80.o
                0x000000000800194a                STHS34PF80_GetObjectTemperatureRaw
 .text.STHS34PF80_GetAmbientTemperatureRaw
                0x0000000008001976       0x2c ./Drivers/BSP/Components/sths34pf80/sths34pf80.o
                0x0000000008001976                STHS34PF80_GetAmbientTemperatureRaw
 *fill*         0x00000000080019a2        0x2 
 .text.STHS34PF80_GetAmbientTemperature
                0x00000000080019a4       0x58 ./Drivers/BSP/Components/sths34pf80/sths34pf80.o
                0x00000000080019a4                STHS34PF80_GetAmbientTemperature
 .text.STHS34PF80_GetAvgTmos
                0x00000000080019fc       0xb4 ./Drivers/BSP/Components/sths34pf80/sths34pf80.o
                0x00000000080019fc                STHS34PF80_GetAvgTmos
 .text.STHS34PF80_SetAvgTmos
                0x0000000008001ab0       0x84 ./Drivers/BSP/Components/sths34pf80/sths34pf80.o
                0x0000000008001ab0                STHS34PF80_SetAvgTmos
 .text.STHS34PF80_GetAvgT
                0x0000000008001b34       0x7c ./Drivers/BSP/Components/sths34pf80/sths34pf80.o
                0x0000000008001b34                STHS34PF80_GetAvgT
 .text.STHS34PF80_GetGainFactor
                0x0000000008001bb0       0x58 ./Drivers/BSP/Components/sths34pf80/sths34pf80.o
                0x0000000008001bb0                STHS34PF80_GetGainFactor
 .text.STHS34PF80_GetSensitivity
                0x0000000008001c08       0x2c ./Drivers/BSP/Components/sths34pf80/sths34pf80.o
                0x0000000008001c08                STHS34PF80_GetSensitivity
 .text.ReadRegWrap
                0x0000000008001c34       0x36 ./Drivers/BSP/Components/sths34pf80/sths34pf80.o
 .text.WriteRegWrap
                0x0000000008001c6a       0x36 ./Drivers/BSP/Components/sths34pf80/sths34pf80.o
 .text.sths34pf80_read_reg
                0x0000000008001ca0       0x30 ./Drivers/BSP/Components/sths34pf80/sths34pf80_reg.o
                0x0000000008001ca0                sths34pf80_read_reg
 .text.sths34pf80_write_reg
                0x0000000008001cd0       0x30 ./Drivers/BSP/Components/sths34pf80/sths34pf80_reg.o
                0x0000000008001cd0                sths34pf80_write_reg
 .text.sths34pf80_device_id_get
                0x0000000008001d00       0x22 ./Drivers/BSP/Components/sths34pf80/sths34pf80_reg.o
                0x0000000008001d00                sths34pf80_device_id_get
 .text.sths34pf80_avg_tobject_num_set
                0x0000000008001d22       0x4c ./Drivers/BSP/Components/sths34pf80/sths34pf80_reg.o
                0x0000000008001d22                sths34pf80_avg_tobject_num_set
 *fill*         0x0000000008001d6e        0x2 
 .text.sths34pf80_avg_tobject_num_get
                0x0000000008001d70       0xa0 ./Drivers/BSP/Components/sths34pf80/sths34pf80_reg.o
                0x0000000008001d70                sths34pf80_avg_tobject_num_get
 .text.sths34pf80_avg_tambient_num_get
                0x0000000008001e10       0x70 ./Drivers/BSP/Components/sths34pf80/sths34pf80_reg.o
                0x0000000008001e10                sths34pf80_avg_tambient_num_get
 .text.sths34pf80_gain_mode_get
                0x0000000008001e80       0x4e ./Drivers/BSP/Components/sths34pf80/sths34pf80_reg.o
                0x0000000008001e80                sths34pf80_gain_mode_get
 .text.sths34pf80_tmos_sensitivity_get
                0x0000000008001ece       0x34 ./Drivers/BSP/Components/sths34pf80/sths34pf80_reg.o
                0x0000000008001ece                sths34pf80_tmos_sensitivity_get
 *fill*         0x0000000008001f02        0x2 
 .text.sths34pf80_tmos_odr_set
                0x0000000008001f04       0xf4 ./Drivers/BSP/Components/sths34pf80/sths34pf80_reg.o
                0x0000000008001f04                sths34pf80_tmos_odr_set
 .text.sths34pf80_tmos_odr_get
                0x0000000008001ff8       0xac ./Drivers/BSP/Components/sths34pf80/sths34pf80_reg.o
                0x0000000008001ff8                sths34pf80_tmos_odr_get
 .text.sths34pf80_block_data_update_set
                0x00000000080020a4       0x4c ./Drivers/BSP/Components/sths34pf80/sths34pf80_reg.o
                0x00000000080020a4                sths34pf80_block_data_update_set
 .text.sths34pf80_mem_bank_set
                0x00000000080020f0       0x4c ./Drivers/BSP/Components/sths34pf80/sths34pf80_reg.o
                0x00000000080020f0                sths34pf80_mem_bank_set
 .text.sths34pf80_tobject_raw_get
                0x000000000800213c       0x46 ./Drivers/BSP/Components/sths34pf80/sths34pf80_reg.o
                0x000000000800213c                sths34pf80_tobject_raw_get
 .text.sths34pf80_tambient_raw_get
                0x0000000008002182       0x46 ./Drivers/BSP/Components/sths34pf80/sths34pf80_reg.o
                0x0000000008002182                sths34pf80_tambient_raw_get
 .text.sths34pf80_func_cfg_write
                0x00000000080021c8      0x11e ./Drivers/BSP/Components/sths34pf80/sths34pf80_reg.o
                0x00000000080021c8                sths34pf80_func_cfg_write
 .text.sths34pf80_reset_algo
                0x00000000080022e6       0x26 ./Drivers/BSP/Components/sths34pf80/sths34pf80_reg.o
                0x00000000080022e6                sths34pf80_reset_algo
 .text.BSP_LED_Init
                0x000000000800230c       0x24 ./Drivers/BSP/STM32F4xx_Nucleo/stm32f4xx_nucleo.o
                0x000000000800230c                BSP_LED_Init
 .text.BSP_LED_On
                0x0000000008002330       0x2c ./Drivers/BSP/STM32F4xx_Nucleo/stm32f4xx_nucleo.o
                0x0000000008002330                BSP_LED_On
 .text.BSP_LED_Off
                0x000000000800235c       0x2c ./Drivers/BSP/STM32F4xx_Nucleo/stm32f4xx_nucleo.o
                0x000000000800235c                BSP_LED_Off
 .text.LED_USER_GPIO_Init
                0x0000000008002388       0x84 ./Drivers/BSP/STM32F4xx_Nucleo/stm32f4xx_nucleo.o
 .text.BSP_COM_Init
                0x000000000800240c       0x7c ./Drivers/BSP/STM32F4xx_Nucleo/stm32f4xx_nucleo.o
                0x000000000800240c                BSP_COM_Init
 .text.MX_USART2_UART_Init
                0x0000000008002488       0x5c ./Drivers/BSP/STM32F4xx_Nucleo/stm32f4xx_nucleo.o
                0x0000000008002488                MX_USART2_UART_Init
 .text.USART2_MspInit
                0x00000000080024e4       0xec ./Drivers/BSP/STM32F4xx_Nucleo/stm32f4xx_nucleo.o
 .text.HAL_Init
                0x00000000080025d0       0x44 ./Drivers/STM32F4xx_HAL_Driver/Src/stm32f4xx_hal.o
                0x00000000080025d0                HAL_Init
 .text.HAL_InitTick
                0x0000000008002614       0x60 ./Drivers/STM32F4xx_HAL_Driver/Src/stm32f4xx_hal.o
                0x0000000008002614                HAL_InitTick
 .text.HAL_IncTick
                0x0000000008002674       0x28 ./Drivers/STM32F4xx_HAL_Driver/Src/stm32f4xx_hal.o
                0x0000000008002674                HAL_IncTick
 .text.HAL_GetTick
                0x000000000800269c       0x18 ./Drivers/STM32F4xx_HAL_Driver/Src/stm32f4xx_hal.o
                0x000000000800269c                HAL_GetTick
 .text.HAL_Delay
                0x00000000080026b4       0x48 ./Drivers/STM32F4xx_HAL_Driver/Src/stm32f4xx_hal.o
                0x00000000080026b4                HAL_Delay
 .text.__NVIC_SetPriorityGrouping
                0x00000000080026fc       0x48 ./Drivers/STM32F4xx_HAL_Driver/Src/stm32f4xx_hal_cortex.o
 .text.__NVIC_GetPriorityGrouping
                0x0000000008002744       0x1c ./Drivers/STM32F4xx_HAL_Driver/Src/stm32f4xx_hal_cortex.o
 .text.__NVIC_EnableIRQ
                0x0000000008002760       0x3c ./Drivers/STM32F4xx_HAL_Driver/Src/stm32f4xx_hal_cortex.o
 .text.__NVIC_SetPriority
                0x000000000800279c       0x54 ./Drivers/STM32F4xx_HAL_Driver/Src/stm32f4xx_hal_cortex.o
 .text.NVIC_EncodePriority
                0x00000000080027f0       0x66 ./Drivers/STM32F4xx_HAL_Driver/Src/stm32f4xx_hal_cortex.o
 *fill*         0x0000000008002856        0x2 
 .text.SysTick_Config
                0x0000000008002858       0x44 ./Drivers/STM32F4xx_HAL_Driver/Src/stm32f4xx_hal_cortex.o
 .text.HAL_NVIC_SetPriorityGrouping
                0x000000000800289c       0x16 ./Drivers/STM32F4xx_HAL_Driver/Src/stm32f4xx_hal_cortex.o
                0x000000000800289c                HAL_NVIC_SetPriorityGrouping
 .text.HAL_NVIC_SetPriority
                0x00000000080028b2       0x38 ./Drivers/STM32F4xx_HAL_Driver/Src/stm32f4xx_hal_cortex.o
                0x00000000080028b2                HAL_NVIC_SetPriority
 .text.HAL_NVIC_EnableIRQ
                0x00000000080028ea       0x1c ./Drivers/STM32F4xx_HAL_Driver/Src/stm32f4xx_hal_cortex.o
                0x00000000080028ea                HAL_NVIC_EnableIRQ
 .text.HAL_SYSTICK_Config
                0x0000000008002906       0x18 ./Drivers/STM32F4xx_HAL_Driver/Src/stm32f4xx_hal_cortex.o
                0x0000000008002906                HAL_SYSTICK_Config
 .text.HAL_CRC_Init
                0x000000000800291e       0x38 ./Drivers/STM32F4xx_HAL_Driver/Src/stm32f4xx_hal_crc.o
                0x000000000800291e                HAL_CRC_Init
 *fill*         0x0000000008002956        0x2 
 .text.HAL_DMA_Init
                0x0000000008002958      0x15c ./Drivers/STM32F4xx_HAL_Driver/Src/stm32f4xx_hal_dma.o
                0x0000000008002958                HAL_DMA_Init
 .text.HAL_DMA_Start_IT
                0x0000000008002ab4       0xb0 ./Drivers/STM32F4xx_HAL_Driver/Src/stm32f4xx_hal_dma.o
                0x0000000008002ab4                HAL_DMA_Start_IT
 .text.HAL_DMA_IRQHandler
                0x0000000008002b64      0x314 ./Drivers/STM32F4xx_HAL_Driver/Src/stm32f4xx_hal_dma.o
                0x0000000008002b64                HAL_DMA_IRQHandler
 .text.DMA_SetConfig
                0x0000000008002e78       0x5c ./Drivers/STM32F4xx_HAL_Driver/Src/stm32f4xx_hal_dma.o
 .text.DMA_CalcBaseAndBitshift
                0x0000000008002ed4       0x6c ./Drivers/STM32F4xx_HAL_Driver/Src/stm32f4xx_hal_dma.o
 .text.DMA_CheckFifoParam
                0x0000000008002f40       0xf8 ./Drivers/STM32F4xx_HAL_Driver/Src/stm32f4xx_hal_dma.o
 .text.HAL_GPIO_Init
                0x0000000008003038      0x308 ./Drivers/STM32F4xx_HAL_Driver/Src/stm32f4xx_hal_gpio.o
                0x0000000008003038                HAL_GPIO_Init
 .text.HAL_GPIO_DeInit
                0x0000000008003340      0x1c8 ./Drivers/STM32F4xx_HAL_Driver/Src/stm32f4xx_hal_gpio.o
                0x0000000008003340                HAL_GPIO_DeInit
 .text.HAL_GPIO_WritePin
                0x0000000008003508       0x32 ./Drivers/STM32F4xx_HAL_Driver/Src/stm32f4xx_hal_gpio.o
                0x0000000008003508                HAL_GPIO_WritePin
 *fill*         0x000000000800353a        0x2 
 .text.HAL_I2C_Init
                0x000000000800353c      0x288 ./Drivers/STM32F4xx_HAL_Driver/Src/stm32f4xx_hal_i2c.o
                0x000000000800353c                HAL_I2C_Init
 .text.HAL_I2C_DeInit
                0x00000000080037c4       0x5e ./Drivers/STM32F4xx_HAL_Driver/Src/stm32f4xx_hal_i2c.o
                0x00000000080037c4                HAL_I2C_DeInit
 .text.HAL_I2C_MspInit
                0x0000000008003822       0x14 ./Drivers/STM32F4xx_HAL_Driver/Src/stm32f4xx_hal_i2c.o
                0x0000000008003822                HAL_I2C_MspInit
 .text.HAL_I2C_MspDeInit
                0x0000000008003836       0x14 ./Drivers/STM32F4xx_HAL_Driver/Src/stm32f4xx_hal_i2c.o
                0x0000000008003836                HAL_I2C_MspDeInit
 *fill*         0x000000000800384a        0x2 
 .text.HAL_I2C_Mem_Write
                0x000000000800384c      0x1f4 ./Drivers/STM32F4xx_HAL_Driver/Src/stm32f4xx_hal_i2c.o
                0x000000000800384c                HAL_I2C_Mem_Write
 .text.HAL_I2C_Mem_Read
                0x0000000008003a40      0x464 ./Drivers/STM32F4xx_HAL_Driver/Src/stm32f4xx_hal_i2c.o
                0x0000000008003a40                HAL_I2C_Mem_Read
 .text.HAL_I2C_GetState
                0x0000000008003ea4       0x1c ./Drivers/STM32F4xx_HAL_Driver/Src/stm32f4xx_hal_i2c.o
                0x0000000008003ea4                HAL_I2C_GetState
 .text.HAL_I2C_GetError
                0x0000000008003ec0       0x18 ./Drivers/STM32F4xx_HAL_Driver/Src/stm32f4xx_hal_i2c.o
                0x0000000008003ec0                HAL_I2C_GetError
 .text.I2C_RequestMemoryWrite
                0x0000000008003ed8      0x12c ./Drivers/STM32F4xx_HAL_Driver/Src/stm32f4xx_hal_i2c.o
 .text.I2C_RequestMemoryRead
                0x0000000008004004      0x1d0 ./Drivers/STM32F4xx_HAL_Driver/Src/stm32f4xx_hal_i2c.o
 .text.I2C_WaitOnFlagUntilTimeout
                0x00000000080041d4       0xf4 ./Drivers/STM32F4xx_HAL_Driver/Src/stm32f4xx_hal_i2c.o
 .text.I2C_WaitOnMasterAddressFlagUntilTimeout
                0x00000000080042c8      0x140 ./Drivers/STM32F4xx_HAL_Driver/Src/stm32f4xx_hal_i2c.o
 .text.I2C_WaitOnTXEFlagUntilTimeout
                0x0000000008004408       0x90 ./Drivers/STM32F4xx_HAL_Driver/Src/stm32f4xx_hal_i2c.o
 .text.I2C_WaitOnBTFFlagUntilTimeout
                0x0000000008004498       0x90 ./Drivers/STM32F4xx_HAL_Driver/Src/stm32f4xx_hal_i2c.o
 .text.I2C_WaitOnRXNEFlagUntilTimeout
                0x0000000008004528       0xba ./Drivers/STM32F4xx_HAL_Driver/Src/stm32f4xx_hal_i2c.o
 .text.I2C_IsAcknowledgeFailed
                0x00000000080045e2       0x5e ./Drivers/STM32F4xx_HAL_Driver/Src/stm32f4xx_hal_i2c.o
 .text.HAL_RCC_OscConfig
                0x0000000008004640      0x4f0 ./Drivers/STM32F4xx_HAL_Driver/Src/stm32f4xx_hal_rcc.o
                0x0000000008004640                HAL_RCC_OscConfig
 .text.HAL_RCC_ClockConfig
                0x0000000008004b30      0x1cc ./Drivers/STM32F4xx_HAL_Driver/Src/stm32f4xx_hal_rcc.o
                0x0000000008004b30                HAL_RCC_ClockConfig
 .text.HAL_RCC_GetSysClockFreq
                0x0000000008004cfc      0x20c ./Drivers/STM32F4xx_HAL_Driver/Src/stm32f4xx_hal_rcc.o
                0x0000000008004cfc                HAL_RCC_GetSysClockFreq
 .text.HAL_RCC_GetHCLKFreq
                0x0000000008004f08       0x18 ./Drivers/STM32F4xx_HAL_Driver/Src/stm32f4xx_hal_rcc.o
                0x0000000008004f08                HAL_RCC_GetHCLKFreq
 .text.HAL_RCC_GetPCLK1Freq
                0x0000000008004f20       0x28 ./Drivers/STM32F4xx_HAL_Driver/Src/stm32f4xx_hal_rcc.o
                0x0000000008004f20                HAL_RCC_GetPCLK1Freq
 .text.HAL_RCC_GetPCLK2Freq
                0x0000000008004f48       0x28 ./Drivers/STM32F4xx_HAL_Driver/Src/stm32f4xx_hal_rcc.o
                0x0000000008004f48                HAL_RCC_GetPCLK2Freq
 .text.HAL_RCCEx_PeriphCLKConfig
                0x0000000008004f70      0x1dc ./Drivers/STM32F4xx_HAL_Driver/Src/stm32f4xx_hal_rcc_ex.o
                0x0000000008004f70                HAL_RCCEx_PeriphCLKConfig
 .text.HAL_RTC_Init
                0x000000000800514c      0x106 ./Drivers/STM32F4xx_HAL_Driver/Src/stm32f4xx_hal_rtc.o
                0x000000000800514c                HAL_RTC_Init
 .text.HAL_RTC_SetTime
                0x0000000008005252      0x134 ./Drivers/STM32F4xx_HAL_Driver/Src/stm32f4xx_hal_rtc.o
                0x0000000008005252                HAL_RTC_SetTime
 .text.HAL_RTC_GetTime
                0x0000000008005386       0xbc ./Drivers/STM32F4xx_HAL_Driver/Src/stm32f4xx_hal_rtc.o
                0x0000000008005386                HAL_RTC_GetTime
 .text.HAL_RTC_SetDate
                0x0000000008005442      0x108 ./Drivers/STM32F4xx_HAL_Driver/Src/stm32f4xx_hal_rtc.o
                0x0000000008005442                HAL_RTC_SetDate
 .text.HAL_RTC_GetDate
                0x000000000800554a       0x9e ./Drivers/STM32F4xx_HAL_Driver/Src/stm32f4xx_hal_rtc.o
                0x000000000800554a                HAL_RTC_GetDate
 .text.HAL_RTC_WaitForSynchro
                0x00000000080055e8       0x4c ./Drivers/STM32F4xx_HAL_Driver/Src/stm32f4xx_hal_rtc.o
                0x00000000080055e8                HAL_RTC_WaitForSynchro
 .text.RTC_EnterInitMode
                0x0000000008005634       0x6e ./Drivers/STM32F4xx_HAL_Driver/Src/stm32f4xx_hal_rtc.o
                0x0000000008005634                RTC_EnterInitMode
 .text.RTC_ExitInitMode
                0x00000000080056a2       0x4a ./Drivers/STM32F4xx_HAL_Driver/Src/stm32f4xx_hal_rtc.o
                0x00000000080056a2                RTC_ExitInitMode
 .text.RTC_ByteToBcd2
                0x00000000080056ec       0x3c ./Drivers/STM32F4xx_HAL_Driver/Src/stm32f4xx_hal_rtc.o
                0x00000000080056ec                RTC_ByteToBcd2
 .text.RTC_Bcd2ToByte
                0x0000000008005728       0x3c ./Drivers/STM32F4xx_HAL_Driver/Src/stm32f4xx_hal_rtc.o
                0x0000000008005728                RTC_Bcd2ToByte
 .text.HAL_TIM_Base_Init
                0x0000000008005764       0x9e ./Drivers/STM32F4xx_HAL_Driver/Src/stm32f4xx_hal_tim.o
                0x0000000008005764                HAL_TIM_Base_Init
 *fill*         0x0000000008005802        0x2 
 .text.HAL_TIM_Base_Start_IT
                0x0000000008005804       0xc4 ./Drivers/STM32F4xx_HAL_Driver/Src/stm32f4xx_hal_tim.o
                0x0000000008005804                HAL_TIM_Base_Start_IT
 .text.HAL_TIM_Base_Stop_IT
                0x00000000080058c8       0x5e ./Drivers/STM32F4xx_HAL_Driver/Src/stm32f4xx_hal_tim.o
                0x00000000080058c8                HAL_TIM_Base_Stop_IT
 .text.HAL_TIM_IRQHandler
                0x0000000008005926      0x1e0 ./Drivers/STM32F4xx_HAL_Driver/Src/stm32f4xx_hal_tim.o
                0x0000000008005926                HAL_TIM_IRQHandler
 .text.HAL_TIM_ConfigClockSource
                0x0000000008005b06      0x18e ./Drivers/STM32F4xx_HAL_Driver/Src/stm32f4xx_hal_tim.o
                0x0000000008005b06                HAL_TIM_ConfigClockSource
 .text.HAL_TIM_OC_DelayElapsedCallback
                0x0000000008005c94       0x14 ./Drivers/STM32F4xx_HAL_Driver/Src/stm32f4xx_hal_tim.o
                0x0000000008005c94                HAL_TIM_OC_DelayElapsedCallback
 .text.HAL_TIM_IC_CaptureCallback
                0x0000000008005ca8       0x14 ./Drivers/STM32F4xx_HAL_Driver/Src/stm32f4xx_hal_tim.o
                0x0000000008005ca8                HAL_TIM_IC_CaptureCallback
 .text.HAL_TIM_PWM_PulseFinishedCallback
                0x0000000008005cbc       0x14 ./Drivers/STM32F4xx_HAL_Driver/Src/stm32f4xx_hal_tim.o
                0x0000000008005cbc                HAL_TIM_PWM_PulseFinishedCallback
 .text.HAL_TIM_TriggerCallback
                0x0000000008005cd0       0x14 ./Drivers/STM32F4xx_HAL_Driver/Src/stm32f4xx_hal_tim.o
                0x0000000008005cd0                HAL_TIM_TriggerCallback
 .text.TIM_Base_SetConfig
                0x0000000008005ce4      0x118 ./Drivers/STM32F4xx_HAL_Driver/Src/stm32f4xx_hal_tim.o
                0x0000000008005ce4                TIM_Base_SetConfig
 .text.TIM_TI1_ConfigInputStage
                0x0000000008005dfc       0x5e ./Drivers/STM32F4xx_HAL_Driver/Src/stm32f4xx_hal_tim.o
 .text.TIM_TI2_ConfigInputStage
                0x0000000008005e5a       0x60 ./Drivers/STM32F4xx_HAL_Driver/Src/stm32f4xx_hal_tim.o
 .text.TIM_ITRx_SetConfig
                0x0000000008005eba       0x36 ./Drivers/STM32F4xx_HAL_Driver/Src/stm32f4xx_hal_tim.o
 .text.TIM_ETR_SetConfig
                0x0000000008005ef0       0x40 ./Drivers/STM32F4xx_HAL_Driver/Src/stm32f4xx_hal_tim.o
                0x0000000008005ef0                TIM_ETR_SetConfig
 .text.HAL_TIMEx_MasterConfigSynchronization
                0x0000000008005f30       0xdc ./Drivers/STM32F4xx_HAL_Driver/Src/stm32f4xx_hal_tim_ex.o
                0x0000000008005f30                HAL_TIMEx_MasterConfigSynchronization
 .text.HAL_TIMEx_CommutCallback
                0x000000000800600c       0x14 ./Drivers/STM32F4xx_HAL_Driver/Src/stm32f4xx_hal_tim_ex.o
                0x000000000800600c                HAL_TIMEx_CommutCallback
 .text.HAL_TIMEx_BreakCallback
                0x0000000008006020       0x14 ./Drivers/STM32F4xx_HAL_Driver/Src/stm32f4xx_hal_tim_ex.o
                0x0000000008006020                HAL_TIMEx_BreakCallback
 .text.HAL_UART_Init
                0x0000000008006034       0xa0 ./Drivers/STM32F4xx_HAL_Driver/Src/stm32f4xx_hal_uart.o
                0x0000000008006034                HAL_UART_Init
 .text.HAL_UART_MspInit
                0x00000000080060d4       0x14 ./Drivers/STM32F4xx_HAL_Driver/Src/stm32f4xx_hal_uart.o
                0x00000000080060d4                HAL_UART_MspInit
 .text.HAL_UART_Transmit
                0x00000000080060e8      0x116 ./Drivers/STM32F4xx_HAL_Driver/Src/stm32f4xx_hal_uart.o
                0x00000000080060e8                HAL_UART_Transmit
 .text.HAL_UART_Receive_DMA
                0x00000000080061fe       0x4a ./Drivers/STM32F4xx_HAL_Driver/Src/stm32f4xx_hal_uart.o
                0x00000000080061fe                HAL_UART_Receive_DMA
 .text.HAL_UART_RxCpltCallback
                0x0000000008006248       0x14 ./Drivers/STM32F4xx_HAL_Driver/Src/stm32f4xx_hal_uart.o
                0x0000000008006248                HAL_UART_RxCpltCallback
 .text.HAL_UART_RxHalfCpltCallback
                0x000000000800625c       0x14 ./Drivers/STM32F4xx_HAL_Driver/Src/stm32f4xx_hal_uart.o
                0x000000000800625c                HAL_UART_RxHalfCpltCallback
 .text.HAL_UART_ErrorCallback
                0x0000000008006270       0x14 ./Drivers/STM32F4xx_HAL_Driver/Src/stm32f4xx_hal_uart.o
                0x0000000008006270                HAL_UART_ErrorCallback
 .text.HAL_UARTEx_RxEventCallback
                0x0000000008006284       0x18 ./Drivers/STM32F4xx_HAL_Driver/Src/stm32f4xx_hal_uart.o
                0x0000000008006284                HAL_UARTEx_RxEventCallback
 .text.UART_DMAReceiveCplt
                0x000000000800629c      0x12c ./Drivers/STM32F4xx_HAL_Driver/Src/stm32f4xx_hal_uart.o
 .text.UART_DMARxHalfCplt
                0x00000000080063c8       0x3c ./Drivers/STM32F4xx_HAL_Driver/Src/stm32f4xx_hal_uart.o
 .text.UART_DMAError
                0x0000000008006404       0x94 ./Drivers/STM32F4xx_HAL_Driver/Src/stm32f4xx_hal_uart.o
 .text.UART_WaitOnFlagUntilTimeout
                0x0000000008006498       0xb2 ./Drivers/STM32F4xx_HAL_Driver/Src/stm32f4xx_hal_uart.o
 *fill*         0x000000000800654a        0x2 
 .text.UART_Start_Receive_DMA
                0x000000000800654c      0x134 ./Drivers/STM32F4xx_HAL_Driver/Src/stm32f4xx_hal_uart.o
                0x000000000800654c                UART_Start_Receive_DMA
 .text.UART_EndTxTransfer
                0x0000000008006680       0x50 ./Drivers/STM32F4xx_HAL_Driver/Src/stm32f4xx_hal_uart.o
 .text.UART_EndRxTransfer
                0x00000000080066d0       0xc6 ./Drivers/STM32F4xx_HAL_Driver/Src/stm32f4xx_hal_uart.o
 *fill*         0x0000000008006796        0x2 
 .text.UART_SetConfig
                0x0000000008006798      0x4e8 ./Drivers/STM32F4xx_HAL_Driver/Src/stm32f4xx_hal_uart.o
 .text.MX_MEMS_Init
                0x0000000008006c80        0xc ./MEMS/App/app_mems.o
                0x0000000008006c80                MX_MEMS_Init
 .text.MX_MEMS_Process
                0x0000000008006c8c        0xc ./MEMS/App/app_mems.o
                0x0000000008006c8c                MX_MEMS_Process
 .text.HAL_TIM_PeriodElapsedCallback
                0x0000000008006c98       0x30 ./MEMS/App/app_mems.o
                0x0000000008006c98                HAL_TIM_PeriodElapsedCallback
 .text.MX_PresenceDetection_Init
                0x0000000008006cc8       0x84 ./MEMS/App/app_mems.o
 .text.MX_PresenceDetection_Process
                0x0000000008006d4c       0xd8 ./MEMS/App/app_mems.o
 .text.Init_Sensors
                0x0000000008006e24       0x2e ./MEMS/App/app_mems.o
 *fill*         0x0000000008006e52        0x2 
 .text.RTC_Handler
                0x0000000008006e54       0xe8 ./MEMS/App/app_mems.o
 .text.PD_Data_Handler
                0x0000000008006f3c       0xb0 ./MEMS/App/app_mems.o
 .text.Infrared_Sensor_Handler
                0x0000000008006fec       0x5c ./MEMS/App/app_mems.o
 .text.TIM_Config
                0x0000000008007048       0x68 ./MEMS/App/app_mems.o
 .text.DWT_Init
                0x00000000080070b0       0x30 ./MEMS/App/app_mems.o
 .text.DWT_Start
                0x00000000080070e0       0x24 ./MEMS/App/app_mems.o
 .text.DWT_Stop
                0x0000000008007104       0x50 ./MEMS/App/app_mems.o
 .text.UART_ReceivedMSG
                0x0000000008007154      0x16c ./MEMS/Target/com.o
                0x0000000008007154                UART_ReceivedMSG
 .text.UART_SendMsg
                0x00000000080072c0       0x38 ./MEMS/Target/com.o
                0x00000000080072c0                UART_SendMsg
 .text.UART_StartReceiveMsg
                0x00000000080072f8       0x30 ./MEMS/Target/com.o
                0x00000000080072f8                UART_StartReceiveMsg
 .text.Get_DMA_Flag_Status
                0x0000000008007328      0x3c4 ./MEMS/Target/com.o
 .text.Get_DMA_Counter
                0x00000000080076ec       0x1a ./MEMS/Target/com.o
 *fill*         0x0000000008007706        0x2 
 .text.CUSTOM_ENV_SENSOR_Init
                0x0000000008007708      0x11c ./MEMS/Target/custom_env_sensors.o
                0x0000000008007708                CUSTOM_ENV_SENSOR_Init
 .text.CUSTOM_ENV_SENSOR_Enable
                0x0000000008007824       0x80 ./MEMS/Target/custom_env_sensors.o
                0x0000000008007824                CUSTOM_ENV_SENSOR_Enable
 .text.CUSTOM_ENV_SENSOR_Disable
                0x00000000080078a4       0x80 ./MEMS/Target/custom_env_sensors.o
                0x00000000080078a4                CUSTOM_ENV_SENSOR_Disable
 .text.CUSTOM_ENV_SENSOR_SetOutputDataRate
                0x0000000008007924       0x88 ./MEMS/Target/custom_env_sensors.o
                0x0000000008007924                CUSTOM_ENV_SENSOR_SetOutputDataRate
 .text.STHS34PF80_0_Probe
                0x00000000080079ac      0x16c ./MEMS/Target/custom_env_sensors.o
 .text.CUSTOM_ENV_SENSOR_Get_TAmbRaw
                0x0000000008007b18       0x4c ./MEMS/Target/custom_env_sensors_ex.o
                0x0000000008007b18                CUSTOM_ENV_SENSOR_Get_TAmbRaw
 .text.CUSTOM_ENV_SENSOR_Get_TObjRaw
                0x0000000008007b64       0x4c ./MEMS/Target/custom_env_sensors_ex.o
                0x0000000008007b64                CUSTOM_ENV_SENSOR_Get_TObjRaw
 .text.CUSTOM_ENV_SENSOR_Get_AvgTmos
                0x0000000008007bb0       0x4c ./MEMS/Target/custom_env_sensors_ex.o
                0x0000000008007bb0                CUSTOM_ENV_SENSOR_Get_AvgTmos
 .text.CUSTOM_ENV_SENSOR_Set_AvgTmos
                0x0000000008007bfc       0x50 ./MEMS/Target/custom_env_sensors_ex.o
                0x0000000008007bfc                CUSTOM_ENV_SENSOR_Set_AvgTmos
 .text.CUSTOM_ENV_SENSOR_Get_AvgT
                0x0000000008007c4c       0x4c ./MEMS/Target/custom_env_sensors_ex.o
                0x0000000008007c4c                CUSTOM_ENV_SENSOR_Get_AvgT
 .text.CUSTOM_ENV_SENSOR_Get_GainFactor
                0x0000000008007c98       0x4c ./MEMS/Target/custom_env_sensors_ex.o
                0x0000000008007c98                CUSTOM_ENV_SENSOR_Get_GainFactor
 .text.CUSTOM_ENV_SENSOR_Get_Sensitivity
                0x0000000008007ce4       0x4c ./MEMS/Target/custom_env_sensors_ex.o
                0x0000000008007ce4                CUSTOM_ENV_SENSOR_Get_Sensitivity
 .text.BSP_SENSOR_ACC_Init
                0x0000000008007d30        0xe ./MEMS/Target/custom_mems_control.o
                0x0000000008007d30                BSP_SENSOR_ACC_Init
 .text.BSP_SENSOR_GYR_Init
                0x0000000008007d3e        0xe ./MEMS/Target/custom_mems_control.o
                0x0000000008007d3e                BSP_SENSOR_GYR_Init
 .text.BSP_SENSOR_MAG_Init
                0x0000000008007d4c        0xe ./MEMS/Target/custom_mems_control.o
                0x0000000008007d4c                BSP_SENSOR_MAG_Init
 .text.BSP_SENSOR_PRESS_Init
                0x0000000008007d5a        0xe ./MEMS/Target/custom_mems_control.o
                0x0000000008007d5a                BSP_SENSOR_PRESS_Init
 .text.BSP_SENSOR_TEMP_Init
                0x0000000008007d68       0x10 ./MEMS/Target/custom_mems_control.o
                0x0000000008007d68                BSP_SENSOR_TEMP_Init
 .text.BSP_SENSOR_HUM_Init
                0x0000000008007d78        0xe ./MEMS/Target/custom_mems_control.o
                0x0000000008007d78                BSP_SENSOR_HUM_Init
 .text.BSP_SENSOR_ACC_Enable
                0x0000000008007d86        0xe ./MEMS/Target/custom_mems_control.o
                0x0000000008007d86                BSP_SENSOR_ACC_Enable
 .text.BSP_SENSOR_GYR_Enable
                0x0000000008007d94        0xe ./MEMS/Target/custom_mems_control.o
                0x0000000008007d94                BSP_SENSOR_GYR_Enable
 .text.BSP_SENSOR_MAG_Enable
                0x0000000008007da2        0xe ./MEMS/Target/custom_mems_control.o
                0x0000000008007da2                BSP_SENSOR_MAG_Enable
 .text.BSP_SENSOR_PRESS_Enable
                0x0000000008007db0        0xe ./MEMS/Target/custom_mems_control.o
                0x0000000008007db0                BSP_SENSOR_PRESS_Enable
 .text.BSP_SENSOR_TEMP_Enable
                0x0000000008007dbe       0x10 ./MEMS/Target/custom_mems_control.o
                0x0000000008007dbe                BSP_SENSOR_TEMP_Enable
 .text.BSP_SENSOR_HUM_Enable
                0x0000000008007dce        0xe ./MEMS/Target/custom_mems_control.o
                0x0000000008007dce                BSP_SENSOR_HUM_Enable
 .text.BSP_SENSOR_ACC_Disable
                0x0000000008007ddc        0xe ./MEMS/Target/custom_mems_control.o
                0x0000000008007ddc                BSP_SENSOR_ACC_Disable
 .text.BSP_SENSOR_GYR_Disable
                0x0000000008007dea        0xe ./MEMS/Target/custom_mems_control.o
                0x0000000008007dea                BSP_SENSOR_GYR_Disable
 .text.BSP_SENSOR_MAG_Disable
                0x0000000008007df8        0xe ./MEMS/Target/custom_mems_control.o
                0x0000000008007df8                BSP_SENSOR_MAG_Disable
 .text.BSP_SENSOR_PRESS_Disable
                0x0000000008007e06        0xe ./MEMS/Target/custom_mems_control.o
                0x0000000008007e06                BSP_SENSOR_PRESS_Disable
 .text.BSP_SENSOR_TEMP_Disable
                0x0000000008007e14       0x10 ./MEMS/Target/custom_mems_control.o
                0x0000000008007e14                BSP_SENSOR_TEMP_Disable
 .text.BSP_SENSOR_HUM_Disable
                0x0000000008007e24        0xe ./MEMS/Target/custom_mems_control.o
                0x0000000008007e24                BSP_SENSOR_HUM_Disable
 .text.BSP_SENSOR_TEMP_SetOutputDataRate
                0x0000000008007e32       0x1e ./MEMS/Target/custom_mems_control.o
                0x0000000008007e32                BSP_SENSOR_TEMP_SetOutputDataRate
 .text.BSP_SENSOR_TEMP_GetTAmbRaw
                0x0000000008007e50       0x18 ./MEMS/Target/custom_mems_control_ex.o
                0x0000000008007e50                BSP_SENSOR_TEMP_GetTAmbRaw
 .text.BSP_SENSOR_TEMP_GetTObjRaw
                0x0000000008007e68       0x18 ./MEMS/Target/custom_mems_control_ex.o
                0x0000000008007e68                BSP_SENSOR_TEMP_GetTObjRaw
 .text.BSP_SENSOR_TEMP_GetAvgTmos
                0x0000000008007e80       0x18 ./MEMS/Target/custom_mems_control_ex.o
                0x0000000008007e80                BSP_SENSOR_TEMP_GetAvgTmos
 .text.BSP_SENSOR_TEMP_SetAvgTmos
                0x0000000008007e98       0x1c ./MEMS/Target/custom_mems_control_ex.o
                0x0000000008007e98                BSP_SENSOR_TEMP_SetAvgTmos
 .text.BSP_SENSOR_TEMP_GetAvgT
                0x0000000008007eb4       0x18 ./MEMS/Target/custom_mems_control_ex.o
                0x0000000008007eb4                BSP_SENSOR_TEMP_GetAvgT
 .text.BSP_SENSOR_TEMP_GetGainFactor
                0x0000000008007ecc       0x18 ./MEMS/Target/custom_mems_control_ex.o
                0x0000000008007ecc                BSP_SENSOR_TEMP_GetGainFactor
 .text.BSP_SENSOR_TEMP_GetSensitivity
                0x0000000008007ee4       0x18 ./MEMS/Target/custom_mems_control_ex.o
                0x0000000008007ee4                BSP_SENSOR_TEMP_GetSensitivity
 .text.BUILD_REPLY_HEADER
                0x0000000008007efc       0x2e ./MEMS/Target/demo_serial.o
                0x0000000008007efc                BUILD_REPLY_HEADER
 *fill*         0x0000000008007f2a        0x2 
 .text.INIT_STREAMING_HEADER
                0x0000000008007f2c       0x34 ./MEMS/Target/demo_serial.o
                0x0000000008007f2c                INIT_STREAMING_HEADER
 .text.HandleMSG
                0x0000000008007f60      0x6d8 ./MEMS/Target/demo_serial.o
                0x0000000008007f60                HandleMSG
 .text.RTC_DateRegulate
                0x0000000008008638       0x54 ./MEMS/Target/demo_serial.o
                0x0000000008008638                RTC_DateRegulate
 .text.RTC_TimeRegulate
                0x000000000800868c       0x54 ./MEMS/Target/demo_serial.o
                0x000000000800868c                RTC_TimeRegulate
 .text.Get_PresentationString
                0x00000000080086e0       0x80 ./MEMS/Target/demo_serial.o
                0x00000000080086e0                Get_PresentationString
 .text.InfraredPD_manager_init
                0x0000000008008760       0x78 ./MEMS/Target/infrared_pd_manager.o
                0x0000000008008760                InfraredPD_manager_init
 .text.InfraredPD_manager_run
                0x00000000080087d8       0x24 ./MEMS/Target/infrared_pd_manager.o
                0x00000000080087d8                InfraredPD_manager_run
 .text.InfraredPD_manager_get_version
                0x00000000080087fc       0x20 ./MEMS/Target/infrared_pd_manager.o
                0x00000000080087fc                InfraredPD_manager_get_version
 .text.ByteStuffCopyByte
                0x000000000800881c       0x56 ./MEMS/Target/serial_protocol.o
                0x000000000800881c                ByteStuffCopyByte
 .text.ByteStuffCopy
                0x0000000008008872       0x5c ./MEMS/Target/serial_protocol.o
                0x0000000008008872                ByteStuffCopy
 .text.ReverseByteStuffCopyByte2
                0x00000000080088ce       0x4e ./MEMS/Target/serial_protocol.o
                0x00000000080088ce                ReverseByteStuffCopyByte2
 .text.CHK_ComputeAndAdd
                0x000000000800891c       0x54 ./MEMS/Target/serial_protocol.o
                0x000000000800891c                CHK_ComputeAndAdd
 .text.CHK_CheckAndRemove
                0x0000000008008970       0x54 ./MEMS/Target/serial_protocol.o
                0x0000000008008970                CHK_CheckAndRemove
 .text.Deserialize
                0x00000000080089c4       0x4c ./MEMS/Target/serial_protocol.o
                0x00000000080089c4                Deserialize
 .text.Serialize_s32
                0x0000000008008a10       0x48 ./MEMS/Target/serial_protocol.o
                0x0000000008008a10                Serialize_s32
 .text.InfraredPD_Initialize
                0x0000000008008a58      0x138 ../Middlewares/ST/STM32_InfraredPD_Library/Lib\InfraredPD_CM4F_wc32_ot_hard.a(infrared_pd.o)
                0x0000000008008a58                InfraredPD_Initialize
 .text.InfraredPD_CreateInstance
                0x0000000008008b90       0x34 ../Middlewares/ST/STM32_InfraredPD_Library/Lib\InfraredPD_CM4F_wc32_ot_hard.a(infrared_pd.o)
                0x0000000008008b90                InfraredPD_CreateInstance
 .text.InfraredPD_Start
                0x0000000008008bc4      0x3e4 ../Middlewares/ST/STM32_InfraredPD_Library/Lib\InfraredPD_CM4F_wc32_ot_hard.a(infrared_pd.o)
                0x0000000008008bc4                InfraredPD_Start
 .text.InfraredPD_Update
                0x0000000008008fa8      0x690 ../Middlewares/ST/STM32_InfraredPD_Library/Lib\InfraredPD_CM4F_wc32_ot_hard.a(infrared_pd.o)
                0x0000000008008fa8                InfraredPD_Update
 .text.InfraredPD_GetLibVersion
                0x0000000008009638       0x54 ../Middlewares/ST/STM32_InfraredPD_Library/Lib\InfraredPD_CM4F_wc32_ot_hard.a(infrared_pd.o)
                0x0000000008009638                InfraredPD_GetLibVersion
 .text.malloc   0x000000000800968c       0x10 C:/ST/STM32CubeIDE_1.14.1/STM32CubeIDE/plugins/com.st.stm32cube.ide.mcu.externaltools.gnu-tools-for-stm32.11.3.rel1.win32_1.1.100.202309141235/tools/bin/../lib/gcc/arm-none-eabi/11.3.1/../../../../arm-none-eabi/lib/thumb/v7e-m+fp/hard\libc_nano.a(libc_a-malloc.o)
                0x000000000800968c                malloc
 .text.free     0x000000000800969c       0x10 C:/ST/STM32CubeIDE_1.14.1/STM32CubeIDE/plugins/com.st.stm32cube.ide.mcu.externaltools.gnu-tools-for-stm32.11.3.rel1.win32_1.1.100.202309141235/tools/bin/../lib/gcc/arm-none-eabi/11.3.1/../../../../arm-none-eabi/lib/thumb/v7e-m+fp/hard\libc_nano.a(libc_a-malloc.o)
                0x000000000800969c                free
 .text.sbrk_aligned
                0x00000000080096ac       0x40 C:/ST/STM32CubeIDE_1.14.1/STM32CubeIDE/plugins/com.st.stm32cube.ide.mcu.externaltools.gnu-tools-for-stm32.11.3.rel1.win32_1.1.100.202309141235/tools/bin/../lib/gcc/arm-none-eabi/11.3.1/../../../../arm-none-eabi/lib/thumb/v7e-m+fp/hard\libc_nano.a(libc_a-mallocr.o)
 .text._malloc_r
                0x00000000080096ec      0x100 C:/ST/STM32CubeIDE_1.14.1/STM32CubeIDE/plugins/com.st.stm32cube.ide.mcu.externaltools.gnu-tools-for-stm32.11.3.rel1.win32_1.1.100.202309141235/tools/bin/../lib/gcc/arm-none-eabi/11.3.1/../../../../arm-none-eabi/lib/thumb/v7e-m+fp/hard\libc_nano.a(libc_a-mallocr.o)
                0x00000000080096ec                _malloc_r
 .text.__malloc_lock
                0x00000000080097ec        0xc C:/ST/STM32CubeIDE_1.14.1/STM32CubeIDE/plugins/com.st.stm32cube.ide.mcu.externaltools.gnu-tools-for-stm32.11.3.rel1.win32_1.1.100.202309141235/tools/bin/../lib/gcc/arm-none-eabi/11.3.1/../../../../arm-none-eabi/lib/thumb/v7e-m+fp/hard\libc_nano.a(libc_a-mlock.o)
                0x00000000080097ec                __malloc_lock
 .text.__malloc_unlock
                0x00000000080097f8        0xc C:/ST/STM32CubeIDE_1.14.1/STM32CubeIDE/plugins/com.st.stm32cube.ide.mcu.externaltools.gnu-tools-for-stm32.11.3.rel1.win32_1.1.100.202309141235/tools/bin/../lib/gcc/arm-none-eabi/11.3.1/../../../../arm-none-eabi/lib/thumb/v7e-m+fp/hard\libc_nano.a(libc_a-mlock.o)
                0x00000000080097f8                __malloc_unlock
 .text.snprintf
                0x0000000008009804       0x68 C:/ST/STM32CubeIDE_1.14.1/STM32CubeIDE/plugins/com.st.stm32cube.ide.mcu.externaltools.gnu-tools-for-stm32.11.3.rel1.win32_1.1.100.202309141235/tools/bin/../lib/gcc/arm-none-eabi/11.3.1/../../../../arm-none-eabi/lib/thumb/v7e-m+fp/hard\libc_nano.a(libc_a-snprintf.o)
                0x0000000008009804                sniprintf
                0x0000000008009804                snprintf
 .text.memset   0x000000000800986c       0x10 C:/ST/STM32CubeIDE_1.14.1/STM32CubeIDE/plugins/com.st.stm32cube.ide.mcu.externaltools.gnu-tools-for-stm32.11.3.rel1.win32_1.1.100.202309141235/tools/bin/../lib/gcc/arm-none-eabi/11.3.1/../../../../arm-none-eabi/lib/thumb/v7e-m+fp/hard\libc_nano.a(libc_a-memset.o)
                0x000000000800986c                memset
 .text._sbrk_r  0x000000000800987c       0x20 C:/ST/STM32CubeIDE_1.14.1/STM32CubeIDE/plugins/com.st.stm32cube.ide.mcu.externaltools.gnu-tools-for-stm32.11.3.rel1.win32_1.1.100.202309141235/tools/bin/../lib/gcc/arm-none-eabi/11.3.1/../../../../arm-none-eabi/lib/thumb/v7e-m+fp/hard\libc_nano.a(libc_a-sbrkr.o)
                0x000000000800987c                _sbrk_r
 .text.__errno  0x000000000800989c        0xc C:/ST/STM32CubeIDE_1.14.1/STM32CubeIDE/plugins/com.st.stm32cube.ide.mcu.externaltools.gnu-tools-for-stm32.11.3.rel1.win32_1.1.100.202309141235/tools/bin/../lib/gcc/arm-none-eabi/11.3.1/../../../../arm-none-eabi/lib/thumb/v7e-m+fp/hard\libc_nano.a(libc_a-errno.o)
                0x000000000800989c                __errno
 .text.__libc_init_array
                0x00000000080098a8       0x48 C:/ST/STM32CubeIDE_1.14.1/STM32CubeIDE/plugins/com.st.stm32cube.ide.mcu.externaltools.gnu-tools-for-stm32.11.3.rel1.win32_1.1.100.202309141235/tools/bin/../lib/gcc/arm-none-eabi/11.3.1/../../../../arm-none-eabi/lib/thumb/v7e-m+fp/hard\libc_nano.a(libc_a-init.o)
                0x00000000080098a8                __libc_init_array
 .text.__retarget_lock_acquire_recursive
                0x00000000080098f0        0x2 C:/ST/STM32CubeIDE_1.14.1/STM32CubeIDE/plugins/com.st.stm32cube.ide.mcu.externaltools.gnu-tools-for-stm32.11.3.rel1.win32_1.1.100.202309141235/tools/bin/../lib/gcc/arm-none-eabi/11.3.1/../../../../arm-none-eabi/lib/thumb/v7e-m+fp/hard\libc_nano.a(libc_a-lock.o)
                0x00000000080098f0                __retarget_lock_acquire_recursive
 .text.__retarget_lock_release_recursive
                0x00000000080098f2        0x2 C:/ST/STM32CubeIDE_1.14.1/STM32CubeIDE/plugins/com.st.stm32cube.ide.mcu.externaltools.gnu-tools-for-stm32.11.3.rel1.win32_1.1.100.202309141235/tools/bin/../lib/gcc/arm-none-eabi/11.3.1/../../../../arm-none-eabi/lib/thumb/v7e-m+fp/hard\libc_nano.a(libc_a-lock.o)
                0x00000000080098f2                __retarget_lock_release_recursive
 .text._free_r  0x00000000080098f4       0x98 C:/ST/STM32CubeIDE_1.14.1/STM32CubeIDE/plugins/com.st.stm32cube.ide.mcu.externaltools.gnu-tools-for-stm32.11.3.rel1.win32_1.1.100.202309141235/tools/bin/../lib/gcc/arm-none-eabi/11.3.1/../../../../arm-none-eabi/lib/thumb/v7e-m+fp/hard\libc_nano.a(libc_a-freer.o)
                0x00000000080098f4                _free_r
 .text.__ssputs_r
                0x000000000800998c       0xb4 C:/ST/STM32CubeIDE_1.14.1/STM32CubeIDE/plugins/com.st.stm32cube.ide.mcu.externaltools.gnu-tools-for-stm32.11.3.rel1.win32_1.1.100.202309141235/tools/bin/../lib/gcc/arm-none-eabi/11.3.1/../../../../arm-none-eabi/lib/thumb/v7e-m+fp/hard\libc_nano.a(libc_a-nano-svfprintf.o)
                0x000000000800998c                __ssputs_r
 .text._svfprintf_r
                0x0000000008009a40      0x1fc C:/ST/STM32CubeIDE_1.14.1/STM32CubeIDE/plugins/com.st.stm32cube.ide.mcu.externaltools.gnu-tools-for-stm32.11.3.rel1.win32_1.1.100.202309141235/tools/bin/../lib/gcc/arm-none-eabi/11.3.1/../../../../arm-none-eabi/lib/thumb/v7e-m+fp/hard\libc_nano.a(libc_a-nano-svfprintf.o)
                0x0000000008009a40                _svfiprintf_r
                0x0000000008009a40                _svfprintf_r
 .text._printf_common
                0x0000000008009c3c       0xda C:/ST/STM32CubeIDE_1.14.1/STM32CubeIDE/plugins/com.st.stm32cube.ide.mcu.externaltools.gnu-tools-for-stm32.11.3.rel1.win32_1.1.100.202309141235/tools/bin/../lib/gcc/arm-none-eabi/11.3.1/../../../../arm-none-eabi/lib/thumb/v7e-m+fp/hard\libc_nano.a(libc_a-nano-vfprintf_i.o)
                0x0000000008009c3c                _printf_common
 *fill*         0x0000000008009d16        0x2 
 .text._printf_i
                0x0000000008009d18      0x244 C:/ST/STM32CubeIDE_1.14.1/STM32CubeIDE/plugins/com.st.stm32cube.ide.mcu.externaltools.gnu-tools-for-stm32.11.3.rel1.win32_1.1.100.202309141235/tools/bin/../lib/gcc/arm-none-eabi/11.3.1/../../../../arm-none-eabi/lib/thumb/v7e-m+fp/hard\libc_nano.a(libc_a-nano-vfprintf_i.o)
                0x0000000008009d18                _printf_i
 .text.memmove  0x0000000008009f5c       0x34 C:/ST/STM32CubeIDE_1.14.1/STM32CubeIDE/plugins/com.st.stm32cube.ide.mcu.externaltools.gnu-tools-for-stm32.11.3.rel1.win32_1.1.100.202309141235/tools/bin/../lib/gcc/arm-none-eabi/11.3.1/../../../../arm-none-eabi/lib/thumb/v7e-m+fp/hard\libc_nano.a(libc_a-memmove.o)
                0x0000000008009f5c                memmove
 .text.memcpy   0x0000000008009f90       0x1c C:/ST/STM32CubeIDE_1.14.1/STM32CubeIDE/plugins/com.st.stm32cube.ide.mcu.externaltools.gnu-tools-for-stm32.11.3.rel1.win32_1.1.100.202309141235/tools/bin/../lib/gcc/arm-none-eabi/11.3.1/../../../../arm-none-eabi/lib/thumb/v7e-m+fp/hard\libc_nano.a(libc_a-memcpy-stub.o)
                0x0000000008009f90                memcpy
 .text._realloc_r
                0x0000000008009fac       0x5e C:/ST/STM32CubeIDE_1.14.1/STM32CubeIDE/plugins/com.st.stm32cube.ide.mcu.externaltools.gnu-tools-for-stm32.11.3.rel1.win32_1.1.100.202309141235/tools/bin/../lib/gcc/arm-none-eabi/11.3.1/../../../../arm-none-eabi/lib/thumb/v7e-m+fp/hard\libc_nano.a(libc_a-reallocr.o)
                0x0000000008009fac                _realloc_r
 .text._malloc_usable_size_r
                0x000000000800a00a       0x10 C:/ST/STM32CubeIDE_1.14.1/STM32CubeIDE/plugins/com.st.stm32cube.ide.mcu.externaltools.gnu-tools-for-stm32.11.3.rel1.win32_1.1.100.202309141235/tools/bin/../lib/gcc/arm-none-eabi/11.3.1/../../../../arm-none-eabi/lib/thumb/v7e-m+fp/hard\libc_nano.a(libc_a-msizer.o)
                0x000000000800a00a                _malloc_usable_size_r
 *fill*         0x000000000800a01a        0x2 
 .text.expf     0x000000000800a01c       0x6c C:/ST/STM32CubeIDE_1.14.1/STM32CubeIDE/plugins/com.st.stm32cube.ide.mcu.externaltools.gnu-tools-for-stm32.11.3.rel1.win32_1.1.100.202309141235/tools/bin/../lib/gcc/arm-none-eabi/11.3.1/../../../../arm-none-eabi/lib/thumb/v7e-m+fp/hard\libm.a(libm_a-wf_exp.o)
                0x000000000800a01c                expf
 .text.finitef  0x000000000800a088       0x1a C:/ST/STM32CubeIDE_1.14.1/STM32CubeIDE/plugins/com.st.stm32cube.ide.mcu.externaltools.gnu-tools-for-stm32.11.3.rel1.win32_1.1.100.202309141235/tools/bin/../lib/gcc/arm-none-eabi/11.3.1/../../../../arm-none-eabi/lib/thumb/v7e-m+fp/hard\libm.a(libm_a-sf_finite.o)
                0x000000000800a088                finitef
 *fill*         0x000000000800a0a2        0x2 
 .text.ceilf    0x000000000800a0a4       0x84 C:/ST/STM32CubeIDE_1.14.1/STM32CubeIDE/plugins/com.st.stm32cube.ide.mcu.externaltools.gnu-tools-for-stm32.11.3.rel1.win32_1.1.100.202309141235/tools/bin/../lib/gcc/arm-none-eabi/11.3.1/../../../../arm-none-eabi/lib/thumb/v7e-m+fp/hard\libm.a(libm_a-sf_ceil.o)
                0x000000000800a0a4                ceilf
 .text.__ieee754_expf
                0x000000000800a128      0x19c C:/ST/STM32CubeIDE_1.14.1/STM32CubeIDE/plugins/com.st.stm32cube.ide.mcu.externaltools.gnu-tools-for-stm32.11.3.rel1.win32_1.1.100.202309141235/tools/bin/../lib/gcc/arm-none-eabi/11.3.1/../../../../arm-none-eabi/lib/thumb/v7e-m+fp/hard\libm.a(libm_a-ef_exp.o)
                0x000000000800a128                __ieee754_expf
 .text.with_errnof
                0x000000000800a2c4       0x16 C:/ST/STM32CubeIDE_1.14.1/STM32CubeIDE/plugins/com.st.stm32cube.ide.mcu.externaltools.gnu-tools-for-stm32.11.3.rel1.win32_1.1.100.202309141235/tools/bin/../lib/gcc/arm-none-eabi/11.3.1/../../../../arm-none-eabi/lib/thumb/v7e-m+fp/hard\libm.a(libm_a-math_errf.o)
 .text.xflowf   0x000000000800a2da       0x16 C:/ST/STM32CubeIDE_1.14.1/STM32CubeIDE/plugins/com.st.stm32cube.ide.mcu.externaltools.gnu-tools-for-stm32.11.3.rel1.win32_1.1.100.202309141235/tools/bin/../lib/gcc/arm-none-eabi/11.3.1/../../../../arm-none-eabi/lib/thumb/v7e-m+fp/hard\libm.a(libm_a-math_errf.o)
 .text.__math_uflowf
                0x000000000800a2f0        0xc C:/ST/STM32CubeIDE_1.14.1/STM32CubeIDE/plugins/com.st.stm32cube.ide.mcu.externaltools.gnu-tools-for-stm32.11.3.rel1.win32_1.1.100.202309141235/tools/bin/../lib/gcc/arm-none-eabi/11.3.1/../../../../arm-none-eabi/lib/thumb/v7e-m+fp/hard\libm.a(libm_a-math_errf.o)
                0x000000000800a2f0                __math_uflowf
 .text.__math_oflowf
                0x000000000800a2fc        0xc C:/ST/STM32CubeIDE_1.14.1/STM32CubeIDE/plugins/com.st.stm32cube.ide.mcu.externaltools.gnu-tools-for-stm32.11.3.rel1.win32_1.1.100.202309141235/tools/bin/../lib/gcc/arm-none-eabi/11.3.1/../../../../arm-none-eabi/lib/thumb/v7e-m+fp/hard\libm.a(libm_a-math_errf.o)
                0x000000000800a2fc                __math_oflowf
 *(.glue_7)
 .glue_7        0x000000000800a308        0x0 linker stubs
 *(.glue_7t)
 .glue_7t       0x000000000800a308        0x0 linker stubs
 *(.eh_frame)
 .eh_frame      0x000000000800a308        0x0 C:/ST/STM32CubeIDE_1.14.1/STM32CubeIDE/plugins/com.st.stm32cube.ide.mcu.externaltools.gnu-tools-for-stm32.11.3.rel1.win32_1.1.100.202309141235/tools/bin/../lib/gcc/arm-none-eabi/11.3.1/thumb/v7e-m+fp/hard/crtbegin.o
 *(.init)
 .init          0x000000000800a308        0x4 C:/ST/STM32CubeIDE_1.14.1/STM32CubeIDE/plugins/com.st.stm32cube.ide.mcu.externaltools.gnu-tools-for-stm32.11.3.rel1.win32_1.1.100.202309141235/tools/bin/../lib/gcc/arm-none-eabi/11.3.1/thumb/v7e-m+fp/hard/crti.o
                0x000000000800a308                _init
 .init          0x000000000800a30c        0x8 C:/ST/STM32CubeIDE_1.14.1/STM32CubeIDE/plugins/com.st.stm32cube.ide.mcu.externaltools.gnu-tools-for-stm32.11.3.rel1.win32_1.1.100.202309141235/tools/bin/../lib/gcc/arm-none-eabi/11.3.1/thumb/v7e-m+fp/hard/crtn.o
 *(.fini)
 .fini          0x000000000800a314        0x4 C:/ST/STM32CubeIDE_1.14.1/STM32CubeIDE/plugins/com.st.stm32cube.ide.mcu.externaltools.gnu-tools-for-stm32.11.3.rel1.win32_1.1.100.202309141235/tools/bin/../lib/gcc/arm-none-eabi/11.3.1/thumb/v7e-m+fp/hard/crti.o
                0x000000000800a314                _fini
 .fini          0x000000000800a318        0x8 C:/ST/STM32CubeIDE_1.14.1/STM32CubeIDE/plugins/com.st.stm32cube.ide.mcu.externaltools.gnu-tools-for-stm32.11.3.rel1.win32_1.1.100.202309141235/tools/bin/../lib/gcc/arm-none-eabi/11.3.1/thumb/v7e-m+fp/hard/crtn.o
                0x000000000800a320                . = ALIGN (0x4)
                0x000000000800a320                _etext = .

.vfp11_veneer   0x000000000800a320        0x0
 .vfp11_veneer  0x000000000800a320        0x0 linker stubs

.v4_bx          0x000000000800a320        0x0
 .v4_bx         0x000000000800a320        0x0 linker stubs

.iplt           0x000000000800a320        0x0
 .iplt          0x000000000800a320        0x0 C:/ST/STM32CubeIDE_1.14.1/STM32CubeIDE/plugins/com.st.stm32cube.ide.mcu.externaltools.gnu-tools-for-stm32.11.3.rel1.win32_1.1.100.202309141235/tools/bin/../lib/gcc/arm-none-eabi/11.3.1/thumb/v7e-m+fp/hard/crtbegin.o

.rodata         0x000000000800a320       0xc4
                0x000000000800a320                . = ALIGN (0x4)
 *(.rodata)
 .rodata        0x000000000800a320       0x25 ./MEMS/Target/demo_serial.o
 *fill*         0x000000000800a345        0x3 
 .rodata        0x000000000800a348       0x2b ../Middlewares/ST/STM32_InfraredPD_Library/Lib\InfraredPD_CM4F_wc32_ot_hard.a(infrared_pd.o)
 *(.rodata*)
 *fill*         0x000000000800a373        0x1 
 .rodata.AHBPrescTable
                0x000000000800a374       0x10 ./Core/Src/system_stm32f4xx.o
                0x000000000800a374                AHBPrescTable
 .rodata.APBPrescTable
                0x000000000800a384        0x8 ./Core/Src/system_stm32f4xx.o
                0x000000000800a384                APBPrescTable
 .rodata.LedGpioInit.0
                0x000000000800a38c        0x4 ./Drivers/BSP/STM32F4xx_Nucleo/stm32f4xx_nucleo.o
 .rodata.flagBitshiftOffset.0
                0x000000000800a390        0x8 ./Drivers/STM32F4xx_HAL_Driver/Src/stm32f4xx_hal_dma.o
 .rodata._svfprintf_r.str1.1
                0x000000000800a398       0x11 C:/ST/STM32CubeIDE_1.14.1/STM32CubeIDE/plugins/com.st.stm32cube.ide.mcu.externaltools.gnu-tools-for-stm32.11.3.rel1.win32_1.1.100.202309141235/tools/bin/../lib/gcc/arm-none-eabi/11.3.1/../../../../arm-none-eabi/lib/thumb/v7e-m+fp/hard\libc_nano.a(libc_a-nano-svfprintf.o)
 .rodata._printf_i.str1.1
                0x000000000800a3a9       0x22 C:/ST/STM32CubeIDE_1.14.1/STM32CubeIDE/plugins/com.st.stm32cube.ide.mcu.externaltools.gnu-tools-for-stm32.11.3.rel1.win32_1.1.100.202309141235/tools/bin/../lib/gcc/arm-none-eabi/11.3.1/../../../../arm-none-eabi/lib/thumb/v7e-m+fp/hard\libc_nano.a(libc_a-nano-vfprintf_i.o)
 *fill*         0x000000000800a3cb        0x1 
 .rodata.halF   0x000000000800a3cc        0x8 C:/ST/STM32CubeIDE_1.14.1/STM32CubeIDE/plugins/com.st.stm32cube.ide.mcu.externaltools.gnu-tools-for-stm32.11.3.rel1.win32_1.1.100.202309141235/tools/bin/../lib/gcc/arm-none-eabi/11.3.1/../../../../arm-none-eabi/lib/thumb/v7e-m+fp/hard\libm.a(libm_a-ef_exp.o)
 .rodata.ln2HI  0x000000000800a3d4        0x8 C:/ST/STM32CubeIDE_1.14.1/STM32CubeIDE/plugins/com.st.stm32cube.ide.mcu.externaltools.gnu-tools-for-stm32.11.3.rel1.win32_1.1.100.202309141235/tools/bin/../lib/gcc/arm-none-eabi/11.3.1/../../../../arm-none-eabi/lib/thumb/v7e-m+fp/hard\libm.a(libm_a-ef_exp.o)
 .rodata.ln2LO  0x000000000800a3dc        0x8 C:/ST/STM32CubeIDE_1.14.1/STM32CubeIDE/plugins/com.st.stm32cube.ide.mcu.externaltools.gnu-tools-for-stm32.11.3.rel1.win32_1.1.100.202309141235/tools/bin/../lib/gcc/arm-none-eabi/11.3.1/../../../../arm-none-eabi/lib/thumb/v7e-m+fp/hard\libm.a(libm_a-ef_exp.o)
                0x000000000800a3e4                . = ALIGN (0x4)

.ARM.extab      0x000000000800a3e4        0x0
                0x000000000800a3e4                . = ALIGN (0x4)
 *(.ARM.extab* .gnu.linkonce.armextab.*)
                0x000000000800a3e4                . = ALIGN (0x4)

.ARM            0x000000000800a3e4        0x8
                0x000000000800a3e4                . = ALIGN (0x4)
                0x000000000800a3e4                __exidx_start = .
 *(.ARM.exidx*)
 .ARM.exidx     0x000000000800a3e4        0x8 C:/ST/STM32CubeIDE_1.14.1/STM32CubeIDE/plugins/com.st.stm32cube.ide.mcu.externaltools.gnu-tools-for-stm32.11.3.rel1.win32_1.1.100.202309141235/tools/bin/../lib/gcc/arm-none-eabi/11.3.1/thumb/v7e-m+fp/hard\libgcc.a(_udivmoddi4.o)
                0x000000000800a3ec                __exidx_end = .
                0x000000000800a3ec                . = ALIGN (0x4)

.rel.dyn        0x000000000800a3ec        0x0
 .rel.iplt      0x000000000800a3ec        0x0 C:/ST/STM32CubeIDE_1.14.1/STM32CubeIDE/plugins/com.st.stm32cube.ide.mcu.externaltools.gnu-tools-for-stm32.11.3.rel1.win32_1.1.100.202309141235/tools/bin/../lib/gcc/arm-none-eabi/11.3.1/thumb/v7e-m+fp/hard/crtbegin.o

.preinit_array  0x000000000800a3ec        0x0
                0x000000000800a3ec                . = ALIGN (0x4)
                0x000000000800a3ec                PROVIDE (__preinit_array_start = .)
 *(.preinit_array*)
                0x000000000800a3ec                PROVIDE (__preinit_array_end = .)
                0x000000000800a3ec                . = ALIGN (0x4)

.init_array     0x000000000800a3ec        0x4
                0x000000000800a3ec                . = ALIGN (0x4)
                0x000000000800a3ec                PROVIDE (__init_array_start = .)
 *(SORT_BY_NAME(.init_array.*))
 *(.init_array*)
 .init_array    0x000000000800a3ec        0x4 C:/ST/STM32CubeIDE_1.14.1/STM32CubeIDE/plugins/com.st.stm32cube.ide.mcu.externaltools.gnu-tools-for-stm32.11.3.rel1.win32_1.1.100.202309141235/tools/bin/../lib/gcc/arm-none-eabi/11.3.1/thumb/v7e-m+fp/hard/crtbegin.o
                0x000000000800a3f0                PROVIDE (__init_array_end = .)
                0x000000000800a3f0                . = ALIGN (0x4)

.fini_array     0x000000000800a3f0        0x4
                0x000000000800a3f0                . = ALIGN (0x4)
                [!provide]                        PROVIDE (__fini_array_start = .)
 *(SORT_BY_NAME(.fini_array.*))
 *(.fini_array*)
 .fini_array    0x000000000800a3f0        0x4 C:/ST/STM32CubeIDE_1.14.1/STM32CubeIDE/plugins/com.st.stm32cube.ide.mcu.externaltools.gnu-tools-for-stm32.11.3.rel1.win32_1.1.100.202309141235/tools/bin/../lib/gcc/arm-none-eabi/11.3.1/thumb/v7e-m+fp/hard/crtbegin.o
                [!provide]                        PROVIDE (__fini_array_end = .)
                0x000000000800a3f4                . = ALIGN (0x4)
                0x000000000800a3f4                _sidata = LOADADDR (.data)

.data           0x0000000020000000       0xd0 load address 0x000000000800a3f4
                0x0000000020000000                . = ALIGN (0x4)
                0x0000000020000000                _sdata = .
 *(.data)
 *(.data*)
 .data.SystemCoreClock
                0x0000000020000000        0x4 ./Core/Src/system_stm32f4xx.o
                0x0000000020000000                SystemCoreClock
 .data.STHS34PF80_COMMON_Driver
                0x0000000020000004       0x10 ./Drivers/BSP/Components/sths34pf80/sths34pf80.o
                0x0000000020000004                STHS34PF80_COMMON_Driver
 .data.STHS34PF80_TEMP_Driver
                0x0000000020000014       0x14 ./Drivers/BSP/Components/sths34pf80/sths34pf80.o
                0x0000000020000014                STHS34PF80_TEMP_Driver
 .data.LED_PORT
                0x0000000020000028        0x4 ./Drivers/BSP/STM32F4xx_Nucleo/stm32f4xx_nucleo.o
 .data.COM_USART
                0x000000002000002c        0x4 ./Drivers/BSP/STM32F4xx_Nucleo/stm32f4xx_nucleo.o
                0x000000002000002c                COM_USART
 .data.uwTickPrio
                0x0000000020000030        0x4 ./Drivers/STM32F4xx_HAL_Driver/Src/stm32f4xx_hal.o
                0x0000000020000030                uwTickPrio
 .data.uwTickFreq
                0x0000000020000034        0x1 ./Drivers/STM32F4xx_HAL_Driver/Src/stm32f4xx_hal.o
                0x0000000020000034                uwTickFreq
 *fill*         0x0000000020000035        0x3 
 .data.AlgoFreq
                0x0000000020000038        0x4 ./MEMS/App/app_mems.o
                0x0000000020000038                AlgoFreq
 .data.FunctionIndex
                0x000000002000003c       0x40 ./MEMS/Target/custom_env_sensors.o
 .data.DataStreamingDest
                0x000000002000007c        0x1 ./MEMS/Target/demo_serial.o
 *fill*         0x000000002000007d        0x3 
 .data._impure_data
                0x0000000020000080       0x4c C:/ST/STM32CubeIDE_1.14.1/STM32CubeIDE/plugins/com.st.stm32cube.ide.mcu.externaltools.gnu-tools-for-stm32.11.3.rel1.win32_1.1.100.202309141235/tools/bin/../lib/gcc/arm-none-eabi/11.3.1/../../../../arm-none-eabi/lib/thumb/v7e-m+fp/hard\libc_nano.a(libc_a-impure.o)
                0x0000000020000080                _impure_data
 .data._impure_ptr
                0x00000000200000cc        0x4 C:/ST/STM32CubeIDE_1.14.1/STM32CubeIDE/plugins/com.st.stm32cube.ide.mcu.externaltools.gnu-tools-for-stm32.11.3.rel1.win32_1.1.100.202309141235/tools/bin/../lib/gcc/arm-none-eabi/11.3.1/../../../../arm-none-eabi/lib/thumb/v7e-m+fp/hard\libc_nano.a(libc_a-impure.o)
                0x00000000200000cc                _impure_ptr
 *(.RamFunc)
 *(.RamFunc*)
                0x00000000200000d0                . = ALIGN (0x4)
                0x00000000200000d0                _edata = .

.igot.plt       0x00000000200000d0        0x0 load address 0x000000000800a4c4
 .igot.plt      0x00000000200000d0        0x0 C:/ST/STM32CubeIDE_1.14.1/STM32CubeIDE/plugins/com.st.stm32cube.ide.mcu.externaltools.gnu-tools-for-stm32.11.3.rel1.win32_1.1.100.202309141235/tools/bin/../lib/gcc/arm-none-eabi/11.3.1/thumb/v7e-m+fp/hard/crtbegin.o
                0x00000000200000d0                . = ALIGN (0x4)

.bss            0x00000000200000d0      0xb48 load address 0x000000000800a4c4
                0x00000000200000d0                _sbss = .
                0x00000000200000d0                __bss_start__ = _sbss
 *(.bss)
 .bss           0x00000000200000d0       0x1c C:/ST/STM32CubeIDE_1.14.1/STM32CubeIDE/plugins/com.st.stm32cube.ide.mcu.externaltools.gnu-tools-for-stm32.11.3.rel1.win32_1.1.100.202309141235/tools/bin/../lib/gcc/arm-none-eabi/11.3.1/thumb/v7e-m+fp/hard/crtbegin.o
 .bss           0x00000000200000ec        0x1 ../Middlewares/ST/STM32_InfraredPD_Library/Lib\InfraredPD_CM4F_wc32_ot_hard.a(infrared_pd.o)
 *(.bss*)
 *fill*         0x00000000200000ed        0x3 
 .bss.hcrc      0x00000000200000f0        0x8 ./Core/Src/main.o
                0x00000000200000f0                hcrc
 .bss.hrtc      0x00000000200000f8       0x20 ./Core/Src/main.o
                0x00000000200000f8                hrtc
 .bss.htim3     0x0000000020000118       0x48 ./Core/Src/main.o
                0x0000000020000118                htim3
 .bss.personFoundFlag
                0x0000000020000160        0x4 ./Core/Src/main.o
                0x0000000020000160                personFoundFlag
 .bss.hi2c1     0x0000000020000164       0x54 ./Core/Src/stm32f4xx_nucleo_bus.o
                0x0000000020000164                hi2c1
 .bss.I2C1InitCounter
                0x00000000200001b8        0x4 ./Core/Src/stm32f4xx_nucleo_bus.o
 .bss.__sbrk_heap_end
                0x00000000200001bc        0x4 ./Core/Src/sysmem.o
 .bss.hcom_uart
                0x00000000200001c0       0x48 ./Drivers/BSP/STM32F4xx_Nucleo/stm32f4xx_nucleo.o
                0x00000000200001c0                hcom_uart
 .bss.hdma_usart2_rx
                0x0000000020000208       0x60 ./Drivers/BSP/STM32F4xx_Nucleo/stm32f4xx_nucleo.o
                0x0000000020000208                hdma_usart2_rx
 .bss.uwTick    0x0000000020000268        0x4 ./Drivers/STM32F4xx_HAL_Driver/Src/stm32f4xx_hal.o
                0x0000000020000268                uwTick
 .bss.DataLoggerActive
                0x000000002000026c        0x1 ./MEMS/App/app_mems.o
                0x000000002000026c                DataLoggerActive
 *fill*         0x000000002000026d        0x3 
 .bss.SensorsEnabled
                0x0000000020000270        0x4 ./MEMS/App/app_mems.o
                0x0000000020000270                SensorsEnabled
 .bss.LibVersion
                0x0000000020000274       0x23 ./MEMS/App/app_mems.o
                0x0000000020000274                LibVersion
 *fill*         0x0000000020000297        0x1 
 .bss.LibVersionLen
                0x0000000020000298        0x4 ./MEMS/App/app_mems.o
                0x0000000020000298                LibVersionLen
 .bss.SensorReadRequest
                0x000000002000029c        0x1 ./MEMS/App/app_mems.o
                0x000000002000029c                SensorReadRequest
 .bss.UseOfflineData
                0x000000002000029d        0x1 ./MEMS/App/app_mems.o
                0x000000002000029d                UseOfflineData
 *fill*         0x000000002000029e        0x2 
 .bss.OfflineData
                0x00000000200002a0      0x1a0 ./MEMS/App/app_mems.o
                0x00000000200002a0                OfflineData
 .bss.OfflineDataReadIndex
                0x0000000020000440        0x4 ./MEMS/App/app_mems.o
                0x0000000020000440                OfflineDataReadIndex
 .bss.OfflineDataWriteIndex
                0x0000000020000444        0x4 ./MEMS/App/app_mems.o
                0x0000000020000444                OfflineDataWriteIndex
 .bss.OfflineDataCount
                0x0000000020000448        0x4 ./MEMS/App/app_mems.o
                0x0000000020000448                OfflineDataCount
 .bss.Odr       0x000000002000044c        0x1 ./MEMS/App/app_mems.o
                0x000000002000044c                Odr
 *fill*         0x000000002000044d        0x1 
 .bss.AvgTmos   0x000000002000044e        0x2 ./MEMS/App/app_mems.o
                0x000000002000044e                AvgTmos
 .bss.AvgT      0x0000000020000450        0x1 ./MEMS/App/app_mems.o
                0x0000000020000450                AvgT
 .bss.GainFactor
                0x0000000020000451        0x1 ./MEMS/App/app_mems.o
                0x0000000020000451                GainFactor
 .bss.Sensitivity
                0x0000000020000452        0x2 ./MEMS/App/app_mems.o
                0x0000000020000452                Sensitivity
 .bss.DiscardSamples
                0x0000000020000454        0x1 ./MEMS/App/app_mems.o
                0x0000000020000454                DiscardSamples
 *fill*         0x0000000020000455        0x1 
 .bss.TAmbRaw   0x0000000020000456        0x2 ./MEMS/App/app_mems.o
 .bss.TObjRaw   0x0000000020000458        0x2 ./MEMS/App/app_mems.o
 *fill*         0x000000002000045a        0x2 
 .bss.msg_cmd.2
                0x000000002000045c      0x104 ./MEMS/App/app_mems.o
 .bss.msg_dat.1
                0x0000000020000560      0x104 ./MEMS/App/app_mems.o
 .bss.data_out.0
                0x0000000020000664        0x6 ./MEMS/App/app_mems.o
 *fill*         0x000000002000066a        0x2 
 .bss.UartRxBuffer
                0x000000002000066c      0x200 ./MEMS/Target/com.o
                0x000000002000066c                UartRxBuffer
 .bss.UartEngine
                0x000000002000086c        0x8 ./MEMS/Target/com.o
                0x000000002000086c                UartEngine
 .bss.UartTxBuffer
                0x0000000020000874      0x200 ./MEMS/Target/com.o
 .bss.EnvCompObj
                0x0000000020000a74        0x4 ./MEMS/Target/custom_env_sensors.o
                0x0000000020000a74                EnvCompObj
 .bss.EnvFuncDrv
                0x0000000020000a78       0x10 ./MEMS/Target/custom_env_sensors.o
 .bss.EnvDrv    0x0000000020000a88        0x4 ./MEMS/Target/custom_env_sensors.o
 .bss.EnvCtx    0x0000000020000a8c        0x4 ./MEMS/Target/custom_env_sensors.o
 .bss.sths34pf80_obj_0.0
                0x0000000020000a90       0x38 ./MEMS/Target/custom_env_sensors.o
 .bss.sensors_enabled_prev.0
                0x0000000020000ac8        0x4 ./MEMS/Target/demo_serial.o
 .bss.IPD_Instance
                0x0000000020000acc        0x4 ./MEMS/Target/infrared_pd_manager.o
 .bss.__malloc_free_list
                0x0000000020000ad0        0x4 C:/ST/STM32CubeIDE_1.14.1/STM32CubeIDE/plugins/com.st.stm32cube.ide.mcu.externaltools.gnu-tools-for-stm32.11.3.rel1.win32_1.1.100.202309141235/tools/bin/../lib/gcc/arm-none-eabi/11.3.1/../../../../arm-none-eabi/lib/thumb/v7e-m+fp/hard\libc_nano.a(libc_a-mallocr.o)
                0x0000000020000ad0                __malloc_free_list
 .bss.__malloc_sbrk_start
                0x0000000020000ad4        0x4 C:/ST/STM32CubeIDE_1.14.1/STM32CubeIDE/plugins/com.st.stm32cube.ide.mcu.externaltools.gnu-tools-for-stm32.11.3.rel1.win32_1.1.100.202309141235/tools/bin/../lib/gcc/arm-none-eabi/11.3.1/../../../../arm-none-eabi/lib/thumb/v7e-m+fp/hard\libc_nano.a(libc_a-mallocr.o)
                0x0000000020000ad4                __malloc_sbrk_start
 .bss.__sf      0x0000000020000ad8      0x138 C:/ST/STM32CubeIDE_1.14.1/STM32CubeIDE/plugins/com.st.stm32cube.ide.mcu.externaltools.gnu-tools-for-stm32.11.3.rel1.win32_1.1.100.202309141235/tools/bin/../lib/gcc/arm-none-eabi/11.3.1/../../../../arm-none-eabi/lib/thumb/v7e-m+fp/hard\libc_nano.a(libc_a-findfp.o)
                0x0000000020000ad8                __sf
 .bss.errno     0x0000000020000c10        0x4 C:/ST/STM32CubeIDE_1.14.1/STM32CubeIDE/plugins/com.st.stm32cube.ide.mcu.externaltools.gnu-tools-for-stm32.11.3.rel1.win32_1.1.100.202309141235/tools/bin/../lib/gcc/arm-none-eabi/11.3.1/../../../../arm-none-eabi/lib/thumb/v7e-m+fp/hard\libc_nano.a(libc_a-reent.o)
                0x0000000020000c10                errno
 .bss.__lock___malloc_recursive_mutex
                0x0000000020000c14        0x1 C:/ST/STM32CubeIDE_1.14.1/STM32CubeIDE/plugins/com.st.stm32cube.ide.mcu.externaltools.gnu-tools-for-stm32.11.3.rel1.win32_1.1.100.202309141235/tools/bin/../lib/gcc/arm-none-eabi/11.3.1/../../../../arm-none-eabi/lib/thumb/v7e-m+fp/hard\libc_nano.a(libc_a-lock.o)
                0x0000000020000c14                __lock___malloc_recursive_mutex
 *(COMMON)
                0x0000000020000c18                . = ALIGN (0x4)
 *fill*         0x0000000020000c15        0x3 
                0x0000000020000c18                _ebss = .
                0x0000000020000c18                __bss_end__ = _ebss

._user_heap_stack
                0x0000000020000c18      0x600 load address 0x000000000800a4c4
                0x0000000020000c18                . = ALIGN (0x8)
                [!provide]                        PROVIDE (end = .)
                0x0000000020000c18                PROVIDE (_end = .)
                0x0000000020000e18                . = (. + _Min_Heap_Size)
 *fill*         0x0000000020000c18      0x200 
                0x0000000020001218                . = (. + _Min_Stack_Size)
 *fill*         0x0000000020000e18      0x400 
                0x0000000020001218                . = ALIGN (0x8)

/DISCARD/
 libc.a(*)
 libm.a(*)
 libgcc.a(*)

.ARM.attributes
                0x0000000000000000       0x30
 *(.ARM.attributes)
 .ARM.attributes
                0x0000000000000000       0x1e C:/ST/STM32CubeIDE_1.14.1/STM32CubeIDE/plugins/com.st.stm32cube.ide.mcu.externaltools.gnu-tools-for-stm32.11.3.rel1.win32_1.1.100.202309141235/tools/bin/../lib/gcc/arm-none-eabi/11.3.1/thumb/v7e-m+fp/hard/crti.o
 .ARM.attributes
                0x000000000000001e       0x34 C:/ST/STM32CubeIDE_1.14.1/STM32CubeIDE/plugins/com.st.stm32cube.ide.mcu.externaltools.gnu-tools-for-stm32.11.3.rel1.win32_1.1.100.202309141235/tools/bin/../lib/gcc/arm-none-eabi/11.3.1/thumb/v7e-m+fp/hard/crtbegin.o
 .ARM.attributes
                0x0000000000000052       0x34 ./Core/Src/main.o
 .ARM.attributes
                0x0000000000000086       0x34 ./Core/Src/stm32f4xx_hal_msp.o
 .ARM.attributes
                0x00000000000000ba       0x34 ./Core/Src/stm32f4xx_it.o
 .ARM.attributes
                0x00000000000000ee       0x34 ./Core/Src/stm32f4xx_nucleo_bus.o
 .ARM.attributes
                0x0000000000000122       0x34 ./Core/Src/sysmem.o
 .ARM.attributes
                0x0000000000000156       0x34 ./Core/Src/system_stm32f4xx.o
 .ARM.attributes
                0x000000000000018a       0x21 ./Core/Startup/startup_stm32f401retx.o
 .ARM.attributes
                0x00000000000001ab       0x34 ./Drivers/BSP/Components/sths34pf80/sths34pf80.o
 .ARM.attributes
                0x00000000000001df       0x34 ./Drivers/BSP/Components/sths34pf80/sths34pf80_reg.o
 .ARM.attributes
                0x0000000000000213       0x34 ./Drivers/BSP/STM32F4xx_Nucleo/stm32f4xx_nucleo.o
 .ARM.attributes
                0x0000000000000247       0x34 ./Drivers/STM32F4xx_HAL_Driver/Src/stm32f4xx_hal.o
 .ARM.attributes
                0x000000000000027b       0x34 ./Drivers/STM32F4xx_HAL_Driver/Src/stm32f4xx_hal_cortex.o
 .ARM.attributes
                0x00000000000002af       0x34 ./Drivers/STM32F4xx_HAL_Driver/Src/stm32f4xx_hal_crc.o
 .ARM.attributes
                0x00000000000002e3       0x34 ./Drivers/STM32F4xx_HAL_Driver/Src/stm32f4xx_hal_dma.o
 .ARM.attributes
                0x0000000000000317       0x34 ./Drivers/STM32F4xx_HAL_Driver/Src/stm32f4xx_hal_gpio.o
 .ARM.attributes
                0x000000000000034b       0x34 ./Drivers/STM32F4xx_HAL_Driver/Src/stm32f4xx_hal_i2c.o
 .ARM.attributes
                0x000000000000037f       0x34 ./Drivers/STM32F4xx_HAL_Driver/Src/stm32f4xx_hal_rcc.o
 .ARM.attributes
                0x00000000000003b3       0x34 ./Drivers/STM32F4xx_HAL_Driver/Src/stm32f4xx_hal_rcc_ex.o
 .ARM.attributes
                0x00000000000003e7       0x34 ./Drivers/STM32F4xx_HAL_Driver/Src/stm32f4xx_hal_rtc.o
 .ARM.attributes
                0x000000000000041b       0x34 ./Drivers/STM32F4xx_HAL_Driver/Src/stm32f4xx_hal_tim.o
 .ARM.attributes
                0x000000000000044f       0x34 ./Drivers/STM32F4xx_HAL_Driver/Src/stm32f4xx_hal_tim_ex.o
 .ARM.attributes
                0x0000000000000483       0x34 ./Drivers/STM32F4xx_HAL_Driver/Src/stm32f4xx_hal_uart.o
 .ARM.attributes
                0x00000000000004b7       0x34 ./MEMS/App/app_mems.o
 .ARM.attributes
                0x00000000000004eb       0x34 ./MEMS/Target/com.o
 .ARM.attributes
                0x000000000000051f       0x34 ./MEMS/Target/custom_env_sensors.o
 .ARM.attributes
                0x0000000000000553       0x34 ./MEMS/Target/custom_env_sensors_ex.o
 .ARM.attributes
                0x0000000000000587       0x34 ./MEMS/Target/custom_mems_control.o
 .ARM.attributes
                0x00000000000005bb       0x34 ./MEMS/Target/custom_mems_control_ex.o
 .ARM.attributes
                0x00000000000005ef       0x34 ./MEMS/Target/demo_serial.o
 .ARM.attributes
                0x0000000000000623       0x34 ./MEMS/Target/infrared_pd_manager.o
 .ARM.attributes
                0x0000000000000657       0x34 ./MEMS/Target/serial_protocol.o
 .ARM.attributes
                0x000000000000068b       0x30 ../Middlewares/ST/STM32_InfraredPD_Library/Lib\InfraredPD_CM4F_wc32_ot_hard.a(infrared_pd.o)
 .ARM.attributes
                0x00000000000006bb       0x34 C:/ST/STM32CubeIDE_1.14.1/STM32CubeIDE/plugins/com.st.stm32cube.ide.mcu.externaltools.gnu-tools-for-stm32.11.3.rel1.win32_1.1.100.202309141235/tools/bin/../lib/gcc/arm-none-eabi/11.3.1/../../../../arm-none-eabi/lib/thumb/v7e-m+fp/hard\libc_nano.a(libc_a-malloc.o)