Archive member included to satisfy reference by file (symbol)

../Middlewares/ST/STM32_InfraredPD_Library/Lib\InfraredPD_CM4F_wc32_ot_hard.a(infrared_pd.o)
                              ./MEMS/Target/infrared_pd_manager.o (InfraredPD_Initialize)
C:/ST/STM32CubeIDE_1.14.1/STM32CubeIDE/plugins/com.st.stm32cube.ide.mcu.externaltools.gnu-tools-for-stm32.11.3.rel1.win32_1.1.100.202309141235/tools/bin/../lib/gcc/arm-none-eabi/11.3.1/../../../../arm-none-eabi/lib/thumb/v7e-m+fp/hard\libc_nano.a(libc_a-exit.o)
                              C:/ST/STM32CubeIDE_1.14.1/STM32CubeIDE/plugins/com.st.stm32cube.ide.mcu.externaltools.gnu-tools-for-stm32.11.3.rel1.win32_1.1.100.202309141235/tools/bin/../lib/gcc/arm-none-eabi/11.3.1/../../../../arm-none-eabi/lib/thumb/v7e-m+fp/hard/crt0.o (exit)
C:/ST/STM32CubeIDE_1.14.1/STM32CubeIDE/plugins/com.st.stm32cube.ide.mcu.externaltools.gnu-tools-for-stm32.11.3.rel1.win32_1.1.100.202309141235/tools/bin/../lib/gcc/arm-none-eabi/11.3.1/../../../../arm-none-eabi/lib/thumb/v7e-m+fp/hard\libc_nano.a(libc_a-malloc.o)
                              ../Middlewares/ST/STM32_InfraredPD_Library/Lib\InfraredPD_CM4F_wc32_ot_hard.a(infrared_pd.o) (malloc)
C:/ST/STM32CubeIDE_1.14.1/STM32CubeIDE/plugins/com.st.stm32cube.ide.mcu.externaltools.gnu-tools-for-stm32.11.3.rel1.win32_1.1.100.202309141235/tools/bin/../lib/gcc/arm-none-eabi/11.3.1/../../../../arm-none-eabi/lib/thumb/v7e-m+fp/hard\libc_nano.a(libc_a-mallocr.o)
                              C:/ST/STM32CubeIDE_1.14.1/STM32CubeIDE/plugins/com.st.stm32cube.ide.mcu.externaltools.gnu-tools-for-stm32.11.3.rel1.win32_1.1.100.202309141235/tools/bin/../lib/gcc/arm-none-eabi/11.3.1/../../../../arm-none-eabi/lib/thumb/v7e-m+fp/hard\libc_nano.a(libc_a-malloc.o) (_malloc_r)
C:/ST/STM32CubeIDE_1.14.1/STM32CubeIDE/plugins/com.st.stm32cube.ide.mcu.externaltools.gnu-tools-for-stm32.11.3.rel1.win32_1.1.100.202309141235/tools/bin/../lib/gcc/arm-none-eabi/11.3.1/../../../../arm-none-eabi/lib/thumb/v7e-m+fp/hard\libc_nano.a(libc_a-mlock.o)
                              C:/ST/STM32CubeIDE_1.14.1/STM32CubeIDE/plugins/com.st.stm32cube.ide.mcu.externaltools.gnu-tools-for-stm32.11.3.rel1.win32_1.1.100.202309141235/tools/bin/../lib/gcc/arm-none-eabi/11.3.1/../../../../arm-none-eabi/lib/thumb/v7e-m+fp/hard\libc_nano.a(libc_a-mallocr.o) (__malloc_lock)
C:/ST/STM32CubeIDE_1.14.1/STM32CubeIDE/plugins/com.st.stm32cube.ide.mcu.externaltools.gnu-tools-for-stm32.11.3.rel1.win32_1.1.100.202309141235/tools/bin/../lib/gcc/arm-none-eabi/11.3.1/../../../../arm-none-eabi/lib/thumb/v7e-m+fp/hard\libc_nano.a(libc_a-findfp.o)
                              C:/ST/STM32CubeIDE_1.14.1/STM32CubeIDE/plugins/com.st.stm32cube.ide.mcu.externaltools.gnu-tools-for-stm32.11.3.rel1.win32_1.1.100.202309141235/tools/bin/../lib/gcc/arm-none-eabi/11.3.1/../../../../arm-none-eabi/lib/thumb/v7e-m+fp/hard\libc_nano.a(libc_a-exit.o) (__stdio_exit_handler)
C:/ST/STM32CubeIDE_1.14.1/STM32CubeIDE/plugins/com.st.stm32cube.ide.mcu.externaltools.gnu-tools-for-stm32.11.3.rel1.win32_1.1.100.202309141235/tools/bin/../lib/gcc/arm-none-eabi/11.3.1/../../../../arm-none-eabi/lib/thumb/v7e-m+fp/hard\libc_nano.a(libc_a-fwalk.o)
                              C:/ST/STM32CubeIDE_1.14.1/STM32CubeIDE/plugins/com.st.stm32cube.ide.mcu.externaltools.gnu-tools-for-stm32.11.3.rel1.win32_1.1.100.202309141235/tools/bin/../lib/gcc/arm-none-eabi/11.3.1/../../../../arm-none-eabi/lib/thumb/v7e-m+fp/hard\libc_nano.a(libc_a-findfp.o) (_fwalk_sglue)
C:/ST/STM32CubeIDE_1.14.1/STM32CubeIDE/plugins/com.st.stm32cube.ide.mcu.externaltools.gnu-tools-for-stm32.11.3.rel1.win32_1.1.100.202309141235/tools/bin/../lib/gcc/arm-none-eabi/11.3.1/../../../../arm-none-eabi/lib/thumb/v7e-m+fp/hard\libc_nano.a(libc_a-snprintf.o)
                              ./MEMS/Target/demo_serial.o (snprintf)
C:/ST/STM32CubeIDE_1.14.1/STM32CubeIDE/plugins/com.st.stm32cube.ide.mcu.externaltools.gnu-tools-for-stm32.11.3.rel1.win32_1.1.100.202309141235/tools/bin/../lib/gcc/arm-none-eabi/11.3.1/../../../../arm-none-eabi/lib/thumb/v7e-m+fp/hard\libc_nano.a(libc_a-stdio.o)
                              C:/ST/STM32CubeIDE_1.14.1/STM32CubeIDE/plugins/com.st.stm32cube.ide.mcu.externaltools.gnu-tools-for-stm32.11.3.rel1.win32_1.1.100.202309141235/tools/bin/../lib/gcc/arm-none-eabi/11.3.1/../../../../arm-none-eabi/lib/thumb/v7e-m+fp/hard\libc_nano.a(libc_a-findfp.o) (__sread)
C:/ST/STM32CubeIDE_1.14.1/STM32CubeIDE/plugins/com.st.stm32cube.ide.mcu.externaltools.gnu-tools-for-stm32.11.3.rel1.win32_1.1.100.202309141235/tools/bin/../lib/gcc/arm-none-eabi/11.3.1/../../../../arm-none-eabi/lib/thumb/v7e-m+fp/hard\libc_nano.a(libc_a-memset.o)
                              C:/ST/STM32CubeIDE_1.14.1/STM32CubeIDE/plugins/com.st.stm32cube.ide.mcu.externaltools.gnu-tools-for-stm32.11.3.rel1.win32_1.1.100.202309141235/tools/bin/../lib/gcc/arm-none-eabi/11.3.1/../../../../arm-none-eabi/lib/thumb/v7e-m+fp/hard/crt0.o (memset)
[...]
Memory Configuration

Name             Origin             Length             Attributes
RAM              0x0000000020000000 0x0000000000018000 xrw
FLASH            0x0000000008000000 0x0000000000080000 xr
*default*        0x0000000000000000 0xffffffffffffffff

Linker script and memory map

LOAD C:/ST/STM32CubeIDE_1.14.1/STM32CubeIDE/plugins/com.st.stm32cube.ide.mcu.externaltools.gnu-tools-for-stm32.11.3.rel1.win32_1.1.100.202309141235/tools/bin/../lib/gcc/arm-none-eabi/11.3.1/thumb/v7e-m+fp/hard/crti.o
LOAD C:/ST/STM32CubeIDE_1.14.1/STM32CubeIDE/plugins/com.st.stm32cube.ide.mcu.externaltools.gnu-tools-for-stm32.11.3.rel1.win32_1.1.100.202309141235/tools/bin/../lib/gcc/arm-none-eabi/11.3.1/thumb/v7e-m+fp/hard/crtbegin.o
LOAD C:/ST/STM32CubeIDE_1.14.1/STM32CubeIDE/plugins/com.st.stm32cube.ide.mcu.externaltools.gnu-tools-for-stm32.11.3.rel1.win32_1.1.100.202309141235/tools/bin/../lib/gcc/arm-none-eabi/11.3.1/../../../../arm-none-eabi/lib/thumb/v7e-m+fp/hard/crt0.o
LOAD ./Core/Src/main.o
LOAD ./Core/Src/stm32f4xx_hal_msp.o
LOAD ./Core/Src/stm32f4xx_it.o
LOAD ./Core/Src/stm32f4xx_nucleo_bus.o
LOAD ./Core/Src/syscalls.o
LOAD ./Core/Src/sysmem.o
LOAD ./Core/Src/system_stm32f4xx.o
LOAD ./Core/Startup/startup_stm32f401retx.o
LOAD ./Drivers/BSP/Components/sths34pf80/sths34pf80.o
LOAD ./Drivers/BSP/Components/sths34pf80/sths34pf80_reg.o
LOAD ./Drivers/BSP/STM32F4xx_Nucleo/stm32f4xx_nucleo.o
LOAD ./Drivers/STM32F4xx_HAL_Driver/Src/stm32f4xx_hal.o
LOAD ./Drivers/STM32F4xx_HAL_Driver/Src/stm32f4xx_hal_cortex.o
LOAD ./Drivers/STM32F4xx_HAL_Driver/Src/stm32f4xx_hal_crc.o
LOAD ./Drivers/STM32F4xx_HAL_Driver/Src/stm32f4xx_hal_dma.o
LOAD ./Drivers/STM32F4xx_HAL_Driver/Src/stm32f4xx_hal_dma_ex.o
LOAD ./Drivers/STM32F4xx_HAL_Driver/Src/stm32f4xx_hal_exti.o
LOAD ./Drivers/STM32F4xx_HAL_Driver/Src/stm32f4xx_hal_flash.o
LOAD ./Drivers/STM32F4xx_HAL_Driver/Src/stm32f4xx_hal_flash_ex.o
LOAD ./Drivers/STM32F4xx_HAL_Driver/Src/stm32f4xx_hal_flash_ramfunc.o
LOAD ./Drivers/STM32F4xx_HAL_Driver/Src/stm32f4xx_hal_gpio.o
LOAD ./Drivers/STM32F4xx_HAL_Driver/Src/stm32f4xx_hal_i2c.o
LOAD ./Drivers/STM32F4xx_HAL_Driver/Src/stm32f4xx_hal_i2c_ex.o
LOAD ./Drivers/STM32F4xx_HAL_Driver/Src/stm32f4xx_hal_pwr.o
LOAD ./Drivers/STM32F4xx_HAL_Driver/Src/stm32f4xx_hal_pwr_ex.o
LOAD ./Drivers/STM32F4xx_HAL_Driver/Src/stm32f4xx_hal_rcc.o
LOAD ./Drivers/STM32F4xx_HAL_Driver/Src/stm32f4xx_hal_rcc_ex.o
LOAD ./Drivers/STM32F4xx_HAL_Driver/Src/stm32f4xx_hal_rtc.o
LOAD ./Drivers/STM32F4xx_HAL_Driver/Src/stm32f4xx_hal_rtc_ex.o
LOAD ./Drivers/STM32F4xx_HAL_Driver/Src/stm32f4xx_hal_tim.o
LOAD ./Drivers/STM32F4xx_HAL_Driver/Src/stm32f4xx_hal_tim_ex.o
LOAD ./Drivers/STM32F4xx_HAL_Driver/Src/stm32f4xx_hal_uart.o
LOAD ./MEMS/App/app_mems.o
LOAD ./MEMS/Target/com.o
LOAD ./MEMS/Target/custom_env_sensors.o
LOAD ./MEMS/Target/custom_env_sensors_ex.o
LOAD ./MEMS/Target/custom_mems_control.o
LOAD ./MEMS/Target/custom_mems_control_ex.o
LOAD ./MEMS/Target/demo_serial.o
LOAD ./MEMS/Target/infrared_pd_manager.o
LOAD ./MEMS/Target/serial_protocol.o
LOAD ../Middlewares/ST/STM32_InfraredPD_Library/Lib\InfraredPD_CM4F_wc32_ot_hard.a
START GROUP
LOAD C:/ST/STM32CubeIDE_1.14.1/STM32CubeIDE/plugins/com.st.stm32cube.ide.mcu.externaltools.gnu-tools-for-stm32.11.3.rel1.win32_1.1.100.202309141235/tools/bin/../lib/gcc/arm-none-eabi/11.3.1/../../../../arm-none-eabi/lib/thumb/v7e-m+fp/hard\libc_nano.a
LOAD C:/ST/STM32CubeIDE_1.14.1/STM32CubeIDE/plugins/com.st.stm32cube.ide.mcu.externaltools.gnu-tools-for-stm32.11.3.rel1.win32_1.1.100.202309141235/tools/bin/../lib/gcc/arm-none-eabi/11.3.1/../../../../arm-none-eabi/lib/thumb/v7e-m+fp/hard\libm.a
END GROUP
START GROUP
LOAD C:/ST/STM32CubeIDE_1.14.1/STM32CubeIDE/plugins/com.st.stm32cube.ide.mcu.externaltools.gnu-tools-for-stm32.11.3.rel1.win32_1.1.100.202309141235/tools/bin/../lib/gcc/arm-none-eabi/11.3.1/thumb/v7e-m+fp/hard\libgcc.a
LOAD C:/ST/STM32CubeIDE_1.14.1/STM32CubeIDE/plugins/com.st.stm32cube.ide.mcu.externaltools.gnu-tools-for-stm32.11.3.rel1.win32_1.1.100.202309141235/tools/bin/../lib/gcc/arm-none-eabi/11.3.1/../../../../arm-none-eabi/lib/thumb/v7e-m+fp/hard\libc_nano.a
END GROUP
START GROUP
LOAD C:/ST/STM32CubeIDE_1.14.1/STM32CubeIDE/plugins/com.st.stm32cube.ide.mcu.externaltools.gnu-tools-for-stm32.11.3.rel1.win32_1.1.100.202309141235/tools/bin/../lib/gcc/arm-none-eabi/11.3.1/thumb/v7e-m+fp/hard\libgcc.a
LOAD C:/ST/STM32CubeIDE_1.14.1/STM32CubeIDE/plugins/com.st.stm32cube.ide.mcu.externaltools.gnu-tools-for-stm32.11.3.rel1.win32_1.1.100.202309141235/tools/bin/../lib/gcc/arm-none-eabi/11.3.1/../../../../arm-none-eabi/lib/thumb/v7e-m+fp/hard\libc_nano.a
LOAD C:/ST/STM32CubeIDE_1.14.1/STM32CubeIDE/plugins/com.st.stm32cube.ide.mcu.externaltools.gnu-tools-for-stm32.11.3.rel1.win32_1.1.100.202309141235/tools/bin/../lib/gcc/arm-none-eabi/11.3.1/../../../../arm-none-eabi/lib/thumb/v7e-m+fp/hard\libnosys.a
END GROUP
START GROUP
LOAD C:/ST/STM32CubeIDE_1.14.1/STM32CubeIDE/plugins/com.st.stm32cube.ide.mcu.externaltools.gnu-tools-for-stm32.11.3.rel1.win32_1.1.100.202309141235/tools/bin/../lib/gcc/arm-none-eabi/11.3.1/thumb/v7e-m+fp/hard\libgcc.a
LOAD C:/ST/STM32CubeIDE_1.14.1/STM32CubeIDE/plugins/com.st.stm32cube.ide.mcu.externaltools.gnu-tools-for-stm32.11.3.rel1.win32_1.1.100.202309141235/tools/bin/../lib/gcc/arm-none-eabi/11.3.1/../../../../arm-none-eabi/lib/thumb/v7e-m+fp/hard\libc_nano.a
LOAD C:/ST/STM32CubeIDE_1.14.1/STM32CubeIDE/plugins/com.st.stm32cube.ide.mcu.externaltools.gnu-tools-for-stm32.11.3.rel1.win32_1.1.100.202309141235/tools/bin/../lib/gcc/arm-none-eabi/11.3.1/../../../../arm-none-eabi/lib/thumb/v7e-m+fp/hard\libnosys.a
END GROUP
LOAD C:/ST/STM32CubeIDE_1.14.1/STM32CubeIDE/plugins/com.st.stm32cube.ide.mcu.externaltools.gnu-tools-for-stm32.11.3.rel1.win32_1.1.100.202309141235/tools/bin/../lib/gcc/arm-none-eabi/11.3.1/thumb/v7e-m+fp/hard/crtend.o
LOAD C:/ST/STM32CubeIDE_1.14.1/STM32CubeIDE/plugins/com.st.stm32cube.ide.mcu.externaltools.gnu-tools-for-stm32.11.3.rel1.win32_1.1.100.202309141235/tools/bin/../lib/gcc/arm-none-eabi/11.3.1/thumb/v7e-m+fp/hard/crtn.o
                0x0000000020018000                _estack = (ORIGIN (RAM) + LENGTH (RAM))
                0x0000000000000200                _Min_Heap_Size = 0x200
                0x0000000000000400                _Min_Stack_Size = 0x400

.isr_vector     0x0000000008000000      0x194
                0x0000000008000000                . = ALIGN (0x4)
 *(.isr_vector)
 .isr_vector    0x0000000008000000      0x194 ./Core/Startup/startup_stm32f401retx.o
                0x0000000008000000                g_pfnVectors
                0x0000000008000194                . = ALIGN (0x4)

.text           0x00000000080001a0     0xa3a8
                0x00000000080001a0                . = ALIGN (0x4)
 *(.text)
 .text          0x00000000080001a0       0x40 C:/ST/STM32CubeIDE_1.14.1/STM32CubeIDE/plugins/com.st.stm32cube.ide.mcu.externaltools.gnu-tools-for-stm32.11.3.rel1.win32_1.1.100.202309141235/tools/bin/../lib/gcc/arm-none-eabi/11.3.1/thumb/v7e-m+fp/hard/crtbegin.o
 .text          0x00000000080001e0       0xa0 C:/ST/STM32CubeIDE_1.14.1/STM32CubeIDE/plugins/com.st.stm32cube.ide.mcu.externaltools.gnu-tools-for-stm32.11.3.rel1.win32_1.1.100.202309141235/tools/bin/../lib/gcc/arm-none-eabi/11.3.1/../../../../arm-none-eabi/lib/thumb/v7e-m+fp/hard\libc_nano.a(libc_a-memchr.o)
                0x00000000080001e0                memchr
 .text          0x0000000008000280      0x254 C:/ST/STM32CubeIDE_1.14.1/STM32CubeIDE/plugins/com.st.stm32cube.ide.mcu.externaltools.gnu-tools-for-stm32.11.3.rel1.win32_1.1.100.202309141235/tools/bin/../lib/gcc/arm-none-eabi/11.3.1/thumb/v7e-m+fp/hard\libgcc.a(_arm_muldf3.o)
                0x0000000008000280                __muldf3
                0x0000000008000280                __aeabi_dmul
 .text          0x00000000080004d4      0x378 C:/ST/STM32CubeIDE_1.14.1/STM32CubeIDE/plugins/com.st.stm32cube.ide.mcu.externaltools.gnu-tools-for-stm32.11.3.rel1.win32_1.1.100.202309141235/tools/bin/../lib/gcc/arm-none-eabi/11.3.1/thumb/v7e-m+fp/hard\libgcc.a(_arm_addsubdf3.o)
                0x00000000080004d4                __aeabi_drsub
                0x00000000080004dc                __aeabi_dsub
                0x00000000080004dc                __subdf3
                0x00000000080004e0                __aeabi_dadd
                0x00000000080004e0                __adddf3
                0x0000000008000758                __floatunsidf
                0x0000000008000758                __aeabi_ui2d
                0x0000000008000778                __floatsidf
                0x0000000008000778                __aeabi_i2d
                0x000000000800079c                __aeabi_f2d
                0x000000000800079c                __extendsfdf2
                0x00000000080007e0                __floatundidf
                0x00000000080007e0                __aeabi_ul2d
                0x00000000080007f0                __floatdidf
                0x00000000080007f0                __aeabi_l2d
 .text          0x000000000800084c      0x110 C:/ST/STM32CubeIDE_1.14.1/STM32CubeIDE/plugins/com.st.stm32cube.ide.mcu.externaltools.gnu-tools-for-stm32.11.3.rel1.win32_1.1.100.202309141235/tools/bin/../lib/gcc/arm-none-eabi/11.3.1/thumb/v7e-m+fp/hard\libgcc.a(_arm_cmpdf2.o)
                0x000000000800084c                __gtdf2
                0x000000000800084c                __gedf2
                0x0000000008000854                __ltdf2
                0x0000000008000854                __ledf2
                0x000000000800085c                __nedf2
                0x000000000800085c                __eqdf2
                0x000000000800085c                __cmpdf2
                0x00000000080008d8                __aeabi_cdrcmple
                0x00000000080008e8                __aeabi_cdcmpeq
                0x00000000080008e8                __aeabi_cdcmple
                0x00000000080008f8                __aeabi_dcmpeq
                0x000000000800090c                __aeabi_dcmplt
                0x0000000008000920                __aeabi_dcmple
                0x0000000008000934                __aeabi_dcmpge
                0x0000000008000948                __aeabi_dcmpgt
 .text          0x000000000800095c       0x30 C:/ST/STM32CubeIDE_1.14.1/STM32CubeIDE/plugins/com.st.stm32cube.ide.mcu.externaltools.gnu-tools-for-stm32.11.3.rel1.win32_1.1.100.202309141235/tools/bin/../lib/gcc/arm-none-eabi/11.3.1/thumb/v7e-m+fp/hard\libgcc.a(_aeabi_uldivmod.o)
                0x000000000800095c                __aeabi_uldivmod
 .text          0x000000000800098c      0x2c8 C:/ST/STM32CubeIDE_1.14.1/STM32CubeIDE/plugins/com.st.stm32cube.ide.mcu.externaltools.gnu-tools-for-stm32.11.3.rel1.win32_1.1.100.202309141235/tools/bin/../lib/gcc/arm-none-eabi/11.3.1/thumb/v7e-m+fp/hard\libgcc.a(_udivmoddi4.o)
                0x000000000800098c                __udivmoddi4
 .text          0x0000000008000c54        0x4 C:/ST/STM32CubeIDE_1.14.1/STM32CubeIDE/plugins/com.st.stm32cube.ide.mcu.externaltools.gnu-tools-for-stm32.11.3.rel1.win32_1.1.100.202309141235/tools/bin/../lib/gcc/arm-none-eabi/11.3.1/thumb/v7e-m+fp/hard\libgcc.a(_dvmd_tls.o)
                0x0000000008000c54                __aeabi_idiv0
                0x0000000008000c54                __aeabi_ldiv0
 *(.text*)
 .text.main     0x0000000008000c58       0x54 ./Core/Src/main.o
                0x0000000008000c58                main
 .text.SystemClock_Config
                0x0000000008000cac       0xdc ./Core/Src/main.o
                0x0000000008000cac                SystemClock_Config
 .text.MX_CRC_Init
                0x0000000008000d88       0x28 ./Core/Src/main.o
 .text.MX_RTC_Init
                0x0000000008000db0       0xb4 ./Core/Src/main.o
 .text.MX_TIM2_Init
                0x0000000008000e64       0x98 ./Core/Src/main.o
 .text.MX_TIM3_Init
                0x0000000008000efc       0x9c ./Core/Src/main.o
                0x0000000008000efc                MX_TIM3_Init
 .text.MX_DMA_Init
                0x0000000008000f98       0x40 ./Core/Src/main.o
 .text.MX_GPIO_Init
                0x0000000008000fd8      0x108 ./Core/Src/main.o
 .text.stateHandler
                0x00000000080010e0       0x26 ./Core/Src/main.o
                0x00000000080010e0                stateHandler
 *fill*         0x0000000008001106        0x2 
 .text.stateA   0x0000000008001108       0x4c ./Core/Src/main.o
                0x0000000008001108                stateA
 .text.stateB   0x0000000008001154       0x4c ./Core/Src/main.o
                0x0000000008001154                stateB
 .text.Error_Handler
                0x00000000080011a0        0xa ./Core/Src/main.o
                0x00000000080011a0                Error_Handler
 *fill*         0x00000000080011aa        0x2 
 .text.HAL_MspInit
                0x00000000080011ac       0x50 ./Core/Src/stm32f4xx_hal_msp.o
                0x00000000080011ac                HAL_MspInit
 .text.HAL_CRC_MspInit
                0x00000000080011fc       0x44 ./Core/Src/stm32f4xx_hal_msp.o
                0x00000000080011fc                HAL_CRC_MspInit
 .text.HAL_RTC_MspInit
                0x0000000008001240       0x58 ./Core/Src/stm32f4xx_hal_msp.o
                0x0000000008001240                HAL_RTC_MspInit
 .text.HAL_TIM_Base_MspInit
                0x0000000008001298       0x78 ./Core/Src/stm32f4xx_hal_msp.o
                0x0000000008001298                HAL_TIM_Base_MspInit
 .text.NMI_Handler
                0x0000000008001310        0x6 ./Core/Src/stm32f4xx_it.o
                0x0000000008001310                NMI_Handler
 .text.HardFault_Handler
                0x0000000008001316        0x6 ./Core/Src/stm32f4xx_it.o
                0x0000000008001316                HardFault_Handler
 .text.MemManage_Handler
                0x000000000800131c        0x6 ./Core/Src/stm32f4xx_it.o
                0x000000000800131c                MemManage_Handler
 .text.BusFault_Handler
                0x0000000008001322        0x6 ./Core/Src/stm32f4xx_it.o
                0x0000000008001322                BusFault_Handler
 .text.UsageFault_Handler
                0x0000000008001328        0x6 ./Core/Src/stm32f4xx_it.o
                0x0000000008001328                UsageFault_Handler
 .text.SVC_Handler
                0x000000000800132e        0xe ./Core/Src/stm32f4xx_it.o
                0x000000000800132e                SVC_Handler
 .text.DebugMon_Handler
                0x000000000800133c        0xe ./Core/Src/stm32f4xx_it.o
                0x000000000800133c                DebugMon_Handler
 .text.PendSV_Handler
                0x000000000800134a        0xe ./Core/Src/stm32f4xx_it.o
                0x000000000800134a                PendSV_Handler
 .text.SysTick_Handler
                0x0000000008001358        0xc ./Core/Src/stm32f4xx_it.o
                0x0000000008001358                SysTick_Handler
 .text.DMA1_Stream5_IRQHandler
                0x0000000008001364       0x14 ./Core/Src/stm32f4xx_it.o
                0x0000000008001364                DMA1_Stream5_IRQHandler
 .text.TIM3_IRQHandler
                0x0000000008001378       0x14 ./Core/Src/stm32f4xx_it.o
                0x0000000008001378                TIM3_IRQHandler
 .text.BSP_I2C1_Init
                0x000000000800138c       0x64 ./Core/Src/stm32f4xx_nucleo_bus.o
                0x000000000800138c                BSP_I2C1_Init
 .text.BSP_I2C1_DeInit
                0x00000000080013f0       0x50 ./Core/Src/stm32f4xx_nucleo_bus.o
                0x00000000080013f0                BSP_I2C1_DeInit
 .text.BSP_I2C1_WriteReg
                0x0000000008001440       0x64 ./Core/Src/stm32f4xx_nucleo_bus.o
                0x0000000008001440                BSP_I2C1_WriteReg
 .text.BSP_I2C1_ReadReg
                0x00000000080014a4       0x64 ./Core/Src/stm32f4xx_nucleo_bus.o
                0x00000000080014a4                BSP_I2C1_ReadReg
 .text.BSP_GetTick
                0x0000000008001508        0xe ./Core/Src/stm32f4xx_nucleo_bus.o
                0x0000000008001508                BSP_GetTick
 *fill*         0x0000000008001516        0x2 
 .text.MX_I2C1_Init
                0x0000000008001518       0x68 ./Core/Src/stm32f4xx_nucleo_bus.o
                0x0000000008001518                MX_I2C1_Init
 .text.I2C1_MspInit
                0x0000000008001580       0x94 ./Core/Src/stm32f4xx_nucleo_bus.o
 .text.I2C1_MspDeInit
                0x0000000008001614       0x38 ./Core/Src/stm32f4xx_nucleo_bus.o
 .text._sbrk    0x000000000800164c       0x6c ./Core/Src/sysmem.o
                0x000000000800164c                _sbrk
 .text.SystemInit
                0x00000000080016b8       0x24 ./Core/Src/system_stm32f4xx.o
                0x00000000080016b8                SystemInit
 .text.Reset_Handler
                0x00000000080016dc       0x50 ./Core/Startup/startup_stm32f401retx.o
                0x00000000080016dc                Reset_Handler
 .text.Default_Handler
                0x000000000800172c        0x2 ./Core/Startup/startup_stm32f401retx.o
                0x000000000800172c                RTC_Alarm_IRQHandler
                0x000000000800172c                EXTI2_IRQHandler
                0x000000000800172c                SPI4_IRQHandler
                0x000000000800172c                TIM1_CC_IRQHandler
                0x000000000800172c                DMA2_Stream5_IRQHandler
                0x000000000800172c                PVD_IRQHandler
                0x000000000800172c                SDIO_IRQHandler
                0x000000000800172c                TAMP_STAMP_IRQHandler
                0x000000000800172c                EXTI3_IRQHandler
                0x000000000800172c                TIM1_UP_TIM10_IRQHandler
                0x000000000800172c                I2C3_ER_IRQHandler
                0x000000000800172c                EXTI0_IRQHandler
                0x000000000800172c                I2C2_EV_IRQHandler
                0x000000000800172c                DMA1_Stream2_IRQHandler
                0x000000000800172c                FPU_IRQHandler
                0x000000000800172c                DMA2_Stream2_IRQHandler
                0x000000000800172c                SPI1_IRQHandler
                0x000000000800172c                TIM1_BRK_TIM9_IRQHandler
                0x000000000800172c                DMA2_Stream3_IRQHandler
                0x000000000800172c                USART6_IRQHandler
                0x000000000800172c                DMA2_Stream0_IRQHandler
                0x000000000800172c                TIM4_IRQHandler
                0x000000000800172c                I2C1_EV_IRQHandler
                0x000000000800172c                DMA1_Stream6_IRQHandler
                0x000000000800172c                DMA1_Stream1_IRQHandler
                0x000000000800172c                RCC_IRQHandler
                0x000000000800172c                Default_Handler
                0x000000000800172c                EXTI15_10_IRQHandler
                0x000000000800172c                ADC_IRQHandler
                0x000000000800172c                DMA1_Stream7_IRQHandler
                0x000000000800172c                TIM5_IRQHandler
                0x000000000800172c                DMA2_Stream7_IRQHandler
                0x000000000800172c                I2C3_EV_IRQHandler
                0x000000000800172c                EXTI9_5_IRQHandler
                0x000000000800172c                RTC_WKUP_IRQHandler
                0x000000000800172c                SPI2_IRQHandler
                0x000000000800172c                DMA1_Stream0_IRQHandler
                0x000000000800172c                EXTI4_IRQHandler
                0x000000000800172c                WWDG_IRQHandler
                0x000000000800172c                TIM2_IRQHandler
                0x000000000800172c                OTG_FS_WKUP_IRQHandler
                0x000000000800172c                TIM1_TRG_COM_TIM11_IRQHandler
                0x000000000800172c                EXTI1_IRQHandler
                0x000000000800172c                USART2_IRQHandler
                0x000000000800172c                I2C2_ER_IRQHandler
                0x000000000800172c                DMA2_Stream1_IRQHandler
                0x000000000800172c                FLASH_IRQHandler
                0x000000000800172c                DMA2_Stream4_IRQHandler
                0x000000000800172c                USART1_IRQHandler
                0x000000000800172c                OTG_FS_IRQHandler
                0x000000000800172c                SPI3_IRQHandler
                0x000000000800172c                DMA1_Stream4_IRQHandler
                0x000000000800172c                I2C1_ER_IRQHandler
                0x000000000800172c                DMA2_Stream6_IRQHandler
                0x000000000800172c                DMA1_Stream3_IRQHandler
 *fill*         0x000000000800172e        0x2 
 .text.STHS34PF80_RegisterBusIO
                0x0000000008001730       0x94 ./Drivers/BSP/Components/sths34pf80/sths34pf80.o
                0x0000000008001730                STHS34PF80_RegisterBusIO
 .text.STHS34PF80_Init
                0x00000000080017c4       0x5c ./Drivers/BSP/Components/sths34pf80/sths34pf80.o
                0x00000000080017c4                STHS34PF80_Init
 .text.STHS34PF80_DeInit
                0x0000000008001820       0x36 ./Drivers/BSP/Components/sths34pf80/sths34pf80.o
                0x0000000008001820                STHS34PF80_DeInit
 .text.STHS34PF80_ReadID
                0x0000000008001856       0x36 ./Drivers/BSP/Components/sths34pf80/sths34pf80.o
                0x0000000008001856                STHS34PF80_ReadID
 .text.STHS34PF80_GetCapabilities
                0x000000000800188c       0x58 ./Drivers/BSP/Components/sths34pf80/sths34pf80.o
                0x000000000800188c                STHS34PF80_GetCapabilities
 .text.STHS34PF80_TEMP_Enable
                0x00000000080018e4       0x44 ./Drivers/BSP/Components/sths34pf80/sths34pf80.o
                0x00000000080018e4                STHS34PF80_TEMP_Enable
 .text.STHS34PF80_TEMP_Disable
                0x0000000008001928       0x58 ./Drivers/BSP/Components/sths34pf80/sths34pf80.o
                0x0000000008001928                STHS34PF80_TEMP_Disable
 .text.STHS34PF80_TEMP_GetOutputDataRate
                0x0000000008001980       0xcc ./Drivers/BSP/Components/sths34pf80/sths34pf80.o
                0x0000000008001980                STHS34PF80_TEMP_GetOutputDataRate
 .text.STHS34PF80_TEMP_SetOutputDataRate
                0x0000000008001a4c       0xce ./Drivers/BSP/Components/sths34pf80/sths34pf80.o
                0x0000000008001a4c                STHS34PF80_TEMP_SetOutputDataRate
 .text.STHS34PF80_TEMP_GetTemperature
                0x0000000008001b1a       0x28 ./Drivers/BSP/Components/sths34pf80/sths34pf80.o
                0x0000000008001b1a                STHS34PF80_TEMP_GetTemperature
 .text.STHS34PF80_GetObjectTemperatureRaw
                0x0000000008001b42       0x2c ./Drivers/BSP/Components/sths34pf80/sths34pf80.o
                0x0000000008001b42                STHS34PF80_GetObjectTemperatureRaw
 .text.STHS34PF80_GetAmbientTemperatureRaw
                0x0000000008001b6e       0x2c ./Drivers/BSP/Components/sths34pf80/sths34pf80.o
                0x0000000008001b6e                STHS34PF80_GetAmbientTemperatureRaw
 *fill*         0x0000000008001b9a        0x2 
 .text.STHS34PF80_GetAmbientTemperature
                0x0000000008001b9c       0x58 ./Drivers/BSP/Components/sths34pf80/sths34pf80.o
                0x0000000008001b9c                STHS34PF80_GetAmbientTemperature
 .text.STHS34PF80_GetAvgTmos
                0x0000000008001bf4       0xb4 ./Drivers/BSP/Components/sths34pf80/sths34pf80.o
                0x0000000008001bf4                STHS34PF80_GetAvgTmos
 .text.STHS34PF80_SetAvgTmos
                0x0000000008001ca8       0x84 ./Drivers/BSP/Components/sths34pf80/sths34pf80.o
                0x0000000008001ca8                STHS34PF80_SetAvgTmos
 .text.STHS34PF80_GetAvgT
                0x0000000008001d2c       0x7c ./Drivers/BSP/Components/sths34pf80/sths34pf80.o
                0x0000000008001d2c                STHS34PF80_GetAvgT
 .text.STHS34PF80_GetGainFactor
                0x0000000008001da8       0x58 ./Drivers/BSP/Components/sths34pf80/sths34pf80.o
                0x0000000008001da8                STHS34PF80_GetGainFactor
 .text.STHS34PF80_GetSensitivity
                0x0000000008001e00       0x2c ./Drivers/BSP/Components/sths34pf80/sths34pf80.o
                0x0000000008001e00                STHS34PF80_GetSensitivity
 .text.ReadRegWrap
                0x0000000008001e2c       0x36 ./Drivers/BSP/Components/sths34pf80/sths34pf80.o
 .text.WriteRegWrap
                0x0000000008001e62       0x36 ./Drivers/BSP/Components/sths34pf80/sths34pf80.o
 .text.sths34pf80_read_reg
                0x0000000008001e98       0x30 ./Drivers/BSP/Components/sths34pf80/sths34pf80_reg.o
                0x0000000008001e98                sths34pf80_read_reg
 .text.sths34pf80_write_reg
                0x0000000008001ec8       0x30 ./Drivers/BSP/Components/sths34pf80/sths34pf80_reg.o
                0x0000000008001ec8                sths34pf80_write_reg
 .text.sths34pf80_device_id_get
                0x0000000008001ef8       0x22 ./Drivers/BSP/Components/sths34pf80/sths34pf80_reg.o
                0x0000000008001ef8                sths34pf80_device_id_get
 .text.sths34pf80_avg_tobject_num_set
                0x0000000008001f1a       0x4c ./Drivers/BSP/Components/sths34pf80/sths34pf80_reg.o
                0x0000000008001f1a                sths34pf80_avg_tobject_num_set
 *fill*         0x0000000008001f66        0x2 
 .text.sths34pf80_avg_tobject_num_get
                0x0000000008001f68       0xa0 ./Drivers/BSP/Components/sths34pf80/sths34pf80_reg.o
                0x0000000008001f68                sths34pf80_avg_tobject_num_get
 .text.sths34pf80_avg_tambient_num_get
                0x0000000008002008       0x70 ./Drivers/BSP/Components/sths34pf80/sths34pf80_reg.o
                0x0000000008002008                sths34pf80_avg_tambient_num_get
 .text.sths34pf80_gain_mode_get
                0x0000000008002078       0x4e ./Drivers/BSP/Components/sths34pf80/sths34pf80_reg.o
                0x0000000008002078                sths34pf80_gain_mode_get
 .text.sths34pf80_tmos_sensitivity_get
                0x00000000080020c6       0x34 ./Drivers/BSP/Components/sths34pf80/sths34pf80_reg.o
                0x00000000080020c6                sths34pf80_tmos_sensitivity_get
 *fill*         0x00000000080020fa        0x2 
 .text.sths34pf80_tmos_odr_set
                0x00000000080020fc       0xf4 ./Drivers/BSP/Components/sths34pf80/sths34pf80_reg.o
                0x00000000080020fc                sths34pf80_tmos_odr_set
 .text.sths34pf80_tmos_odr_get
                0x00000000080021f0       0xac ./Drivers/BSP/Components/sths34pf80/sths34pf80_reg.o
                0x00000000080021f0                sths34pf80_tmos_odr_get
 .text.sths34pf80_block_data_update_set
                0x000000000800229c       0x4c ./Drivers/BSP/Components/sths34pf80/sths34pf80_reg.o
                0x000000000800229c                sths34pf80_block_data_update_set
 .text.sths34pf80_mem_bank_set
                0x00000000080022e8       0x4c ./Drivers/BSP/Components/sths34pf80/sths34pf80_reg.o
                0x00000000080022e8                sths34pf80_mem_bank_set
 .text.sths34pf80_tobject_raw_get
                0x0000000008002334       0x46 ./Drivers/BSP/Components/sths34pf80/sths34pf80_reg.o
                0x0000000008002334                sths34pf80_tobject_raw_get
 .text.sths34pf80_tambient_raw_get
                0x000000000800237a       0x46 ./Drivers/BSP/Components/sths34pf80/sths34pf80_reg.o
                0x000000000800237a                sths34pf80_tambient_raw_get
 .text.sths34pf80_func_cfg_write
                0x00000000080023c0      0x11e ./Drivers/BSP/Components/sths34pf80/sths34pf80_reg.o
                0x00000000080023c0                sths34pf80_func_cfg_write
 .text.sths34pf80_reset_algo
                0x00000000080024de       0x26 ./Drivers/BSP/Components/sths34pf80/sths34pf80_reg.o
                0x00000000080024de                sths34pf80_reset_algo
 .text.BSP_LED_Init
                0x0000000008002504       0x24 ./Drivers/BSP/STM32F4xx_Nucleo/stm32f4xx_nucleo.o
                0x0000000008002504                BSP_LED_Init
 .text.BSP_LED_On
                0x0000000008002528       0x2c ./Drivers/BSP/STM32F4xx_Nucleo/stm32f4xx_nucleo.o
                0x0000000008002528                BSP_LED_On
 .text.BSP_LED_Off
                0x0000000008002554       0x2c ./Drivers/BSP/STM32F4xx_Nucleo/stm32f4xx_nucleo.o
                0x0000000008002554                BSP_LED_Off
 .text.LED_USER_GPIO_Init
                0x0000000008002580       0x84 ./Drivers/BSP/STM32F4xx_Nucleo/stm32f4xx_nucleo.o
 .text.BSP_COM_Init
                0x0000000008002604       0x7c ./Drivers/BSP/STM32F4xx_Nucleo/stm32f4xx_nucleo.o
                0x0000000008002604                BSP_COM_Init
 .text.MX_USART2_UART_Init
                0x0000000008002680       0x5c ./Drivers/BSP/STM32F4xx_Nucleo/stm32f4xx_nucleo.o
                0x0000000008002680                MX_USART2_UART_Init
 .text.USART2_MspInit
                0x00000000080026dc       0xec ./Drivers/BSP/STM32F4xx_Nucleo/stm32f4xx_nucleo.o
 .text.HAL_Init
                0x00000000080027c8       0x44 ./Drivers/STM32F4xx_HAL_Driver/Src/stm32f4xx_hal.o
                0x00000000080027c8                HAL_Init
 .text.HAL_InitTick
                0x000000000800280c       0x60 ./Drivers/STM32F4xx_HAL_Driver/Src/stm32f4xx_hal.o
                0x000000000800280c                HAL_InitTick
 .text.HAL_IncTick
                0x000000000800286c       0x28 ./Drivers/STM32F4xx_HAL_Driver/Src/stm32f4xx_hal.o
                0x000000000800286c                HAL_IncTick
 .text.HAL_GetTick
                0x0000000008002894       0x18 ./Drivers/STM32F4xx_HAL_Driver/Src/stm32f4xx_hal.o
                0x0000000008002894                HAL_GetTick
 .text.HAL_Delay
                0x00000000080028ac       0x48 ./Drivers/STM32F4xx_HAL_Driver/Src/stm32f4xx_hal.o
                0x00000000080028ac                HAL_Delay
 .text.__NVIC_SetPriorityGrouping
                0x00000000080028f4       0x48 ./Drivers/STM32F4xx_HAL_Driver/Src/stm32f4xx_hal_cortex.o
 .text.__NVIC_GetPriorityGrouping
                0x000000000800293c       0x1c ./Drivers/STM32F4xx_HAL_Driver/Src/stm32f4xx_hal_cortex.o
 .text.__NVIC_EnableIRQ
                0x0000000008002958       0x3c ./Drivers/STM32F4xx_HAL_Driver/Src/stm32f4xx_hal_cortex.o
 .text.__NVIC_SetPriority
                0x0000000008002994       0x54 ./Drivers/STM32F4xx_HAL_Driver/Src/stm32f4xx_hal_cortex.o
 .text.NVIC_EncodePriority
                0x00000000080029e8       0x66 ./Drivers/STM32F4xx_HAL_Driver/Src/stm32f4xx_hal_cortex.o
 *fill*         0x0000000008002a4e        0x2 
 .text.SysTick_Config
                0x0000000008002a50       0x44 ./Drivers/STM32F4xx_HAL_Driver/Src/stm32f4xx_hal_cortex.o
 .text.HAL_NVIC_SetPriorityGrouping
                0x0000000008002a94       0x16 ./Drivers/STM32F4xx_HAL_Driver/Src/stm32f4xx_hal_cortex.o
                0x0000000008002a94                HAL_NVIC_SetPriorityGrouping
 .text.HAL_NVIC_SetPriority
                0x0000000008002aaa       0x38 ./Drivers/STM32F4xx_HAL_Driver/Src/stm32f4xx_hal_cortex.o
                0x0000000008002aaa                HAL_NVIC_SetPriority
 .text.HAL_NVIC_EnableIRQ
                0x0000000008002ae2       0x1c ./Drivers/STM32F4xx_HAL_Driver/Src/stm32f4xx_hal_cortex.o
                0x0000000008002ae2                HAL_NVIC_EnableIRQ
 .text.HAL_SYSTICK_Config
                0x0000000008002afe       0x18 ./Drivers/STM32F4xx_HAL_Driver/Src/stm32f4xx_hal_cortex.o
                0x0000000008002afe                HAL_SYSTICK_Config
 .text.HAL_CRC_Init
                0x0000000008002b16       0x38 ./Drivers/STM32F4xx_HAL_Driver/Src/stm32f4xx_hal_crc.o
                0x0000000008002b16                HAL_CRC_Init
 *fill*         0x0000000008002b4e        0x2 
 .text.HAL_DMA_Init
                0x0000000008002b50      0x15c ./Drivers/STM32F4xx_HAL_Driver/Src/stm32f4xx_hal_dma.o
                0x0000000008002b50                HAL_DMA_Init
 .text.HAL_DMA_Start_IT
                0x0000000008002cac       0xb0 ./Drivers/STM32F4xx_HAL_Driver/Src/stm32f4xx_hal_dma.o
                0x0000000008002cac                HAL_DMA_Start_IT
 .text.HAL_DMA_IRQHandler
                0x0000000008002d5c      0x314 ./Drivers/STM32F4xx_HAL_Driver/Src/stm32f4xx_hal_dma.o
                0x0000000008002d5c                HAL_DMA_IRQHandler
 .text.DMA_SetConfig
                0x0000000008003070       0x5c ./Drivers/STM32F4xx_HAL_Driver/Src/stm32f4xx_hal_dma.o
 .text.DMA_CalcBaseAndBitshift
                0x00000000080030cc       0x6c ./Drivers/STM32F4xx_HAL_Driver/Src/stm32f4xx_hal_dma.o
 .text.DMA_CheckFifoParam
                0x0000000008003138       0xf8 ./Drivers/STM32F4xx_HAL_Driver/Src/stm32f4xx_hal_dma.o
 .text.HAL_GPIO_Init
                0x0000000008003230      0x308 ./Drivers/STM32F4xx_HAL_Driver/Src/stm32f4xx_hal_gpio.o
                0x0000000008003230                HAL_GPIO_Init
 .text.HAL_GPIO_DeInit
                0x0000000008003538      0x1c8 ./Drivers/STM32F4xx_HAL_Driver/Src/stm32f4xx_hal_gpio.o
                0x0000000008003538                HAL_GPIO_DeInit
 .text.HAL_GPIO_WritePin
                0x0000000008003700       0x32 ./Drivers/STM32F4xx_HAL_Driver/Src/stm32f4xx_hal_gpio.o
                0x0000000008003700                HAL_GPIO_WritePin
 *fill*         0x0000000008003732        0x2 
 .text.HAL_I2C_Init
                0x0000000008003734      0x288 ./Drivers/STM32F4xx_HAL_Driver/Src/stm32f4xx_hal_i2c.o
                0x0000000008003734                HAL_I2C_Init
 .text.HAL_I2C_DeInit
                0x00000000080039bc       0x5e ./Drivers/STM32F4xx_HAL_Driver/Src/stm32f4xx_hal_i2c.o
                0x00000000080039bc                HAL_I2C_DeInit
 .text.HAL_I2C_MspInit
                0x0000000008003a1a       0x14 ./Drivers/STM32F4xx_HAL_Driver/Src/stm32f4xx_hal_i2c.o
                0x0000000008003a1a                HAL_I2C_MspInit
 .text.HAL_I2C_MspDeInit
                0x0000000008003a2e       0x14 ./Drivers/STM32F4xx_HAL_Driver/Src/stm32f4xx_hal_i2c.o
                0x0000000008003a2e                HAL_I2C_MspDeInit
 *fill*         0x0000000008003a42        0x2 
 .text.HAL_I2C_Mem_Write
                0x0000000008003a44      0x1f4 ./Drivers/STM32F4xx_HAL_Driver/Src/stm32f4xx_hal_i2c.o
                0x0000000008003a44                HAL_I2C_Mem_Write
 .text.HAL_I2C_Mem_Read
                0x0000000008003c38      0x464 ./Drivers/STM32F4xx_HAL_Driver/Src/stm32f4xx_hal_i2c.o
                0x0000000008003c38                HAL_I2C_Mem_Read
 .text.HAL_I2C_GetState
                0x000000000800409c       0x1c ./Drivers/STM32F4xx_HAL_Driver/Src/stm32f4xx_hal_i2c.o
                0x000000000800409c                HAL_I2C_GetState
 .text.HAL_I2C_GetError
                0x00000000080040b8       0x18 ./Drivers/STM32F4xx_HAL_Driver/Src/stm32f4xx_hal_i2c.o
                0x00000000080040b8                HAL_I2C_GetError
 .text.I2C_RequestMemoryWrite
                0x00000000080040d0      0x12c ./Drivers/STM32F4xx_HAL_Driver/Src/stm32f4xx_hal_i2c.o
 .text.I2C_RequestMemoryRead
                0x00000000080041fc      0x1d0 ./Drivers/STM32F4xx_HAL_Driver/Src/stm32f4xx_hal_i2c.o
 .text.I2C_WaitOnFlagUntilTimeout
                0x00000000080043cc       0xf4 ./Drivers/STM32F4xx_HAL_Driver/Src/stm32f4xx_hal_i2c.o
 .text.I2C_WaitOnMasterAddressFlagUntilTimeout
                0x00000000080044c0      0x140 ./Drivers/STM32F4xx_HAL_Driver/Src/stm32f4xx_hal_i2c.o
 .text.I2C_WaitOnTXEFlagUntilTimeout
                0x0000000008004600       0x90 ./Drivers/STM32F4xx_HAL_Driver/Src/stm32f4xx_hal_i2c.o
 .text.I2C_WaitOnBTFFlagUntilTimeout
                0x0000000008004690       0x90 ./Drivers/STM32F4xx_HAL_Driver/Src/stm32f4xx_hal_i2c.o
 .text.I2C_WaitOnRXNEFlagUntilTimeout
                0x0000000008004720       0xba ./Drivers/STM32F4xx_HAL_Driver/Src/stm32f4xx_hal_i2c.o
 .text.I2C_IsAcknowledgeFailed
                0x00000000080047da       0x5e ./Drivers/STM32F4xx_HAL_Driver/Src/stm32f4xx_hal_i2c.o
 .text.HAL_RCC_OscConfig
                0x0000000008004838      0x4f0 ./Drivers/STM32F4xx_HAL_Driver/Src/stm32f4xx_hal_rcc.o
                0x0000000008004838                HAL_RCC_OscConfig
 .text.HAL_RCC_ClockConfig
                0x0000000008004d28      0x1cc ./Drivers/STM32F4xx_HAL_Driver/Src/stm32f4xx_hal_rcc.o
                0x0000000008004d28                HAL_RCC_ClockConfig
 .text.HAL_RCC_GetSysClockFreq
                0x0000000008004ef4      0x20c ./Drivers/STM32F4xx_HAL_Driver/Src/stm32f4xx_hal_rcc.o
                0x0000000008004ef4                HAL_RCC_GetSysClockFreq
 .text.HAL_RCC_GetHCLKFreq
                0x0000000008005100       0x18 ./Drivers/STM32F4xx_HAL_Driver/Src/stm32f4xx_hal_rcc.o
                0x0000000008005100                HAL_RCC_GetHCLKFreq
 .text.HAL_RCC_GetPCLK1Freq
                0x0000000008005118       0x28 ./Drivers/STM32F4xx_HAL_Driver/Src/stm32f4xx_hal_rcc.o
                0x0000000008005118                HAL_RCC_GetPCLK1Freq
 .text.HAL_RCC_GetPCLK2Freq
                0x0000000008005140       0x28 ./Drivers/STM32F4xx_HAL_Driver/Src/stm32f4xx_hal_rcc.o
                0x0000000008005140                HAL_RCC_GetPCLK2Freq
 .text.HAL_RCCEx_PeriphCLKConfig
                0x0000000008005168      0x1dc ./Drivers/STM32F4xx_HAL_Driver/Src/stm32f4xx_hal_rcc_ex.o
                0x0000000008005168                HAL_RCCEx_PeriphCLKConfig
 .text.HAL_RTC_Init
                0x0000000008005344      0x106 ./Drivers/STM32F4xx_HAL_Driver/Src/stm32f4xx_hal_rtc.o
                0x0000000008005344                HAL_RTC_Init
 .text.HAL_RTC_SetTime
                0x000000000800544a      0x134 ./Drivers/STM32F4xx_HAL_Driver/Src/stm32f4xx_hal_rtc.o
                0x000000000800544a                HAL_RTC_SetTime
 .text.HAL_RTC_GetTime
                0x000000000800557e       0xbc ./Drivers/STM32F4xx_HAL_Driver/Src/stm32f4xx_hal_rtc.o
                0x000000000800557e                HAL_RTC_GetTime
 .text.HAL_RTC_SetDate
                0x000000000800563a      0x108 ./Drivers/STM32F4xx_HAL_Driver/Src/stm32f4xx_hal_rtc.o
                0x000000000800563a                HAL_RTC_SetDate
 .text.HAL_RTC_GetDate
                0x0000000008005742       0x9e ./Drivers/STM32F4xx_HAL_Driver/Src/stm32f4xx_hal_rtc.o
                0x0000000008005742                HAL_RTC_GetDate
 .text.HAL_RTC_WaitForSynchro
                0x00000000080057e0       0x4c ./Drivers/STM32F4xx_HAL_Driver/Src/stm32f4xx_hal_rtc.o
                0x00000000080057e0                HAL_RTC_WaitForSynchro
 .text.RTC_EnterInitMode
                0x000000000800582c       0x6e ./Drivers/STM32F4xx_HAL_Driver/Src/stm32f4xx_hal_rtc.o
                0x000000000800582c                RTC_EnterInitMode
 .text.RTC_ExitInitMode
                0x000000000800589a       0x4a ./Drivers/STM32F4xx_HAL_Driver/Src/stm32f4xx_hal_rtc.o
                0x000000000800589a                RTC_ExitInitMode
 .text.RTC_ByteToBcd2
                0x00000000080058e4       0x3c ./Drivers/STM32F4xx_HAL_Driver/Src/stm32f4xx_hal_rtc.o
                0x00000000080058e4                RTC_ByteToBcd2
 .text.RTC_Bcd2ToByte
                0x0000000008005920       0x3c ./Drivers/STM32F4xx_HAL_Driver/Src/stm32f4xx_hal_rtc.o
                0x0000000008005920                RTC_Bcd2ToByte
 .text.HAL_TIM_Base_Init
                0x000000000800595c       0x9e ./Drivers/STM32F4xx_HAL_Driver/Src/stm32f4xx_hal_tim.o
                0x000000000800595c                HAL_TIM_Base_Init
 *fill*         0x00000000080059fa        0x2 
 .text.HAL_TIM_Base_Start_IT
                0x00000000080059fc       0xc4 ./Drivers/STM32F4xx_HAL_Driver/Src/stm32f4xx_hal_tim.o
                0x00000000080059fc                HAL_TIM_Base_Start_IT
 .text.HAL_TIM_Base_Stop_IT
                0x0000000008005ac0       0x5e ./Drivers/STM32F4xx_HAL_Driver/Src/stm32f4xx_hal_tim.o
                0x0000000008005ac0                HAL_TIM_Base_Stop_IT
 .text.HAL_TIM_IRQHandler
                0x0000000008005b1e      0x1e0 ./Drivers/STM32F4xx_HAL_Driver/Src/stm32f4xx_hal_tim.o
                0x0000000008005b1e                HAL_TIM_IRQHandler
 .text.HAL_TIM_ConfigClockSource
                0x0000000008005cfe      0x18e ./Drivers/STM32F4xx_HAL_Driver/Src/stm32f4xx_hal_tim.o
                0x0000000008005cfe                HAL_TIM_ConfigClockSource
 .text.HAL_TIM_OC_DelayElapsedCallback
                0x0000000008005e8c       0x14 ./Drivers/STM32F4xx_HAL_Driver/Src/stm32f4xx_hal_tim.o
                0x0000000008005e8c                HAL_TIM_OC_DelayElapsedCallback
 .text.HAL_TIM_IC_CaptureCallback
                0x0000000008005ea0       0x14 ./Drivers/STM32F4xx_HAL_Driver/Src/stm32f4xx_hal_tim.o
                0x0000000008005ea0                HAL_TIM_IC_CaptureCallback
 .text.HAL_TIM_PWM_PulseFinishedCallback
                0x0000000008005eb4       0x14 ./Drivers/STM32F4xx_HAL_Driver/Src/stm32f4xx_hal_tim.o
                0x0000000008005eb4                HAL_TIM_PWM_PulseFinishedCallback
 .text.HAL_TIM_TriggerCallback
                0x0000000008005ec8       0x14 ./Drivers/STM32F4xx_HAL_Driver/Src/stm32f4xx_hal_tim.o
                0x0000000008005ec8                HAL_TIM_TriggerCallback
 .text.TIM_Base_SetConfig
                0x0000000008005edc      0x118 ./Drivers/STM32F4xx_HAL_Driver/Src/stm32f4xx_hal_tim.o
                0x0000000008005edc                TIM_Base_SetConfig
 .text.TIM_TI1_ConfigInputStage
                0x0000000008005ff4       0x5e ./Drivers/STM32F4xx_HAL_Driver/Src/stm32f4xx_hal_tim.o
 .text.TIM_TI2_ConfigInputStage
                0x0000000008006052       0x60 ./Drivers/STM32F4xx_HAL_Driver/Src/stm32f4xx_hal_tim.o
 .text.TIM_ITRx_SetConfig
                0x00000000080060b2       0x36 ./Drivers/STM32F4xx_HAL_Driver/Src/stm32f4xx_hal_tim.o
 .text.TIM_ETR_SetConfig
                0x00000000080060e8       0x40 ./Drivers/STM32F4xx_HAL_Driver/Src/stm32f4xx_hal_tim.o
                0x00000000080060e8                TIM_ETR_SetConfig
 .text.HAL_TIMEx_MasterConfigSynchronization
                0x0000000008006128       0xdc ./Drivers/STM32F4xx_HAL_Driver/Src/stm32f4xx_hal_tim_ex.o
                0x0000000008006128                HAL_TIMEx_MasterConfigSynchronization
 .text.HAL_TIMEx_CommutCallback
                0x0000000008006204       0x14 ./Drivers/STM32F4xx_HAL_Driver/Src/stm32f4xx_hal_tim_ex.o
                0x0000000008006204                HAL_TIMEx_CommutCallback
 .text.HAL_TIMEx_BreakCallback
                0x0000000008006218       0x14 ./Drivers/STM32F4xx_HAL_Driver/Src/stm32f4xx_hal_tim_ex.o
                0x0000000008006218                HAL_TIMEx_BreakCallback
 .text.HAL_UART_Init
                0x000000000800622c       0xa0 ./Drivers/STM32F4xx_HAL_Driver/Src/stm32f4xx_hal_uart.o
                0x000000000800622c                HAL_UART_Init
 .text.HAL_UART_MspInit
                0x00000000080062cc       0x14 ./Drivers/STM32F4xx_HAL_Driver/Src/stm32f4xx_hal_uart.o
                0x00000000080062cc                HAL_UART_MspInit
 .text.HAL_UART_Transmit
                0x00000000080062e0      0x116 ./Drivers/STM32F4xx_HAL_Driver/Src/stm32f4xx_hal_uart.o
                0x00000000080062e0                HAL_UART_Transmit
 .text.HAL_UART_Receive_DMA
                0x00000000080063f6       0x4a ./Drivers/STM32F4xx_HAL_Driver/Src/stm32f4xx_hal_uart.o
                0x00000000080063f6                HAL_UART_Receive_DMA
 .text.HAL_UART_RxCpltCallback
                0x0000000008006440       0x14 ./Drivers/STM32F4xx_HAL_Driver/Src/stm32f4xx_hal_uart.o
                0x0000000008006440                HAL_UART_RxCpltCallback
 .text.HAL_UART_RxHalfCpltCallback
                0x0000000008006454       0x14 ./Drivers/STM32F4xx_HAL_Driver/Src/stm32f4xx_hal_uart.o
                0x0000000008006454                HAL_UART_RxHalfCpltCallback
 .text.HAL_UART_ErrorCallback
                0x0000000008006468       0x14 ./Drivers/STM32F4xx_HAL_Driver/Src/stm32f4xx_hal_uart.o
                0x0000000008006468                HAL_UART_ErrorCallback
 .text.HAL_UARTEx_RxEventCallback
                0x000000000800647c       0x18 ./Drivers/STM32F4xx_HAL_Driver/Src/stm32f4xx_hal_uart.o
                0x000000000800647c                HAL_UARTEx_RxEventCallback
 .text.UART_DMAReceiveCplt
                0x0000000008006494      0x12c ./Drivers/STM32F4xx_HAL_Driver/Src/stm32f4xx_hal_uart.o
 .text.UART_DMARxHalfCplt
                0x00000000080065c0       0x3c ./Drivers/STM32F4xx_HAL_Driver/Src/stm32f4xx_hal_uart.o
 .text.UART_DMAError
                0x00000000080065fc       0x94 ./Drivers/STM32F4xx_HAL_Driver/Src/stm32f4xx_hal_uart.o
 .text.UART_WaitOnFlagUntilTimeout
                0x0000000008006690       0xb2 ./Drivers/STM32F4xx_HAL_Driver/Src/stm32f4xx_hal_uart.o
 *fill*         0x0000000008006742        0x2 
 .text.UART_Start_Receive_DMA
                0x0000000008006744      0x134 ./Drivers/STM32F4xx_HAL_Driver/Src/stm32f4xx_hal_uart.o
                0x0000000008006744                UART_Start_Receive_DMA
 .text.UART_EndTxTransfer
                0x0000000008006878       0x50 ./Drivers/STM32F4xx_HAL_Driver/Src/stm32f4xx_hal_uart.o
 .text.UART_EndRxTransfer
                0x00000000080068c8       0xc6 ./Drivers/STM32F4xx_HAL_Driver/Src/stm32f4xx_hal_uart.o
 *fill*         0x000000000800698e        0x2 
 .text.UART_SetConfig
                0x0000000008006990      0x4e8 ./Drivers/STM32F4xx_HAL_Driver/Src/stm32f4xx_hal_uart.o
 .text.MX_MEMS_Init
                0x0000000008006e78        0xc ./MEMS/App/app_mems.o
                0x0000000008006e78                MX_MEMS_Init
 .text.MX_MEMS_Process
                0x0000000008006e84       0x3c ./MEMS/App/app_mems.o
                0x0000000008006e84                MX_MEMS_Process
 .text.HAL_TIM_PeriodElapsedCallback
                0x0000000008006ec0       0x30 ./MEMS/App/app_mems.o
                0x0000000008006ec0                HAL_TIM_PeriodElapsedCallback
 .text.MX_PresenceDetection_Init
                0x0000000008006ef0       0x84 ./MEMS/App/app_mems.o
 .text.MX_PresenceDetection_Process
                0x0000000008006f74       0xd8 ./MEMS/App/app_mems.o
 .text.Init_Sensors
                0x000000000800704c       0x2e ./MEMS/App/app_mems.o
 *fill*         0x000000000800707a        0x2 
 .text.RTC_Handler
                0x000000000800707c       0xe8 ./MEMS/App/app_mems.o
 .text.PD_Data_Handler
                0x0000000008007164       0xb0 ./MEMS/App/app_mems.o
 .text.Infrared_Sensor_Handler
                0x0000000008007214       0x5c ./MEMS/App/app_mems.o
 .text.TIM_Config
                0x0000000008007270       0x68 ./MEMS/App/app_mems.o
 .text.DWT_Init
                0x00000000080072d8       0x30 ./MEMS/App/app_mems.o
 .text.DWT_Start
                0x0000000008007308       0x24 ./MEMS/App/app_mems.o
 .text.DWT_Stop
                0x000000000800732c       0x50 ./MEMS/App/app_mems.o
 .text.UART_ReceivedMSG
                0x000000000800737c      0x16c ./MEMS/Target/com.o
                0x000000000800737c                UART_ReceivedMSG
 .text.UART_SendMsg
                0x00000000080074e8       0x38 ./MEMS/Target/com.o
                0x00000000080074e8                UART_SendMsg
 .text.UART_StartReceiveMsg
                0x0000000008007520       0x30 ./MEMS/Target/com.o
                0x0000000008007520                UART_StartReceiveMsg
 .text.Get_DMA_Flag_Status
                0x0000000008007550      0x3c4 ./MEMS/Target/com.o
 .text.Get_DMA_Counter
                0x0000000008007914       0x1a ./MEMS/Target/com.o
 *fill*         0x000000000800792e        0x2 
 .text.CUSTOM_ENV_SENSOR_Init
                0x0000000008007930      0x11c ./MEMS/Target/custom_env_sensors.o
                0x0000000008007930                CUSTOM_ENV_SENSOR_Init
 .text.CUSTOM_ENV_SENSOR_Enable
                0x0000000008007a4c       0x80 ./MEMS/Target/custom_env_sensors.o
                0x0000000008007a4c                CUSTOM_ENV_SENSOR_Enable
 .text.CUSTOM_ENV_SENSOR_Disable
                0x0000000008007acc       0x80 ./MEMS/Target/custom_env_sensors.o
                0x0000000008007acc                CUSTOM_ENV_SENSOR_Disable
 .text.CUSTOM_ENV_SENSOR_SetOutputDataRate
                0x0000000008007b4c       0x88 ./MEMS/Target/custom_env_sensors.o
                0x0000000008007b4c                CUSTOM_ENV_SENSOR_SetOutputDataRate
 .text.STHS34PF80_0_Probe
                0x0000000008007bd4      0x16c ./MEMS/Target/custom_env_sensors.o
 .text.CUSTOM_ENV_SENSOR_Get_TAmbRaw
                0x0000000008007d40       0x4c ./MEMS/Target/custom_env_sensors_ex.o
                0x0000000008007d40                CUSTOM_ENV_SENSOR_Get_TAmbRaw
 .text.CUSTOM_ENV_SENSOR_Get_TObjRaw
                0x0000000008007d8c       0x4c ./MEMS/Target/custom_env_sensors_ex.o
                0x0000000008007d8c                CUSTOM_ENV_SENSOR_Get_TObjRaw
 .text.CUSTOM_ENV_SENSOR_Get_AvgTmos
                0x0000000008007dd8       0x4c ./MEMS/Target/custom_env_sensors_ex.o
                0x0000000008007dd8                CUSTOM_ENV_SENSOR_Get_AvgTmos
 .text.CUSTOM_ENV_SENSOR_Set_AvgTmos
                0x0000000008007e24       0x50 ./MEMS/Target/custom_env_sensors_ex.o
                0x0000000008007e24                CUSTOM_ENV_SENSOR_Set_AvgTmos
 .text.CUSTOM_ENV_SENSOR_Get_AvgT
                0x0000000008007e74       0x4c ./MEMS/Target/custom_env_sensors_ex.o
                0x0000000008007e74                CUSTOM_ENV_SENSOR_Get_AvgT
 .text.CUSTOM_ENV_SENSOR_Get_GainFactor
                0x0000000008007ec0       0x4c ./MEMS/Target/custom_env_sensors_ex.o
                0x0000000008007ec0                CUSTOM_ENV_SENSOR_Get_GainFactor
 .text.CUSTOM_ENV_SENSOR_Get_Sensitivity
                0x0000000008007f0c       0x4c ./MEMS/Target/custom_env_sensors_ex.o
                0x0000000008007f0c                CUSTOM_ENV_SENSOR_Get_Sensitivity
 .text.BSP_SENSOR_ACC_Init
                0x0000000008007f58        0xe ./MEMS/Target/custom_mems_control.o
                0x0000000008007f58                BSP_SENSOR_ACC_Init
 .text.BSP_SENSOR_GYR_Init
                0x0000000008007f66        0xe ./MEMS/Target/custom_mems_control.o
                0x0000000008007f66                BSP_SENSOR_GYR_Init
 .text.BSP_SENSOR_MAG_Init
                0x0000000008007f74        0xe ./MEMS/Target/custom_mems_control.o
                0x0000000008007f74                BSP_SENSOR_MAG_Init
 .text.BSP_SENSOR_PRESS_Init
                0x0000000008007f82        0xe ./MEMS/Target/custom_mems_control.o
                0x0000000008007f82                BSP_SENSOR_PRESS_Init
 .text.BSP_SENSOR_TEMP_Init
                0x0000000008007f90       0x10 ./MEMS/Target/custom_mems_control.o
                0x0000000008007f90                BSP_SENSOR_TEMP_Init
 .text.BSP_SENSOR_HUM_Init
                0x0000000008007fa0        0xe ./MEMS/Target/custom_mems_control.o
                0x0000000008007fa0                BSP_SENSOR_HUM_Init
 .text.BSP_SENSOR_ACC_Enable
                0x0000000008007fae        0xe ./MEMS/Target/custom_mems_control.o
                0x0000000008007fae                BSP_SENSOR_ACC_Enable
 .text.BSP_SENSOR_GYR_Enable
                0x0000000008007fbc        0xe ./MEMS/Target/custom_mems_control.o
                0x0000000008007fbc                BSP_SENSOR_GYR_Enable
 .text.BSP_SENSOR_MAG_Enable
                0x0000000008007fca        0xe ./MEMS/Target/custom_mems_control.o
                0x0000000008007fca                BSP_SENSOR_MAG_Enable
 .text.BSP_SENSOR_PRESS_Enable
                0x0000000008007fd8        0xe ./MEMS/Target/custom_mems_control.o
                0x0000000008007fd8                BSP_SENSOR_PRESS_Enable
 .text.BSP_SENSOR_TEMP_Enable
                0x0000000008007fe6       0x10 ./MEMS/Target/custom_mems_control.o
                0x0000000008007fe6                BSP_SENSOR_TEMP_Enable
 .text.BSP_SENSOR_HUM_Enable
                0x0000000008007ff6        0xe ./MEMS/Target/custom_mems_control.o
                0x0000000008007ff6                BSP_SENSOR_HUM_Enable
 .text.BSP_SENSOR_ACC_Disable
                0x0000000008008004        0xe ./MEMS/Target/custom_mems_control.o
                0x0000000008008004                BSP_SENSOR_ACC_Disable
 .text.BSP_SENSOR_GYR_Disable
                0x0000000008008012        0xe ./MEMS/Target/custom_mems_control.o
                0x0000000008008012                BSP_SENSOR_GYR_Disable
 .text.BSP_SENSOR_MAG_Disable
                0x0000000008008020        0xe ./MEMS/Target/custom_mems_control.o
                0x0000000008008020                BSP_SENSOR_MAG_Disable
 .text.BSP_SENSOR_PRESS_Disable
                0x000000000800802e        0xe ./MEMS/Target/custom_mems_control.o
                0x000000000800802e                BSP_SENSOR_PRESS_Disable
 .text.BSP_SENSOR_TEMP_Disable
                0x000000000800803c       0x10 ./MEMS/Target/custom_mems_control.o
                0x000000000800803c                BSP_SENSOR_TEMP_Disable
 .text.BSP_SENSOR_HUM_Disable
                0x000000000800804c        0xe ./MEMS/Target/custom_mems_control.o
                0x000000000800804c                BSP_SENSOR_HUM_Disable
 .text.BSP_SENSOR_TEMP_SetOutputDataRate
                0x000000000800805a       0x1e ./MEMS/Target/custom_mems_control.o
                0x000000000800805a                BSP_SENSOR_TEMP_SetOutputDataRate
 .text.BSP_SENSOR_TEMP_GetTAmbRaw
                0x0000000008008078       0x18 ./MEMS/Target/custom_mems_control_ex.o
                0x0000000008008078                BSP_SENSOR_TEMP_GetTAmbRaw
 .text.BSP_SENSOR_TEMP_GetTObjRaw
                0x0000000008008090       0x18 ./MEMS/Target/custom_mems_control_ex.o
                0x0000000008008090                BSP_SENSOR_TEMP_GetTObjRaw
 .text.BSP_SENSOR_TEMP_GetAvgTmos
                0x00000000080080a8       0x18 ./MEMS/Target/custom_mems_control_ex.o
                0x00000000080080a8                BSP_SENSOR_TEMP_GetAvgTmos
 .text.BSP_SENSOR_TEMP_SetAvgTmos
                0x00000000080080c0       0x1c ./MEMS/Target/custom_mems_control_ex.o
                0x00000000080080c0                BSP_SENSOR_TEMP_SetAvgTmos
 .text.BSP_SENSOR_TEMP_GetAvgT
                0x00000000080080dc       0x18 ./MEMS/Target/custom_mems_control_ex.o
                0x00000000080080dc                BSP_SENSOR_TEMP_GetAvgT
 .text.BSP_SENSOR_TEMP_GetGainFactor
                0x00000000080080f4       0x18 ./MEMS/Target/custom_mems_control_ex.o
                0x00000000080080f4                BSP_SENSOR_TEMP_GetGainFactor
 .text.BSP_SENSOR_TEMP_GetSensitivity
                0x000000000800810c       0x18 ./MEMS/Target/custom_mems_control_ex.o
                0x000000000800810c                BSP_SENSOR_TEMP_GetSensitivity
 .text.BUILD_REPLY_HEADER
                0x0000000008008124       0x2e ./MEMS/Target/demo_serial.o
                0x0000000008008124                BUILD_REPLY_HEADER
 *fill*         0x0000000008008152        0x2 
 .text.INIT_STREAMING_HEADER
                0x0000000008008154       0x34 ./MEMS/Target/demo_serial.o
                0x0000000008008154                INIT_STREAMING_HEADER
 .text.HandleMSG
                0x0000000008008188      0x6d8 ./MEMS/Target/demo_serial.o
                0x0000000008008188                HandleMSG
 .text.RTC_DateRegulate
                0x0000000008008860       0x54 ./MEMS/Target/demo_serial.o
                0x0000000008008860                RTC_DateRegulate
 .text.RTC_TimeRegulate
                0x00000000080088b4       0x54 ./MEMS/Target/demo_serial.o
                0x00000000080088b4                RTC_TimeRegulate
 .text.Get_PresentationString
                0x0000000008008908       0x80 ./MEMS/Target/demo_serial.o
                0x0000000008008908                Get_PresentationString
 .text.InfraredPD_manager_init
                0x0000000008008988       0x78 ./MEMS/Target/infrared_pd_manager.o
                0x0000000008008988                InfraredPD_manager_init
 .text.InfraredPD_manager_run
                0x0000000008008a00       0x24 ./MEMS/Target/infrared_pd_manager.o
                0x0000000008008a00                InfraredPD_manager_run
 .text.InfraredPD_manager_get_version
                0x0000000008008a24       0x20 ./MEMS/Target/infrared_pd_manager.o
                0x0000000008008a24                InfraredPD_manager_get_version
 .text.ByteStuffCopyByte
                0x0000000008008a44       0x56 ./MEMS/Target/serial_protocol.o
                0x0000000008008a44                ByteStuffCopyByte
 .text.ByteStuffCopy
                0x0000000008008a9a       0x5c ./MEMS/Target/serial_protocol.o
                0x0000000008008a9a                ByteStuffCopy
 .text.ReverseByteStuffCopyByte2
                0x0000000008008af6       0x4e ./MEMS/Target/serial_protocol.o
                0x0000000008008af6                ReverseByteStuffCopyByte2
 .text.CHK_ComputeAndAdd
                0x0000000008008b44       0x54 ./MEMS/Target/serial_protocol.o
                0x0000000008008b44                CHK_ComputeAndAdd
 .text.CHK_CheckAndRemove
                0x0000000008008b98       0x54 ./MEMS/Target/serial_protocol.o
                0x0000000008008b98                CHK_CheckAndRemove
 .text.Deserialize
                0x0000000008008bec       0x4c ./MEMS/Target/serial_protocol.o
                0x0000000008008bec                Deserialize
 .text.Serialize_s32
                0x0000000008008c38       0x48 ./MEMS/Target/serial_protocol.o
                0x0000000008008c38                Serialize_s32
 .text.InfraredPD_Initialize
                0x0000000008008c80      0x138 ../Middlewares/ST/STM32_InfraredPD_Library/Lib\InfraredPD_CM4F_wc32_ot_hard.a(infrared_pd.o)
                0x0000000008008c80                InfraredPD_Initialize
 .text.InfraredPD_CreateInstance
                0x0000000008008db8       0x34 ../Middlewares/ST/STM32_InfraredPD_Library/Lib\InfraredPD_CM4F_wc32_ot_hard.a(infrared_pd.o)
                0x0000000008008db8                InfraredPD_CreateInstance
 .text.InfraredPD_Start
                0x0000000008008dec      0x3e4 ../Middlewares/ST/STM32_InfraredPD_Library/Lib\InfraredPD_CM4F_wc32_ot_hard.a(infrared_pd.o)
                0x0000000008008dec                InfraredPD_Start
 .text.InfraredPD_Update
                0x00000000080091d0      0x690 ../Middlewares/ST/STM32_InfraredPD_Library/Lib\InfraredPD_CM4F_wc32_ot_hard.a(infrared_pd.o)
                0x00000000080091d0                InfraredPD_Update
 .text.InfraredPD_GetLibVersion
                0x0000000008009860       0x54 ../Middlewares/ST/STM32_InfraredPD_Library/Lib\InfraredPD_CM4F_wc32_ot_hard.a(infrared_pd.o)
                0x0000000008009860                InfraredPD_GetLibVersion
 .text.malloc   0x00000000080098b4       0x10 C:/ST/STM32CubeIDE_1.14.1/STM32CubeIDE/plugins/com.st.stm32cube.ide.mcu.externaltools.gnu-tools-for-stm32.11.3.rel1.win32_1.1.100.202309141235/tools/bin/../lib/gcc/arm-none-eabi/11.3.1/../../../../arm-none-eabi/lib/thumb/v7e-m+fp/hard\libc_nano.a(libc_a-malloc.o)
                0x00000000080098b4                malloc
 .text.free     0x00000000080098c4       0x10 C:/ST/STM32CubeIDE_1.14.1/STM32CubeIDE/plugins/com.st.stm32cube.ide.mcu.externaltools.gnu-tools-for-stm32.11.3.rel1.win32_1.1.100.202309141235/tools/bin/../lib/gcc/arm-none-eabi/11.3.1/../../../../arm-none-eabi/lib/thumb/v7e-m+fp/hard\libc_nano.a(libc_a-malloc.o)
                0x00000000080098c4                free
 .text.sbrk_aligned
                0x00000000080098d4       0x40 C:/ST/STM32CubeIDE_1.14.1/STM32CubeIDE/plugins/com.st.stm32cube.ide.mcu.externaltools.gnu-tools-for-stm32.11.3.rel1.win32_1.1.100.202309141235/tools/bin/../lib/gcc/arm-none-eabi/11.3.1/../../../../arm-none-eabi/lib/thumb/v7e-m+fp/hard\libc_nano.a(libc_a-mallocr.o)
 .text._malloc_r
                0x0000000008009914      0x100 C:/ST/STM32CubeIDE_1.14.1/STM32CubeIDE/plugins/com.st.stm32cube.ide.mcu.externaltools.gnu-tools-for-stm32.11.3.rel1.win32_1.1.100.202309141235/tools/bin/../lib/gcc/arm-none-eabi/11.3.1/../../../../arm-none-eabi/lib/thumb/v7e-m+fp/hard\libc_nano.a(libc_a-mallocr.o)
                0x0000000008009914                _malloc_r
 .text.__malloc_lock
                0x0000000008009a14        0xc C:/ST/STM32CubeIDE_1.14.1/STM32CubeIDE/plugins/com.st.stm32cube.ide.mcu.externaltools.gnu-tools-for-stm32.11.3.rel1.win32_1.1.100.202309141235/tools/bin/../lib/gcc/arm-none-eabi/11.3.1/../../../../arm-none-eabi/lib/thumb/v7e-m+fp/hard\libc_nano.a(libc_a-mlock.o)
                0x0000000008009a14                __malloc_lock
 .text.__malloc_unlock
                0x0000000008009a20        0xc C:/ST/STM32CubeIDE_1.14.1/STM32CubeIDE/plugins/com.st.stm32cube.ide.mcu.externaltools.gnu-tools-for-stm32.11.3.rel1.win32_1.1.100.202309141235/tools/bin/../lib/gcc/arm-none-eabi/11.3.1/../../../../arm-none-eabi/lib/thumb/v7e-m+fp/hard\libc_nano.a(libc_a-mlock.o)
                0x0000000008009a20                __malloc_unlock
 .text.snprintf
                0x0000000008009a2c       0x68 C:/ST/STM32CubeIDE_1.14.1/STM32CubeIDE/plugins/com.st.stm32cube.ide.mcu.externaltools.gnu-tools-for-stm32.11.3.rel1.win32_1.1.100.202309141235/tools/bin/../lib/gcc/arm-none-eabi/11.3.1/../../../../arm-none-eabi/lib/thumb/v7e-m+fp/hard\libc_nano.a(libc_a-snprintf.o)
                0x0000000008009a2c                sniprintf
                0x0000000008009a2c                snprintf
 .text.memset   0x0000000008009a94       0x10 C:/ST/STM32CubeIDE_1.14.1/STM32CubeIDE/plugins/com.st.stm32cube.ide.mcu.externaltools.gnu-tools-for-stm32.11.3.rel1.win32_1.1.100.202309141235/tools/bin/../lib/gcc/arm-none-eabi/11.3.1/../../../../arm-none-eabi/lib/thumb/v7e-m+fp/hard\libc_nano.a(libc_a-memset.o)
                0x0000000008009a94                memset
 .text._sbrk_r  0x0000000008009aa4       0x20 C:/ST/STM32CubeIDE_1.14.1/STM32CubeIDE/plugins/com.st.stm32cube.ide.mcu.externaltools.gnu-tools-for-stm32.11.3.rel1.win32_1.1.100.202309141235/tools/bin/../lib/gcc/arm-none-eabi/11.3.1/../../../../arm-none-eabi/lib/thumb/v7e-m+fp/hard\libc_nano.a(libc_a-sbrkr.o)
                0x0000000008009aa4                _sbrk_r
 .text.__errno  0x0000000008009ac4        0xc C:/ST/STM32CubeIDE_1.14.1/STM32CubeIDE/plugins/com.st.stm32cube.ide.mcu.externaltools.gnu-tools-for-stm32.11.3.rel1.win32_1.1.100.202309141235/tools/bin/../lib/gcc/arm-none-eabi/11.3.1/../../../../arm-none-eabi/lib/thumb/v7e-m+fp/hard\libc_nano.a(libc_a-errno.o)
                0x0000000008009ac4                __errno
 .text.__libc_init_array
                0x0000000008009ad0       0x48 C:/ST/STM32CubeIDE_1.14.1/STM32CubeIDE/plugins/com.st.stm32cube.ide.mcu.externaltools.gnu-tools-for-stm32.11.3.rel1.win32_1.1.100.202309141235/tools/bin/../lib/gcc/arm-none-eabi/11.3.1/../../../../arm-none-eabi/lib/thumb/v7e-m+fp/hard\libc_nano.a(libc_a-init.o)
                0x0000000008009ad0                __libc_init_array
 .text.__retarget_lock_acquire_recursive
                0x0000000008009b18        0x2 C:/ST/STM32CubeIDE_1.14.1/STM32CubeIDE/plugins/com.st.stm32cube.ide.mcu.externaltools.gnu-tools-for-stm32.11.3.rel1.win32_1.1.100.202309141235/tools/bin/../lib/gcc/arm-none-eabi/11.3.1/../../../../arm-none-eabi/lib/thumb/v7e-m+fp/hard\libc_nano.a(libc_a-lock.o)
                0x0000000008009b18                __retarget_lock_acquire_recursive
 .text.__retarget_lock_release_recursive
                0x0000000008009b1a        0x2 C:/ST/STM32CubeIDE_1.14.1/STM32CubeIDE/plugins/com.st.stm32cube.ide.mcu.externaltools.gnu-tools-for-stm32.11.3.rel1.win32_1.1.100.202309141235/tools/bin/../lib/gcc/arm-none-eabi/11.3.1/../../../../arm-none-eabi/lib/thumb/v7e-m+fp/hard\libc_nano.a(libc_a-lock.o)
                0x0000000008009b1a                __retarget_lock_release_recursive
 .text._free_r  0x0000000008009b1c       0x98 C:/ST/STM32CubeIDE_1.14.1/STM32CubeIDE/plugins/com.st.stm32cube.ide.mcu.externaltools.gnu-tools-for-stm32.11.3.rel1.win32_1.1.100.202309141235/tools/bin/../lib/gcc/arm-none-eabi/11.3.1/../../../../arm-none-eabi/lib/thumb/v7e-m+fp/hard\libc_nano.a(libc_a-freer.o)
                0x0000000008009b1c                _free_r
 .text.__ssputs_r
                0x0000000008009bb4       0xb4 C:/ST/STM32CubeIDE_1.14.1/STM32CubeIDE/plugins/com.st.stm32cube.ide.mcu.externaltools.gnu-tools-for-stm32.11.3.rel1.win32_1.1.100.202309141235/tools/bin/../lib/gcc/arm-none-eabi/11.3.1/../../../../arm-none-eabi/lib/thumb/v7e-m+fp/hard\libc_nano.a(libc_a-nano-svfprintf.o)
                0x0000000008009bb4                __ssputs_r
 .text._svfprintf_r
                0x0000000008009c68      0x1fc C:/ST/STM32CubeIDE_1.14.1/STM32CubeIDE/plugins/com.st.stm32cube.ide.mcu.externaltools.gnu-tools-for-stm32.11.3.rel1.win32_1.1.100.202309141235/tools/bin/../lib/gcc/arm-none-eabi/11.3.1/../../../../arm-none-eabi/lib/thumb/v7e-m+fp/hard\libc_nano.a(libc_a-nano-svfprintf.o)
                0x0000000008009c68                _svfiprintf_r
                0x0000000008009c68                _svfprintf_r
 .text._printf_common
                0x0000000008009e64       0xda C:/ST/STM32CubeIDE_1.14.1/STM32CubeIDE/plugins/com.st.stm32cube.ide.mcu.externaltools.gnu-tools-for-stm32.11.3.rel1.win32_1.1.100.202309141235/tools/bin/../lib/gcc/arm-none-eabi/11.3.1/../../../../arm-none-eabi/lib/thumb/v7e-m+fp/hard\libc_nano.a(libc_a-nano-vfprintf_i.o)
                0x0000000008009e64                _printf_common
 *fill*         0x0000000008009f3e        0x2 
 .text._printf_i
                0x0000000008009f40      0x244 C:/ST/STM32CubeIDE_1.14.1/STM32CubeIDE/plugins/com.st.stm32cube.ide.mcu.externaltools.gnu-tools-for-stm32.11.3.rel1.win32_1.1.100.202309141235/tools/bin/../lib/gcc/arm-none-eabi/11.3.1/../../../../arm-none-eabi/lib/thumb/v7e-m+fp/hard\libc_nano.a(libc_a-nano-vfprintf_i.o)
                0x0000000008009f40                _printf_i
 .text.memmove  0x000000000800a184       0x34 C:/ST/STM32CubeIDE_1.14.1/STM32CubeIDE/plugins/com.st.stm32cube.ide.mcu.externaltools.gnu-tools-for-stm32.11.3.rel1.win32_1.1.100.202309141235/tools/bin/../lib/gcc/arm-none-eabi/11.3.1/../../../../arm-none-eabi/lib/thumb/v7e-m+fp/hard\libc_nano.a(libc_a-memmove.o)
                0x000000000800a184                memmove
 .text.memcpy   0x000000000800a1b8       0x1c C:/ST/STM32CubeIDE_1.14.1/STM32CubeIDE/plugins/com.st.stm32cube.ide.mcu.externaltools.gnu-tools-for-stm32.11.3.rel1.win32_1.1.100.202309141235/tools/bin/../lib/gcc/arm-none-eabi/11.3.1/../../../../arm-none-eabi/lib/thumb/v7e-m+fp/hard\libc_nano.a(libc_a-memcpy-stub.o)
                0x000000000800a1b8                memcpy
 .text._realloc_r
                0x000000000800a1d4       0x5e C:/ST/STM32CubeIDE_1.14.1/STM32CubeIDE/plugins/com.st.stm32cube.ide.mcu.externaltools.gnu-tools-for-stm32.11.3.rel1.win32_1.1.100.202309141235/tools/bin/../lib/gcc/arm-none-eabi/11.3.1/../../../../arm-none-eabi/lib/thumb/v7e-m+fp/hard\libc_nano.a(libc_a-reallocr.o)
                0x000000000800a1d4                _realloc_r
 .text._malloc_usable_size_r
                0x000000000800a232       0x10 C:/ST/STM32CubeIDE_1.14.1/STM32CubeIDE/plugins/com.st.stm32cube.ide.mcu.externaltools.gnu-tools-for-stm32.11.3.rel1.win32_1.1.100.202309141235/tools/bin/../lib/gcc/arm-none-eabi/11.3.1/../../../../arm-none-eabi/lib/thumb/v7e-m+fp/hard\libc_nano.a(libc_a-msizer.o)
                0x000000000800a232                _malloc_usable_size_r
 *fill*         0x000000000800a242        0x2 
 .text.expf     0x000000000800a244       0x6c C:/ST/STM32CubeIDE_1.14.1/STM32CubeIDE/plugins/com.st.stm32cube.ide.mcu.externaltools.gnu-tools-for-stm32.11.3.rel1.win32_1.1.100.202309141235/tools/bin/../lib/gcc/arm-none-eabi/11.3.1/../../../../arm-none-eabi/lib/thumb/v7e-m+fp/hard\libm.a(libm_a-wf_exp.o)
                0x000000000800a244                expf
 .text.finitef  0x000000000800a2b0       0x1a C:/ST/STM32CubeIDE_1.14.1/STM32CubeIDE/plugins/com.st.stm32cube.ide.mcu.externaltools.gnu-tools-for-stm32.11.3.rel1.win32_1.1.100.202309141235/tools/bin/../lib/gcc/arm-none-eabi/11.3.1/../../../../arm-none-eabi/lib/thumb/v7e-m+fp/hard\libm.a(libm_a-sf_finite.o)
                0x000000000800a2b0                finitef
 *fill*         0x000000000800a2ca        0x2 
 .text.ceilf    0x000000000800a2cc       0x84 C:/ST/STM32CubeIDE_1.14.1/STM32CubeIDE/plugins/com.st.stm32cube.ide.mcu.externaltools.gnu-tools-for-stm32.11.3.rel1.win32_1.1.100.202309141235/tools/bin/../lib/gcc/arm-none-eabi/11.3.1/../../../../arm-none-eabi/lib/thumb/v7e-m+fp/hard\libm.a(libm_a-sf_ceil.o)
                0x000000000800a2cc                ceilf
 .text.__ieee754_expf
                0x000000000800a350      0x19c C:/ST/STM32CubeIDE_1.14.1/STM32CubeIDE/plugins/com.st.stm32cube.ide.mcu.externaltools.gnu-tools-for-stm32.11.3.rel1.win32_1.1.100.202309141235/tools/bin/../lib/gcc/arm-none-eabi/11.3.1/../../../../arm-none-eabi/lib/thumb/v7e-m+fp/hard\libm.a(libm_a-ef_exp.o)
                0x000000000800a350                __ieee754_expf
 .text.with_errnof
                0x000000000800a4ec       0x16 C:/ST/STM32CubeIDE_1.14.1/STM32CubeIDE/plugins/com.st.stm32cube.ide.mcu.externaltools.gnu-tools-for-stm32.11.3.rel1.win32_1.1.100.202309141235/tools/bin/../lib/gcc/arm-none-eabi/11.3.1/../../../../arm-none-eabi/lib/thumb/v7e-m+fp/hard\libm.a(libm_a-math_errf.o)
 .text.xflowf   0x000000000800a502       0x16 C:/ST/STM32CubeIDE_1.14.1/STM32CubeIDE/plugins/com.st.stm32cube.ide.mcu.externaltools.gnu-tools-for-stm32.11.3.rel1.win32_1.1.100.202309141235/tools/bin/../lib/gcc/arm-none-eabi/11.3.1/../../../../arm-none-eabi/lib/thumb/v7e-m+fp/hard\libm.a(libm_a-math_errf.o)
 .text.__math_uflowf
                0x000000000800a518        0xc C:/ST/STM32CubeIDE_1.14.1/STM32CubeIDE/plugins/com.st.stm32cube.ide.mcu.externaltools.gnu-tools-for-stm32.11.3.rel1.win32_1.1.100.202309141235/tools/bin/../lib/gcc/arm-none-eabi/11.3.1/../../../../arm-none-eabi/lib/thumb/v7e-m+fp/hard\libm.a(libm_a-math_errf.o)
                0x000000000800a518                __math_uflowf
 .text.__math_oflowf
                0x000000000800a524        0xc C:/ST/STM32CubeIDE_1.14.1/STM32CubeIDE/plugins/com.st.stm32cube.ide.mcu.externaltools.gnu-tools-for-stm32.11.3.rel1.win32_1.1.100.202309141235/tools/bin/../lib/gcc/arm-none-eabi/11.3.1/../../../../arm-none-eabi/lib/thumb/v7e-m+fp/hard\libm.a(libm_a-math_errf.o)
                0x000000000800a524                __math_oflowf
 *(.glue_7)
 .glue_7        0x000000000800a530        0x0 linker stubs
 *(.glue_7t)
 .glue_7t       0x000000000800a530        0x0 linker stubs
 *(.eh_frame)
 .eh_frame      0x000000000800a530        0x0 C:/ST/STM32CubeIDE_1.14.1/STM32CubeIDE/plugins/com.st.stm32cube.ide.mcu.externaltools.gnu-tools-for-stm32.11.3.rel1.win32_1.1.100.202309141235/tools/bin/../lib/gcc/arm-none-eabi/11.3.1/thumb/v7e-m+fp/hard/crtbegin.o
 *(.init)
 .init          0x000000000800a530        0x4 C:/ST/STM32CubeIDE_1.14.1/STM32CubeIDE/plugins/com.st.stm32cube.ide.mcu.externaltools.gnu-tools-for-stm32.11.3.rel1.win32_1.1.100.202309141235/tools/bin/../lib/gcc/arm-none-eabi/11.3.1/thumb/v7e-m+fp/hard/crti.o
                0x000000000800a530                _init
 .init          0x000000000800a534        0x8 C:/ST/STM32CubeIDE_1.14.1/STM32CubeIDE/plugins/com.st.stm32cube.ide.mcu.externaltools.gnu-tools-for-stm32.11.3.rel1.win32_1.1.100.202309141235/tools/bin/../lib/gcc/arm-none-eabi/11.3.1/thumb/v7e-m+fp/hard/crtn.o
 *(.fini)
 .fini          0x000000000800a53c        0x4 C:/ST/STM32CubeIDE_1.14.1/STM32CubeIDE/plugins/com.st.stm32cube.ide.mcu.externaltools.gnu-tools-for-stm32.11.3.rel1.win32_1.1.100.202309141235/tools/bin/../lib/gcc/arm-none-eabi/11.3.1/thumb/v7e-m+fp/hard/crti.o
                0x000000000800a53c                _fini
 .fini          0x000000000800a540        0x8 C:/ST/STM32CubeIDE_1.14.1/STM32CubeIDE/plugins/com.st.stm32cube.ide.mcu.externaltools.gnu-tools-for-stm32.11.3.rel1.win32_1.1.100.202309141235/tools/bin/../lib/gcc/arm-none-eabi/11.3.1/thumb/v7e-m+fp/hard/crtn.o
                0x000000000800a548                . = ALIGN (0x4)
                0x000000000800a548                _etext = .

.vfp11_veneer   0x000000000800a548        0x0
 .vfp11_veneer  0x000000000800a548        0x0 linker stubs

.v4_bx          0x000000000800a548        0x0
 .v4_bx         0x000000000800a548        0x0 linker stubs

.iplt           0x000000000800a548        0x0
 .iplt          0x000000000800a548        0x0 C:/ST/STM32CubeIDE_1.14.1/STM32CubeIDE/plugins/com.st.stm32cube.ide.mcu.externaltools.gnu-tools-for-stm32.11.3.rel1.win32_1.1.100.202309141235/tools/bin/../lib/gcc/arm-none-eabi/11.3.1/thumb/v7e-m+fp/hard/crtbegin.o

.rodata         0x000000000800a548       0xc4
                0x000000000800a548                . = ALIGN (0x4)
 *(.rodata)
 .rodata        0x000000000800a548       0x25 ./MEMS/Target/demo_serial.o
 *fill*         0x000000000800a56d        0x3 
 .rodata        0x000000000800a570       0x2b ../Middlewares/ST/STM32_InfraredPD_Library/Lib\InfraredPD_CM4F_wc32_ot_hard.a(infrared_pd.o)
 *(.rodata*)
 *fill*         0x000000000800a59b        0x1 
 .rodata.AHBPrescTable
                0x000000000800a59c       0x10 ./Core/Src/system_stm32f4xx.o
                0x000000000800a59c                AHBPrescTable
 .rodata.APBPrescTable
                0x000000000800a5ac        0x8 ./Core/Src/system_stm32f4xx.o
                0x000000000800a5ac                APBPrescTable
 .rodata.LedGpioInit.0
                0x000000000800a5b4        0x4 ./Drivers/BSP/STM32F4xx_Nucleo/stm32f4xx_nucleo.o
 .rodata.flagBitshiftOffset.0
                0x000000000800a5b8        0x8 ./Drivers/STM32F4xx_HAL_Driver/Src/stm32f4xx_hal_dma.o
 .rodata._svfprintf_r.str1.1
                0x000000000800a5c0       0x11 C:/ST/STM32CubeIDE_1.14.1/STM32CubeIDE/plugins/com.st.stm32cube.ide.mcu.externaltools.gnu-tools-for-stm32.11.3.rel1.win32_1.1.100.202309141235/tools/bin/../lib/gcc/arm-none-eabi/11.3.1/../../../../arm-none-eabi/lib/thumb/v7e-m+fp/hard\libc_nano.a(libc_a-nano-svfprintf.o)
 .rodata._printf_i.str1.1
                0x000000000800a5d1       0x22 C:/ST/STM32CubeIDE_1.14.1/STM32CubeIDE/plugins/com.st.stm32cube.ide.mcu.externaltools.gnu-tools-for-stm32.11.3.rel1.win32_1.1.100.202309141235/tools/bin/../lib/gcc/arm-none-eabi/11.3.1/../../../../arm-none-eabi/lib/thumb/v7e-m+fp/hard\libc_nano.a(libc_a-nano-vfprintf_i.o)
 *fill*         0x000000000800a5f3        0x1 
 .rodata.halF   0x000000000800a5f4        0x8 C:/ST/STM32CubeIDE_1.14.1/STM32CubeIDE/plugins/com.st.stm32cube.ide.mcu.externaltools.gnu-tools-for-stm32.11.3.rel1.win32_1.1.100.202309141235/tools/bin/../lib/gcc/arm-none-eabi/11.3.1/../../../../arm-none-eabi/lib/thumb/v7e-m+fp/hard\libm.a(libm_a-ef_exp.o)
 .rodata.ln2HI  0x000000000800a5fc        0x8 C:/ST/STM32CubeIDE_1.14.1/STM32CubeIDE/plugins/com.st.stm32cube.ide.mcu.externaltools.gnu-tools-for-stm32.11.3.rel1.win32_1.1.100.202309141235/tools/bin/../lib/gcc/arm-none-eabi/11.3.1/../../../../arm-none-eabi/lib/thumb/v7e-m+fp/hard\libm.a(libm_a-ef_exp.o)
 .rodata.ln2LO  0x000000000800a604        0x8 C:/ST/STM32CubeIDE_1.14.1/STM32CubeIDE/plugins/com.st.stm32cube.ide.mcu.externaltools.gnu-tools-for-stm32.11.3.rel1.win32_1.1.100.202309141235/tools/bin/../lib/gcc/arm-none-eabi/11.3.1/../../../../arm-none-eabi/lib/thumb/v7e-m+fp/hard\libm.a(libm_a-ef_exp.o)
                0x000000000800a60c                . = ALIGN (0x4)

.ARM.extab      0x000000000800a60c        0x0
                0x000000000800a60c                . = ALIGN (0x4)
 *(.ARM.extab* .gnu.linkonce.armextab.*)
                0x000000000800a60c                . = ALIGN (0x4)

.ARM            0x000000000800a60c        0x8
                0x000000000800a60c                . = ALIGN (0x4)
                0x000000000800a60c                __exidx_start = .
 *(.ARM.exidx*)
 .ARM.exidx     0x000000000800a60c        0x8 C:/ST/STM32CubeIDE_1.14.1/STM32CubeIDE/plugins/com.st.stm32cube.ide.mcu.externaltools.gnu-tools-for-stm32.11.3.rel1.win32_1.1.100.202309141235/tools/bin/../lib/gcc/arm-none-eabi/11.3.1/thumb/v7e-m+fp/hard\libgcc.a(_udivmoddi4.o)
                0x000000000800a614                __exidx_end = .
                0x000000000800a614                . = ALIGN (0x4)

.rel.dyn        0x000000000800a614        0x0
 .rel.iplt      0x000000000800a614        0x0 C:/ST/STM32CubeIDE_1.14.1/STM32CubeIDE/plugins/com.st.stm32cube.ide.mcu.externaltools.gnu-tools-for-stm32.11.3.rel1.win32_1.1.100.202309141235/tools/bin/../lib/gcc/arm-none-eabi/11.3.1/thumb/v7e-m+fp/hard/crtbegin.o

.preinit_array  0x000000000800a614        0x0
                0x000000000800a614                . = ALIGN (0x4)
                0x000000000800a614                PROVIDE (__preinit_array_start = .)
 *(.preinit_array*)
                0x000000000800a614                PROVIDE (__preinit_array_end = .)
                0x000000000800a614                . = ALIGN (0x4)

.init_array     0x000000000800a614        0x4
                0x000000000800a614                . = ALIGN (0x4)
                0x000000000800a614                PROVIDE (__init_array_start = .)
 *(SORT_BY_NAME(.init_array.*))
 *(.init_array*)
 .init_array    0x000000000800a614        0x4 C:/ST/STM32CubeIDE_1.14.1/STM32CubeIDE/plugins/com.st.stm32cube.ide.mcu.externaltools.gnu-tools-for-stm32.11.3.rel1.win32_1.1.100.202309141235/tools/bin/../lib/gcc/arm-none-eabi/11.3.1/thumb/v7e-m+fp/hard/crtbegin.o
                0x000000000800a618                PROVIDE (__init_array_end = .)
                0x000000000800a618                . = ALIGN (0x4)

.fini_array     0x000000000800a618        0x4
                0x000000000800a618                . = ALIGN (0x4)
                [!provide]                        PROVIDE (__fini_array_start = .)
 *(SORT_BY_NAME(.fini_array.*))
 *(.fini_array*)
 .fini_array    0x000000000800a618        0x4 C:/ST/STM32CubeIDE_1.14.1/STM32CubeIDE/plugins/com.st.stm32cube.ide.mcu.externaltools.gnu-tools-for-stm32.11.3.rel1.win32_1.1.100.202309141235/tools/bin/../lib/gcc/arm-none-eabi/11.3.1/thumb/v7e-m+fp/hard/crtbegin.o
                [!provide]                        PROVIDE (__fini_array_end = .)
                0x000000000800a61c                . = ALIGN (0x4)
                0x000000000800a61c                _sidata = LOADADDR (.data)

.data           0x0000000020000000       0xd0 load address 0x000000000800a61c
                0x0000000020000000                . = ALIGN (0x4)
                0x0000000020000000                _sdata = .
 *(.data)
 *(.data*)
 .data.SystemCoreClock
                0x0000000020000000        0x4 ./Core/Src/system_stm32f4xx.o
                0x0000000020000000                SystemCoreClock
 .data.STHS34PF80_COMMON_Driver
                0x0000000020000004       0x10 ./Drivers/BSP/Components/sths34pf80/sths34pf80.o
                0x0000000020000004                STHS34PF80_COMMON_Driver
 .data.STHS34PF80_TEMP_Driver
                0x0000000020000014       0x14 ./Drivers/BSP/Components/sths34pf80/sths34pf80.o
                0x0000000020000014                STHS34PF80_TEMP_Driver
 .data.LED_PORT
                0x0000000020000028        0x4 ./Drivers/BSP/STM32F4xx_Nucleo/stm32f4xx_nucleo.o
 .data.COM_USART
                0x000000002000002c        0x4 ./Drivers/BSP/STM32F4xx_Nucleo/stm32f4xx_nucleo.o
                0x000000002000002c                COM_USART
 .data.uwTickPrio
                0x0000000020000030        0x4 ./Drivers/STM32F4xx_HAL_Driver/Src/stm32f4xx_hal.o
                0x0000000020000030                uwTickPrio
 .data.uwTickFreq
                0x0000000020000034        0x1 ./Drivers/STM32F4xx_HAL_Driver/Src/stm32f4xx_hal.o
                0x0000000020000034                uwTickFreq
 *fill*         0x0000000020000035        0x3 
 .data.AlgoFreq
                0x0000000020000038        0x4 ./MEMS/App/app_mems.o
                0x0000000020000038                AlgoFreq
 .data.FunctionIndex
                0x000000002000003c       0x40 ./MEMS/Target/custom_env_sensors.o
 .data.DataStreamingDest
                0x000000002000007c        0x1 ./MEMS/Target/demo_serial.o
 *fill*         0x000000002000007d        0x3 
 .data._impure_data
                0x0000000020000080       0x4c C:/ST/STM32CubeIDE_1.14.1/STM32CubeIDE/plugins/com.st.stm32cube.ide.mcu.externaltools.gnu-tools-for-stm32.11.3.rel1.win32_1.1.100.202309141235/tools/bin/../lib/gcc/arm-none-eabi/11.3.1/../../../../arm-none-eabi/lib/thumb/v7e-m+fp/hard\libc_nano.a(libc_a-impure.o)
                0x0000000020000080                _impure_data
 .data._impure_ptr
                0x00000000200000cc        0x4 C:/ST/STM32CubeIDE_1.14.1/STM32CubeIDE/plugins/com.st.stm32cube.ide.mcu.externaltools.gnu-tools-for-stm32.11.3.rel1.win32_1.1.100.202309141235/tools/bin/../lib/gcc/arm-none-eabi/11.3.1/../../../../arm-none-eabi/lib/thumb/v7e-m+fp/hard\libc_nano.a(libc_a-impure.o)
                0x00000000200000cc                _impure_ptr
 *(.RamFunc)
 *(.RamFunc*)
                0x00000000200000d0                . = ALIGN (0x4)
                0x00000000200000d0                _edata = .

.igot.plt       0x00000000200000d0        0x0 load address 0x000000000800a6ec
 .igot.plt      0x00000000200000d0        0x0 C:/ST/STM32CubeIDE_1.14.1/STM32CubeIDE/plugins/com.st.stm32cube.ide.mcu.externaltools.gnu-tools-for-stm32.11.3.rel1.win32_1.1.100.202309141235/tools/bin/../lib/gcc/arm-none-eabi/11.3.1/thumb/v7e-m+fp/hard/crtbegin.o
                0x00000000200000d0                . = ALIGN (0x4)

.bss            0x00000000200000d0      0xba0 load address 0x000000000800a6ec
                0x00000000200000d0                _sbss = .
                0x00000000200000d0                __bss_start__ = _sbss
 *(.bss)
 .bss           0x00000000200000d0       0x1c C:/ST/STM32CubeIDE_1.14.1/STM32CubeIDE/plugins/com.st.stm32cube.ide.mcu.externaltools.gnu-tools-for-stm32.11.3.rel1.win32_1.1.100.202309141235/tools/bin/../lib/gcc/arm-none-eabi/11.3.1/thumb/v7e-m+fp/hard/crtbegin.o
 .bss           0x00000000200000ec        0x1 ../Middlewares/ST/STM32_InfraredPD_Library/Lib\InfraredPD_CM4F_wc32_ot_hard.a(infrared_pd.o)
 *(.bss*)
 *fill*         0x00000000200000ed        0x3 
 .bss.hcrc      0x00000000200000f0        0x8 ./Core/Src/main.o
                0x00000000200000f0                hcrc
 .bss.hrtc      0x00000000200000f8       0x20 ./Core/Src/main.o
                0x00000000200000f8                hrtc
 .bss.htim2     0x0000000020000118       0x48 ./Core/Src/main.o
                0x0000000020000118                htim2
 .bss.htim3     0x0000000020000160       0x48 ./Core/Src/main.o
                0x0000000020000160                htim3
 .bss.personFound
                0x00000000200001a8        0x4 ./Core/Src/main.o
                0x00000000200001a8                personFound
 .bss.yellowLedFlag
                0x00000000200001ac        0x4 ./Core/Src/main.o
                0x00000000200001ac                yellowLedFlag
 .bss.redLedFlag
                0x00000000200001b0        0x4 ./Core/Src/main.o
                0x00000000200001b0                redLedFlag
 .bss.buzzerFlag
                0x00000000200001b4        0x4 ./Core/Src/main.o
                0x00000000200001b4                buzzerFlag
 .bss.lcdFlag   0x00000000200001b8        0x4 ./Core/Src/main.o
                0x00000000200001b8                lcdFlag
 .bss.hi2c1     0x00000000200001bc       0x54 ./Core/Src/stm32f4xx_nucleo_bus.o
                0x00000000200001bc                hi2c1
 .bss.I2C1InitCounter
                0x0000000020000210        0x4 ./Core/Src/stm32f4xx_nucleo_bus.o
 .bss.__sbrk_heap_end
                0x0000000020000214        0x4 ./Core/Src/sysmem.o
 .bss.hcom_uart
                0x0000000020000218       0x48 ./Drivers/BSP/STM32F4xx_Nucleo/stm32f4xx_nucleo.o
                0x0000000020000218                hcom_uart
 .bss.hdma_usart2_rx
                0x0000000020000260       0x60 ./Drivers/BSP/STM32F4xx_Nucleo/stm32f4xx_nucleo.o
                0x0000000020000260                hdma_usart2_rx
 .bss.uwTick    0x00000000200002c0        0x4 ./Drivers/STM32F4xx_HAL_Driver/Src/stm32f4xx_hal.o
                0x00000000200002c0                uwTick
 .bss.DataLoggerActive
                0x00000000200002c4        0x1 ./MEMS/App/app_mems.o
                0x00000000200002c4                DataLoggerActive
 *fill*         0x00000000200002c5        0x3 
 .bss.SensorsEnabled
                0x00000000200002c8        0x4 ./MEMS/App/app_mems.o
                0x00000000200002c8                SensorsEnabled
 .bss.LibVersion
                0x00000000200002cc       0x23 ./MEMS/App/app_mems.o
                0x00000000200002cc                LibVersion
 *fill*         0x00000000200002ef        0x1 
 .bss.LibVersionLen
                0x00000000200002f0        0x4 ./MEMS/App/app_mems.o
                0x00000000200002f0                LibVersionLen
 .bss.SensorReadRequest
                0x00000000200002f4        0x1 ./MEMS/App/app_mems.o
                0x00000000200002f4                SensorReadRequest
 .bss.UseOfflineData
                0x00000000200002f5        0x1 ./MEMS/App/app_mems.o
                0x00000000200002f5                UseOfflineData
 *fill*         0x00000000200002f6        0x2 
 .bss.OfflineData
                0x00000000200002f8      0x1a0 ./MEMS/App/app_mems.o
                0x00000000200002f8                OfflineData
 .bss.OfflineDataReadIndex
                0x0000000020000498        0x4 ./MEMS/App/app_mems.o
                0x0000000020000498                OfflineDataReadIndex
 .bss.OfflineDataWriteIndex
                0x000000002000049c        0x4 ./MEMS/App/app_mems.o
                0x000000002000049c                OfflineDataWriteIndex
 .bss.OfflineDataCount
                0x00000000200004a0        0x4 ./MEMS/App/app_mems.o
                0x00000000200004a0                OfflineDataCount
 .bss.Odr       0x00000000200004a4        0x1 ./MEMS/App/app_mems.o
                0x00000000200004a4                Odr
 *fill*         0x00000000200004a5        0x1 
 .bss.AvgTmos   0x00000000200004a6        0x2 ./MEMS/App/app_mems.o
                0x00000000200004a6                AvgTmos
 .bss.AvgT      0x00000000200004a8        0x1 ./MEMS/App/app_mems.o
                0x00000000200004a8                AvgT
 .bss.GainFactor
                0x00000000200004a9        0x1 ./MEMS/App/app_mems.o
                0x00000000200004a9                GainFactor
 .bss.Sensitivity
                0x00000000200004aa        0x2 ./MEMS/App/app_mems.o
                0x00000000200004aa                Sensitivity
 .bss.DiscardSamples
                0x00000000200004ac        0x1 ./MEMS/App/app_mems.o
                0x00000000200004ac                DiscardSamples
 *fill*         0x00000000200004ad        0x1 
 .bss.TAmbRaw   0x00000000200004ae        0x2 ./MEMS/App/app_mems.o
 .bss.TObjRaw   0x00000000200004b0        0x2 ./MEMS/App/app_mems.o
 *fill*         0x00000000200004b2        0x2 
 .bss.msg_cmd.2
                0x00000000200004b4      0x104 ./MEMS/App/app_mems.o
 .bss.msg_dat.1
                0x00000000200005b8      0x104 ./MEMS/App/app_mems.o
 .bss.data_out.0
                0x00000000200006bc        0x6 ./MEMS/App/app_mems.o
 *fill*         0x00000000200006c2        0x2 
 .bss.UartRxBuffer
                0x00000000200006c4      0x200 ./MEMS/Target/com.o
                0x00000000200006c4                UartRxBuffer
 .bss.UartEngine
                0x00000000200008c4        0x8 ./MEMS/Target/com.o
                0x00000000200008c4                UartEngine
 .bss.UartTxBuffer
                0x00000000200008cc      0x200 ./MEMS/Target/com.o
 .bss.EnvCompObj
                0x0000000020000acc        0x4 ./MEMS/Target/custom_env_sensors.o
                0x0000000020000acc                EnvCompObj
 .bss.EnvFuncDrv
                0x0000000020000ad0       0x10 ./MEMS/Target/custom_env_sensors.o
 .bss.EnvDrv    0x0000000020000ae0        0x4 ./MEMS/Target/custom_env_sensors.o
 .bss.EnvCtx    0x0000000020000ae4        0x4 ./MEMS/Target/custom_env_sensors.o
 .bss.sths34pf80_obj_0.0
                0x0000000020000ae8       0x38 ./MEMS/Target/custom_env_sensors.o
 .bss.sensors_enabled_prev.0
                0x0000000020000b20        0x4 ./MEMS/Target/demo_serial.o
 .bss.IPD_Instance
                0x0000000020000b24        0x4 ./MEMS/Target/infrared_pd_manager.o
 .bss.__malloc_free_list
                0x0000000020000b28        0x4 C:/ST/STM32CubeIDE_1.14.1/STM32CubeIDE/plugins/com.st.stm32cube.ide.mcu.externaltools.gnu-tools-for-stm32.11.3.rel1.win32_1.1.100.202309141235/tools/bin/../lib/gcc/arm-none-eabi/11.3.1/../../../../arm-none-eabi/lib/thumb/v7e-m+fp/hard\libc_nano.a(libc_a-mallocr.o)
                0x0000000020000b28                __malloc_free_list
 .bss.__malloc_sbrk_start
                0x0000000020000b2c        0x4 C:/ST/STM32CubeIDE_1.14.1/STM32CubeIDE/plugins/com.st.stm32cube.ide.mcu.externaltools.gnu-tools-for-stm32.11.3.rel1.win32_1.1.100.202309141235/tools/bin/../lib/gcc/arm-none-eabi/11.3.1/../../../../arm-none-eabi/lib/thumb/v7e-m+fp/hard\libc_nano.a(libc_a-mallocr.o)
                0x0000000020000b2c                __malloc_sbrk_start
 .bss.__sf      0x0000000020000b30      0x138 C:/ST/STM32CubeIDE_1.14.1/STM32CubeIDE/plugins/com.st.stm32cube.ide.mcu.externaltools.gnu-tools-for-stm32.11.3.rel1.win32_1.1.100.202309141235/tools/bin/../lib/gcc/arm-none-eabi/11.3.1/../../../../arm-none-eabi/lib/thumb/v7e-m+fp/hard\libc_nano.a(libc_a-findfp.o)
                0x0000000020000b30                __sf
 .bss.errno     0x0000000020000c68        0x4 C:/ST/STM32CubeIDE_1.14.1/STM32CubeIDE/plugins/com.st.stm32cube.ide.mcu.externaltools.gnu-tools-for-stm32.11.3.rel1.win32_1.1.100.202309141235/tools/bin/../lib/gcc/arm-none-eabi/11.3.1/../../../../arm-none-eabi/lib/thumb/v7e-m+fp/hard\libc_nano.a(libc_a-reent.o)
                0x0000000020000c68                errno
 .bss.__lock___malloc_recursive_mutex
                0x0000000020000c6c        0x1 C:/ST/STM32CubeIDE_1.14.1/STM32CubeIDE/plugins/com.st.stm32cube.ide.mcu.externaltools.gnu-tools-for-stm32.11.3.rel1.win32_1.1.100.202309141235/tools/bin/../lib/gcc/arm-none-eabi/11.3.1/../../../../arm-none-eabi/lib/thumb/v7e-m+fp/hard\libc_nano.a(libc_a-lock.o)
                0x0000000020000c6c                __lock___malloc_recursive_mutex
 *(COMMON)
                0x0000000020000c70                . = ALIGN (0x4)
 *fill*         0x0000000020000c6d        0x3 
                0x0000000020000c70                _ebss = .
                0x0000000020000c70                __bss_end__ = _ebss

._user_heap_stack
                0x0000000020000c70      0x600 load address 0x000000000800a6ec
                0x0000000020000c70                . = ALIGN (0x8)
                [!provide]                        PROVIDE (end = .)
                0x0000000020000c70                PROVIDE (_end = .)
                0x0000000020000e70                . = (. + _Min_Heap_Size)
 *fill*         0x0000000020000c70      0x200 
                0x0000000020001270                . = (. + _Min_Stack_Size)
 *fill*         0x0000000020000e70      0x400 
                0x0000000020001270                . = ALIGN (0x8)

/DISCARD/
 libc.a(*)
 libm.a(*)
 libgcc.a(*)

.ARM.attributes
                0x0000000000000000       0x30
 *(.ARM.attributes)
 .ARM.attributes
                0x0000000000000000       0x1e C:/ST/STM32CubeIDE_1.14.1/STM32CubeIDE/plugins/com.st.stm32cube.ide.mcu.externaltools.gnu-tools-for-stm32.11.3.rel1.win32_1.1.100.202309141235/tools/bin/../lib/gcc/arm-none-eabi/11.3.1/thumb/v7e-m+fp/hard/crti.o
 .ARM.attributes
                0x000000000000001e       0x34 C:/ST/STM32CubeIDE_1.14.1/STM32CubeIDE/plugins/com.st.stm32cube.ide.mcu.externaltools.gnu-tools-for-stm32.11.3.rel1.win32_1.1.100.202309141235/tools/bin/../lib/gcc/arm-none-eabi/11.3.1/thumb/v7e-m+fp/hard/crtbegin.o
 .ARM.attributes
                0x0000000000000052       0x34 ./Core/Src/main.o
 .ARM.attributes
                0x0000000000000086       0x34 ./Core/Src/stm32f4xx_hal_msp.o
 .ARM.attributes
                0x00000000000000ba       0x34 ./Core/Src/stm32f4xx_it.o
 .ARM.attributes
                0x00000000000000ee       0x34 ./Core/Src/stm32f4xx_nucleo_bus.o
 .ARM.attributes
                0x0000000000000122       0x34 ./Core/Src/sysmem.o
 .ARM.attributes
                0x0000000000000156       0x34 ./Core/Src/system_stm32f4xx.o
 .ARM.attributes
                0x000000000000018a       0x21 ./Core/Startup/startup_stm32f401retx.o
 .ARM.attributes
                0x00000000000001ab       0x34 ./Drivers/BSP/Components/sths34pf80/sths34pf80.o
 .ARM.attributes
                0x00000000000001df       0x34 ./Drivers/BSP/Components/sths34pf80/sths34pf80_reg.o
 .ARM.attributes
                0x0000000000000213       0x34 ./Drivers/BSP/STM32F4xx_Nucleo/stm32f4xx_nucleo.o
 .ARM.attributes
                0x0000000000000247       0x34 ./Drivers/STM32F4xx_HAL_Driver/Src/stm32f4xx_hal.o
 .ARM.attributes
                0x000000000000027b       0x34 ./Drivers/STM32F4xx_HAL_Driver/Src/stm32f4xx_hal_cortex.o
 .ARM.attributes
                0x00000000000002af       0x34 ./Drivers/STM32F4xx_HAL_Driver/Src/stm32f4xx_hal_crc.o
 .ARM.attributes
                0x00000000000002e3       0x34 ./Drivers/STM32F4xx_HAL_Driver/Src/stm32f4xx_hal_dma.o
 .ARM.attributes
                0x0000000000000317       0x34 ./Drivers/STM32F4xx_HAL_Driver/Src/stm32f4xx_hal_gpio.o
 .ARM.attributes
                0x000000000000034b       0x34 ./Drivers/STM32F4xx_HAL_Driver/Src/stm32f4xx_hal_i2c.o
 .ARM.attributes
                0x000000000000037f       0x34 ./Drivers/STM32F4xx_HAL_Driver/Src/stm32f4xx_hal_rcc.o
 .ARM.attributes
                0x00000000000003b3       0x34 ./Drivers/STM32F4xx_HAL_Driver/Src/stm32f4xx_hal_rcc_ex.o
 .ARM.attributes
                0x00000000000003e7       0x34 ./Drivers/STM32F4xx_HAL_Driver/Src/stm32f4xx_hal_rtc.o
 .ARM.attributes
                0x000000000000041b       0x34 ./Drivers/STM32F4xx_HAL_Driver/Src/stm32f4xx_hal_tim.o
 .ARM.attributes
                0x000000000000044f       0x34 ./Drivers/STM32F4xx_HAL_Driver/Src/stm32f4xx_hal_tim_ex.o
 .ARM.attributes
                0x0000000000000483       0x34 ./Drivers/STM32F4xx_HAL_Driver/Src/stm32f4xx_hal_uart.o
 .ARM.attributes
                0x00000000000004b7       0x34 ./MEMS/App/app_mems.o
 .ARM.attributes