../MEMS/App/app_mems.c:81:6:MX_MEMS_Init	8	static
../MEMS/App/app_mems.c:103:6:MX_MEMS_Process	8	static
../MEMS/App/app_mems.c:127:6:HAL_TIM_PeriodElapsedCallback	16	static
../MEMS/App/app_mems.c:140:13:MX_PresenceDetection_Init	8	static
../MEMS/App/app_mems.c:184:13:MX_PresenceDetection_Process	8	static
../MEMS/App/app_mems.c:251:13:Init_Sensors	8	static
../MEMS/App/app_mems.c:269:13:RTC_Handler	56	static
../MEMS/App/app_mems.c:310:13:PD_Data_Handler	24	static
../MEMS/App/app_mems.c:343:13:Infrared_Sensor_Handler	16	static
../MEMS/App/app_mems.c:360:13:TIM_Config	32	static
../MEMS/App/app_mems.c:382:13:DWT_Init	4	static
../MEMS/App/app_mems.c:393:13:DWT_Start	4	static
../MEMS/App/app_mems.c:404:17:DWT_Stop	16	static
