../Core/Src/main.c:90:5:main	8	static
../Core/Src/main.c:138:6:SystemClock_Config	88	static
../Core/Src/main.c:186:13:MX_CRC_Init	8	static
../Core/Src/main.c:212:13:MX_RTC_Init	32	static
../Core/Src/main.c:275:6:MX_TIM3_Init	32	static
../Core/Src/main.c:318:13:MX_DMA_Init	16	static
../Core/Src/main.c:336:13:MX_GPIO_Init	48	static
../Core/Src/main.c:362:7:stateHandler	16	static
../Core/Src/main.c:371:7:stateA	4	static
../Core/Src/main.c:379:7:stateB	4	static
../Core/Src/main.c:387:7:yellowBlink	4	static
../Core/Src/main.c:392:7:redFlash	4	static
../Core/Src/main.c:397:7:buzzer	4	static
../Core/Src/main.c:402:7:lcdControl	4	static
../Core/Src/main.c:412:6:Error_Handler	4	static,ignoring_inline_asm
