../Core/Src/main.c:98:5:main	8	static
../Core/Src/main.c:150:6:SystemClock_Config	88	static
../Core/Src/main.c:198:13:MX_CRC_Init	8	static
../Core/Src/main.c:224:13:MX_RTC_Init	32	static
../Core/Src/main.c:287:13:MX_TIM2_Init	32	static
../Core/Src/main.c:332:6:MX_TIM3_Init	32	static
../Core/Src/main.c:375:13:MX_DMA_Init	16	static
../Core/Src/main.c:393:13:MX_GPIO_Init	48	static
../Core/Src/main.c:439:7:stateHandler	16	static
../Core/Src/main.c:448:7:stateA	8	static
../Core/Src/main.c:460:7:stateB	8	static
../Core/Src/main.c:472:7:yellowBlink	4	static
../Core/Src/main.c:477:7:redFlash	4	static
../Core/Src/main.c:482:7:buzzer	4	static
../Core/Src/main.c:487:7:lcdControl	4	static
../Core/Src/main.c:497:6:Error_Handler	4	static,ignoring_inline_asm
